Archive member included to satisfy reference by file (symbol)

c:/program files (x86)/stm32cubeide_1.8.0/stm32cubeide/plugins/com.st.stm32cube.ide.mcu.externaltools.gnu-tools-for-stm32.9-2020-q2-update.win32_2.0.0.202105311346/tools/bin/../lib/gcc/arm-none-eabi/9.3.1/../../../../arm-none-eabi/lib/thumb/v7-m/nofp\libstdc++_nano.a(pure.o)
                              ./Core/Src/pcf8574.o (__cxa_pure_virtual)
c:/program files (x86)/stm32cubeide_1.8.0/stm32cubeide/plugins/com.st.stm32cube.ide.mcu.externaltools.gnu-tools-for-stm32.9-2020-q2-update.win32_2.0.0.202105311346/tools/bin/../lib/gcc/arm-none-eabi/9.3.1/../../../../arm-none-eabi/lib/thumb/v7-m/nofp\libstdc++_nano.a(eh_terminate.o)
                              c:/program files (x86)/stm32cubeide_1.8.0/stm32cubeide/plugins/com.st.stm32cube.ide.mcu.externaltools.gnu-tools-for-stm32.9-2020-q2-update.win32_2.0.0.202105311346/tools/bin/../lib/gcc/arm-none-eabi/9.3.1/../../../../arm-none-eabi/lib/thumb/v7-m/nofp\libstdc++_nano.a(pure.o) (std::terminate())
c:/program files (x86)/stm32cubeide_1.8.0/stm32cubeide/plugins/com.st.stm32cube.ide.mcu.externaltools.gnu-tools-for-stm32.9-2020-q2-update.win32_2.0.0.202105311346/tools/bin/../lib/gcc/arm-none-eabi/9.3.1/../../../../arm-none-eabi/lib/thumb/v7-m/nofp\libstdc++_nano.a(eh_unex_handler.o)
                              c:/program files (x86)/stm32cubeide_1.8.0/stm32cubeide/plugins/com.st.stm32cube.ide.mcu.externaltools.gnu-tools-for-stm32.9-2020-q2-update.win32_2.0.0.202105311346/tools/bin/../lib/gcc/arm-none-eabi/9.3.1/../../../../arm-none-eabi/lib/thumb/v7-m/nofp\libstdc++_nano.a(eh_terminate.o) (__cxxabiv1::__unexpected_handler)
c:/program files (x86)/stm32cubeide_1.8.0/stm32cubeide/plugins/com.st.stm32cube.ide.mcu.externaltools.gnu-tools-for-stm32.9-2020-q2-update.win32_2.0.0.202105311346/tools/bin/../lib/gcc/arm-none-eabi/9.3.1/../../../../arm-none-eabi/lib/thumb/v7-m/nofp\libstdc++_nano.a(eh_term_handler.o)
                              c:/program files (x86)/stm32cubeide_1.8.0/stm32cubeide/plugins/com.st.stm32cube.ide.mcu.externaltools.gnu-tools-for-stm32.9-2020-q2-update.win32_2.0.0.202105311346/tools/bin/../lib/gcc/arm-none-eabi/9.3.1/../../../../arm-none-eabi/lib/thumb/v7-m/nofp\libstdc++_nano.a(eh_terminate.o) (__cxxabiv1::__terminate_handler)
c:/program files (x86)/stm32cubeide_1.8.0/stm32cubeide/plugins/com.st.stm32cube.ide.mcu.externaltools.gnu-tools-for-stm32.9-2020-q2-update.win32_2.0.0.202105311346/tools/bin/../lib/gcc/arm-none-eabi/9.3.1/../../../../arm-none-eabi/lib/thumb/v7-m/nofp\libc_nano.a(lib_a-abort.o)
                              c:/program files (x86)/stm32cubeide_1.8.0/stm32cubeide/plugins/com.st.stm32cube.ide.mcu.externaltools.gnu-tools-for-stm32.9-2020-q2-update.win32_2.0.0.202105311346/tools/bin/../lib/gcc/arm-none-eabi/9.3.1/../../../../arm-none-eabi/lib/thumb/v7-m/nofp\libstdc++_nano.a(eh_terminate.o) (abort)
c:/program files (x86)/stm32cubeide_1.8.0/stm32cubeide/plugins/com.st.stm32cube.ide.mcu.externaltools.gnu-tools-for-stm32.9-2020-q2-update.win32_2.0.0.202105311346/tools/bin/../lib/gcc/arm-none-eabi/9.3.1/../../../../arm-none-eabi/lib/thumb/v7-m/nofp\libc_nano.a(lib_a-errno.o)
                              ./Core/Src/syscalls.o (__errno)
c:/program files (x86)/stm32cubeide_1.8.0/stm32cubeide/plugins/com.st.stm32cube.ide.mcu.externaltools.gnu-tools-for-stm32.9-2020-q2-update.win32_2.0.0.202105311346/tools/bin/../lib/gcc/arm-none-eabi/9.3.1/../../../../arm-none-eabi/lib/thumb/v7-m/nofp\libc_nano.a(lib_a-exit.o)
                              c:/program files (x86)/stm32cubeide_1.8.0/stm32cubeide/plugins/com.st.stm32cube.ide.mcu.externaltools.gnu-tools-for-stm32.9-2020-q2-update.win32_2.0.0.202105311346/tools/bin/../lib/gcc/arm-none-eabi/9.3.1/../../../../arm-none-eabi/lib/thumb/v7-m/nofp/crt0.o (exit)
c:/program files (x86)/stm32cubeide_1.8.0/stm32cubeide/plugins/com.st.stm32cube.ide.mcu.externaltools.gnu-tools-for-stm32.9-2020-q2-update.win32_2.0.0.202105311346/tools/bin/../lib/gcc/arm-none-eabi/9.3.1/../../../../arm-none-eabi/lib/thumb/v7-m/nofp\libc_nano.a(lib_a-impure.o)
                              c:/program files (x86)/stm32cubeide_1.8.0/stm32cubeide/plugins/com.st.stm32cube.ide.mcu.externaltools.gnu-tools-for-stm32.9-2020-q2-update.win32_2.0.0.202105311346/tools/bin/../lib/gcc/arm-none-eabi/9.3.1/../../../../arm-none-eabi/lib/thumb/v7-m/nofp\libc_nano.a(lib_a-exit.o) (_global_impure_ptr)
c:/program files (x86)/stm32cubeide_1.8.0/stm32cubeide/plugins/com.st.stm32cube.ide.mcu.externaltools.gnu-tools-for-stm32.9-2020-q2-update.win32_2.0.0.202105311346/tools/bin/../lib/gcc/arm-none-eabi/9.3.1/../../../../arm-none-eabi/lib/thumb/v7-m/nofp\libc_nano.a(lib_a-init.o)
                              c:/program files (x86)/stm32cubeide_1.8.0/stm32cubeide/plugins/com.st.stm32cube.ide.mcu.externaltools.gnu-tools-for-stm32.9-2020-q2-update.win32_2.0.0.202105311346/tools/bin/../lib/gcc/arm-none-eabi/9.3.1/../../../../arm-none-eabi/lib/thumb/v7-m/nofp/crt0.o (__libc_init_array)
[...]
Memory Configuration

Name             Origin             Length             Attributes
RAM              0x0000000020000000 0x0000000000005000 xrw
FLASH            0x0000000008000000 0x0000000000010000 xr
*default*        0x0000000000000000 0xffffffffffffffff

Linker script and memory map

LOAD c:/program files (x86)/stm32cubeide_1.8.0/stm32cubeide/plugins/com.st.stm32cube.ide.mcu.externaltools.gnu-tools-for-stm32.9-2020-q2-update.win32_2.0.0.202105311346/tools/bin/../lib/gcc/arm-none-eabi/9.3.1/thumb/v7-m/nofp/crti.o
LOAD c:/program files (x86)/stm32cubeide_1.8.0/stm32cubeide/plugins/com.st.stm32cube.ide.mcu.externaltools.gnu-tools-for-stm32.9-2020-q2-update.win32_2.0.0.202105311346/tools/bin/../lib/gcc/arm-none-eabi/9.3.1/thumb/v7-m/nofp/crtbegin.o
LOAD c:/program files (x86)/stm32cubeide_1.8.0/stm32cubeide/plugins/com.st.stm32cube.ide.mcu.externaltools.gnu-tools-for-stm32.9-2020-q2-update.win32_2.0.0.202105311346/tools/bin/../lib/gcc/arm-none-eabi/9.3.1/../../../../arm-none-eabi/lib/thumb/v7-m/nofp/crt0.o
LOAD ./Core/Src/base_display.o
LOAD ./Core/Src/main.o
LOAD ./Core/Src/pcf8574.o
LOAD ./Core/Src/stm32f1xx_hal_msp.o
LOAD ./Core/Src/stm32f1xx_it.o
LOAD ./Core/Src/syscalls.o
LOAD ./Core/Src/sysmem.o
LOAD ./Core/Src/system_stm32f1xx.o
LOAD ./Core/Startup/startup_stm32f103c8tx.o
LOAD ./Drivers/STM32F1xx_HAL_Driver/Src/stm32f1xx_hal.o
LOAD ./Drivers/STM32F1xx_HAL_Driver/Src/stm32f1xx_hal_cortex.o
LOAD ./Drivers/STM32F1xx_HAL_Driver/Src/stm32f1xx_hal_dma.o
LOAD ./Drivers/STM32F1xx_HAL_Driver/Src/stm32f1xx_hal_exti.o
LOAD ./Drivers/STM32F1xx_HAL_Driver/Src/stm32f1xx_hal_flash.o
LOAD ./Drivers/STM32F1xx_HAL_Driver/Src/stm32f1xx_hal_flash_ex.o
LOAD ./Drivers/STM32F1xx_HAL_Driver/Src/stm32f1xx_hal_gpio.o
LOAD ./Drivers/STM32F1xx_HAL_Driver/Src/stm32f1xx_hal_gpio_ex.o
LOAD ./Drivers/STM32F1xx_HAL_Driver/Src/stm32f1xx_hal_i2c.o
LOAD ./Drivers/STM32F1xx_HAL_Driver/Src/stm32f1xx_hal_pwr.o
LOAD ./Drivers/STM32F1xx_HAL_Driver/Src/stm32f1xx_hal_rcc.o
LOAD ./Drivers/STM32F1xx_HAL_Driver/Src/stm32f1xx_hal_rcc_ex.o
LOAD ./Drivers/STM32F1xx_HAL_Driver/Src/stm32f1xx_hal_tim.o
LOAD ./Drivers/STM32F1xx_HAL_Driver/Src/stm32f1xx_hal_tim_ex.o
START GROUP
LOAD c:/program files (x86)/stm32cubeide_1.8.0/stm32cubeide/plugins/com.st.stm32cube.ide.mcu.externaltools.gnu-tools-for-stm32.9-2020-q2-update.win32_2.0.0.202105311346/tools/bin/../lib/gcc/arm-none-eabi/9.3.1/../../../../arm-none-eabi/lib/thumb/v7-m/nofp\libstdc++_nano.a
LOAD c:/program files (x86)/stm32cubeide_1.8.0/stm32cubeide/plugins/com.st.stm32cube.ide.mcu.externaltools.gnu-tools-for-stm32.9-2020-q2-update.win32_2.0.0.202105311346/tools/bin/../lib/gcc/arm-none-eabi/9.3.1/../../../../arm-none-eabi/lib/thumb/v7-m/nofp\libsupc++_nano.a
END GROUP
LOAD c:/program files (x86)/stm32cubeide_1.8.0/stm32cubeide/plugins/com.st.stm32cube.ide.mcu.externaltools.gnu-tools-for-stm32.9-2020-q2-update.win32_2.0.0.202105311346/tools/bin/../lib/gcc/arm-none-eabi/9.3.1/../../../../arm-none-eabi/lib/thumb/v7-m/nofp\libstdc++_nano.a
LOAD c:/program files (x86)/stm32cubeide_1.8.0/stm32cubeide/plugins/com.st.stm32cube.ide.mcu.externaltools.gnu-tools-for-stm32.9-2020-q2-update.win32_2.0.0.202105311346/tools/bin/../lib/gcc/arm-none-eabi/9.3.1/../../../../arm-none-eabi/lib/thumb/v7-m/nofp\libm.a
LOAD c:/program files (x86)/stm32cubeide_1.8.0/stm32cubeide/plugins/com.st.stm32cube.ide.mcu.externaltools.gnu-tools-for-stm32.9-2020-q2-update.win32_2.0.0.202105311346/tools/bin/../lib/gcc/arm-none-eabi/9.3.1/../../../../arm-none-eabi/lib/thumb/v7-m/nofp\libc_nano.a
START GROUP
LOAD c:/program files (x86)/stm32cubeide_1.8.0/stm32cubeide/plugins/com.st.stm32cube.ide.mcu.externaltools.gnu-tools-for-stm32.9-2020-q2-update.win32_2.0.0.202105311346/tools/bin/../lib/gcc/arm-none-eabi/9.3.1/thumb/v7-m/nofp\libgcc.a
LOAD c:/program files (x86)/stm32cubeide_1.8.0/stm32cubeide/plugins/com.st.stm32cube.ide.mcu.externaltools.gnu-tools-for-stm32.9-2020-q2-update.win32_2.0.0.202105311346/tools/bin/../lib/gcc/arm-none-eabi/9.3.1/../../../../arm-none-eabi/lib/thumb/v7-m/nofp\libc_nano.a
END GROUP
START GROUP
LOAD c:/program files (x86)/stm32cubeide_1.8.0/stm32cubeide/plugins/com.st.stm32cube.ide.mcu.externaltools.gnu-tools-for-stm32.9-2020-q2-update.win32_2.0.0.202105311346/tools/bin/../lib/gcc/arm-none-eabi/9.3.1/thumb/v7-m/nofp\libgcc.a
LOAD c:/program files (x86)/stm32cubeide_1.8.0/stm32cubeide/plugins/com.st.stm32cube.ide.mcu.externaltools.gnu-tools-for-stm32.9-2020-q2-update.win32_2.0.0.202105311346/tools/bin/../lib/gcc/arm-none-eabi/9.3.1/../../../../arm-none-eabi/lib/thumb/v7-m/nofp\libc_nano.a
LOAD c:/program files (x86)/stm32cubeide_1.8.0/stm32cubeide/plugins/com.st.stm32cube.ide.mcu.externaltools.gnu-tools-for-stm32.9-2020-q2-update.win32_2.0.0.202105311346/tools/bin/../lib/gcc/arm-none-eabi/9.3.1/../../../../arm-none-eabi/lib/thumb/v7-m/nofp\libnosys.a
END GROUP
START GROUP
LOAD c:/program files (x86)/stm32cubeide_1.8.0/stm32cubeide/plugins/com.st.stm32cube.ide.mcu.externaltools.gnu-tools-for-stm32.9-2020-q2-update.win32_2.0.0.202105311346/tools/bin/../lib/gcc/arm-none-eabi/9.3.1/thumb/v7-m/nofp\libgcc.a
LOAD c:/program files (x86)/stm32cubeide_1.8.0/stm32cubeide/plugins/com.st.stm32cube.ide.mcu.externaltools.gnu-tools-for-stm32.9-2020-q2-update.win32_2.0.0.202105311346/tools/bin/../lib/gcc/arm-none-eabi/9.3.1/../../../../arm-none-eabi/lib/thumb/v7-m/nofp\libc_nano.a
LOAD c:/program files (x86)/stm32cubeide_1.8.0/stm32cubeide/plugins/com.st.stm32cube.ide.mcu.externaltools.gnu-tools-for-stm32.9-2020-q2-update.win32_2.0.0.202105311346/tools/bin/../lib/gcc/arm-none-eabi/9.3.1/../../../../arm-none-eabi/lib/thumb/v7-m/nofp\libnosys.a
END GROUP
LOAD c:/program files (x86)/stm32cubeide_1.8.0/stm32cubeide/plugins/com.st.stm32cube.ide.mcu.externaltools.gnu-tools-for-stm32.9-2020-q2-update.win32_2.0.0.202105311346/tools/bin/../lib/gcc/arm-none-eabi/9.3.1/thumb/v7-m/nofp/crtend.o
LOAD c:/program files (x86)/stm32cubeide_1.8.0/stm32cubeide/plugins/com.st.stm32cube.ide.mcu.externaltools.gnu-tools-for-stm32.9-2020-q2-update.win32_2.0.0.202105311346/tools/bin/../lib/gcc/arm-none-eabi/9.3.1/thumb/v7-m/nofp/crtn.o
                0x0000000020005000                _estack = (ORIGIN (RAM) + LENGTH (RAM))
                0x0000000000000200                _Min_Heap_Size = 0x200
                0x0000000000000400                _Min_Stack_Size = 0x400

.isr_vector     0x0000000008000000      0x10c
                0x0000000008000000                . = ALIGN (0x4)
 *(.isr_vector)
 .isr_vector    0x0000000008000000      0x10c ./Core/Startup/startup_stm32f103c8tx.o
                0x0000000008000000                g_pfnVectors
                0x000000000800010c                . = ALIGN (0x4)

.text           0x0000000008000110     0x2ca8
                0x0000000008000110                . = ALIGN (0x4)
 *(.text)
 .text          0x0000000008000110       0x40 c:/program files (x86)/stm32cubeide_1.8.0/stm32cubeide/plugins/com.st.stm32cube.ide.mcu.externaltools.gnu-tools-for-stm32.9-2020-q2-update.win32_2.0.0.202105311346/tools/bin/../lib/gcc/arm-none-eabi/9.3.1/thumb/v7-m/nofp/crtbegin.o
 .text          0x0000000008000150      0x378 c:/program files (x86)/stm32cubeide_1.8.0/stm32cubeide/plugins/com.st.stm32cube.ide.mcu.externaltools.gnu-tools-for-stm32.9-2020-q2-update.win32_2.0.0.202105311346/tools/bin/../lib/gcc/arm-none-eabi/9.3.1/thumb/v7-m/nofp\libgcc.a(_arm_addsubdf3.o)
                0x0000000008000150                __aeabi_drsub
                0x0000000008000158                __aeabi_dsub
                0x0000000008000158                __subdf3
                0x000000000800015c                __aeabi_dadd
                0x000000000800015c                __adddf3
                0x00000000080003d4                __floatunsidf
                0x00000000080003d4                __aeabi_ui2d
                0x00000000080003f4                __floatsidf
                0x00000000080003f4                __aeabi_i2d
                0x0000000008000418                __aeabi_f2d
                0x0000000008000418                __extendsfdf2
                0x000000000800045c                __floatundidf
                0x000000000800045c                __aeabi_ul2d
                0x000000000800046c                __floatdidf
                0x000000000800046c                __aeabi_l2d
 .text          0x00000000080004c8      0x424 c:/program files (x86)/stm32cubeide_1.8.0/stm32cubeide/plugins/com.st.stm32cube.ide.mcu.externaltools.gnu-tools-for-stm32.9-2020-q2-update.win32_2.0.0.202105311346/tools/bin/../lib/gcc/arm-none-eabi/9.3.1/thumb/v7-m/nofp\libgcc.a(_arm_muldivdf3.o)
                0x00000000080004c8                __aeabi_dmul
                0x00000000080004c8                __muldf3
                0x000000000800071c                __divdf3
                0x000000000800071c                __aeabi_ddiv
 .text          0x00000000080008ec      0x110 c:/program files (x86)/stm32cubeide_1.8.0/stm32cubeide/plugins/com.st.stm32cube.ide.mcu.externaltools.gnu-tools-for-stm32.9-2020-q2-update.win32_2.0.0.202105311346/tools/bin/../lib/gcc/arm-none-eabi/9.3.1/thumb/v7-m/nofp\libgcc.a(_arm_cmpdf2.o)
                0x00000000080008ec                __gtdf2
                0x00000000080008ec                __gedf2
                0x00000000080008f4                __ltdf2
                0x00000000080008f4                __ledf2
                0x00000000080008fc                __nedf2
                0x00000000080008fc                __eqdf2
                0x00000000080008fc                __cmpdf2
                0x0000000008000978                __aeabi_cdrcmple
                0x0000000008000988                __aeabi_cdcmpeq
                0x0000000008000988                __aeabi_cdcmple
                0x0000000008000998                __aeabi_dcmpeq
                0x00000000080009ac                __aeabi_dcmplt
                0x00000000080009c0                __aeabi_dcmple
                0x00000000080009d4                __aeabi_dcmpge
                0x00000000080009e8                __aeabi_dcmpgt
 .text          0x00000000080009fc       0x2c c:/program files (x86)/stm32cubeide_1.8.0/stm32cubeide/plugins/com.st.stm32cube.ide.mcu.externaltools.gnu-tools-for-stm32.9-2020-q2-update.win32_2.0.0.202105311346/tools/bin/../lib/gcc/arm-none-eabi/9.3.1/thumb/v7-m/nofp\libgcc.a(_arm_unorddf2.o)
                0x00000000080009fc                __unorddf2
                0x00000000080009fc                __aeabi_dcmpun
 .text          0x0000000008000a28       0x40 c:/program files (x86)/stm32cubeide_1.8.0/stm32cubeide/plugins/com.st.stm32cube.ide.mcu.externaltools.gnu-tools-for-stm32.9-2020-q2-update.win32_2.0.0.202105311346/tools/bin/../lib/gcc/arm-none-eabi/9.3.1/thumb/v7-m/nofp\libgcc.a(_arm_fixunsdfsi.o)
                0x0000000008000a28                __aeabi_d2uiz
                0x0000000008000a28                __fixunsdfsi
 *(.text*)
 .text._ZSt5isinfd
                0x0000000008000a68       0x60 ./Core/Src/base_display.o
                0x0000000008000a68                std::isinf(double)
 .text._ZSt5isnand
                0x0000000008000ac8       0x38 ./Core/Src/base_display.o
                0x0000000008000ac8                std::isnan(double)
 .text._ZN11BaseDisplay11printNumberEmh
                0x0000000008000b00       0x80 ./Core/Src/base_display.o
                0x0000000008000b00                BaseDisplay::printNumber(unsigned long, unsigned char)
 .text._ZN11BaseDisplay10printFloatEdh
                0x0000000008000b80      0x20c ./Core/Src/base_display.o
                0x0000000008000b80                BaseDisplay::printFloat(double, unsigned char)
 .text._ZN11BaseDisplay5printEPKc
                0x0000000008000d8c       0x40 ./Core/Src/base_display.o
                0x0000000008000d8c                BaseDisplay::print(char const*)
 .text._ZN11BaseDisplay5printEji
                0x0000000008000dcc       0x20 ./Core/Src/base_display.o
                0x0000000008000dcc                BaseDisplay::print(unsigned int, int)
 .text._ZN11BaseDisplay5printEmi
                0x0000000008000dec       0x40 ./Core/Src/base_display.o
                0x0000000008000dec                BaseDisplay::print(unsigned long, int)
 .text._ZN11BaseDisplay5printEdi
                0x0000000008000e2c       0x26 ./Core/Src/base_display.o
                0x0000000008000e2c                BaseDisplay::print(double, int)
 *fill*         0x0000000008000e52        0x6 
 .text.main     0x0000000008000e58       0x7c ./Core/Src/main.o
                0x0000000008000e58                main
 .text._Z18SystemClock_Configv
                0x0000000008000ed4       0x9c ./Core/Src/main.o
                0x0000000008000ed4                SystemClock_Config()
 .text._ZL12MX_I2C1_Initv
                0x0000000008000f70       0x68 ./Core/Src/main.o
 .text._ZL12MX_GPIO_Initv
                0x0000000008000fd8       0xb0 ./Core/Src/main.o
 .text.Error_Handler
                0x0000000008001088        0xa ./Core/Src/main.o
                0x0000000008001088                Error_Handler
 *fill*         0x0000000008001092        0x2 
 .text._Z41__static_initialization_and_destruction_0ii
                0x0000000008001094       0x48 ./Core/Src/main.o
 .text._GLOBAL__sub_I_hi2c1
                0x00000000080010dc       0x10 ./Core/Src/main.o
 .text._ZN11BaseDisplayC2Ev
                0x00000000080010ec       0x20 ./Core/Src/pcf8574.o
                0x00000000080010ec                BaseDisplay::BaseDisplay()
                0x00000000080010ec                BaseDisplay::BaseDisplay()
 .text._ZN7I2C_LCDC2EP17I2C_HandleTypeDefhhhhhh
                0x000000000800110c       0x6c ./Core/Src/pcf8574.o
                0x000000000800110c                I2C_LCD::I2C_LCD(I2C_HandleTypeDef*, unsigned char, unsigned char, unsigned char, unsigned char, unsigned char, unsigned char)
                0x000000000800110c                I2C_LCD::I2C_LCD(I2C_HandleTypeDef*, unsigned char, unsigned char, unsigned char, unsigned char, unsigned char, unsigned char)
 .text._ZN7I2C_LCD8send_cmdEh
                0x0000000008001178       0x62 ./Core/Src/pcf8574.o
                0x0000000008001178                I2C_LCD::send_cmd(unsigned char)
 *fill*         0x00000000080011da        0x2 
 .text._ZN7I2C_LCD6cursorEhh
                0x00000000080011dc      0x128 ./Core/Src/pcf8574.o
                0x00000000080011dc                I2C_LCD::cursor(unsigned char, unsigned char)
 .text._ZN7I2C_LCD5writeEh
                0x0000000008001304       0x64 ./Core/Src/pcf8574.o
                0x0000000008001304                I2C_LCD::write(unsigned char)
 .text._ZN7I2C_LCD4initEv
                0x0000000008001368       0x6a ./Core/Src/pcf8574.o
                0x0000000008001368                I2C_LCD::init()
 .text._ZN7I2C_LCD7printXYEhhdi
                0x00000000080013d2       0x36 ./Core/Src/pcf8574.o
                0x00000000080013d2                I2C_LCD::printXY(unsigned char, unsigned char, double, int)
 .text.HAL_MspInit
                0x0000000008001408       0x64 ./Core/Src/stm32f1xx_hal_msp.o
                0x0000000008001408                HAL_MspInit
 .text.HAL_I2C_MspInit
                0x000000000800146c       0x7c ./Core/Src/stm32f1xx_hal_msp.o
                0x000000000800146c                HAL_I2C_MspInit
 .text.NMI_Handler
                0x00000000080014e8        0x6 ./Core/Src/stm32f1xx_it.o
                0x00000000080014e8                NMI_Handler
 .text.HardFault_Handler
                0x00000000080014ee        0x6 ./Core/Src/stm32f1xx_it.o
                0x00000000080014ee                HardFault_Handler
 .text.MemManage_Handler
                0x00000000080014f4        0x6 ./Core/Src/stm32f1xx_it.o
                0x00000000080014f4                MemManage_Handler
 .text.BusFault_Handler
                0x00000000080014fa        0x6 ./Core/Src/stm32f1xx_it.o
                0x00000000080014fa                BusFault_Handler
 .text.UsageFault_Handler
                0x0000000008001500        0x6 ./Core/Src/stm32f1xx_it.o
                0x0000000008001500                UsageFault_Handler
 .text.SVC_Handler
                0x0000000008001506        0xc ./Core/Src/stm32f1xx_it.o
                0x0000000008001506                SVC_Handler
 .text.DebugMon_Handler
                0x0000000008001512        0xc ./Core/Src/stm32f1xx_it.o
                0x0000000008001512                DebugMon_Handler
 .text.PendSV_Handler
                0x000000000800151e        0xc ./Core/Src/stm32f1xx_it.o
                0x000000000800151e                PendSV_Handler
 .text.SysTick_Handler
                0x000000000800152a        0xc ./Core/Src/stm32f1xx_it.o
                0x000000000800152a                SysTick_Handler
 .text._getpid  0x0000000008001536        0xe ./Core/Src/syscalls.o
                0x0000000008001536                _getpid
 .text._kill    0x0000000008001544       0x20 ./Core/Src/syscalls.o
                0x0000000008001544                _kill
 .text._exit    0x0000000008001564       0x14 ./Core/Src/syscalls.o
                0x0000000008001564                _exit
 .text.SystemInit
                0x0000000008001578        0xc ./Core/Src/system_stm32f1xx.o
                0x0000000008001578                SystemInit
 .text.Reset_Handler
                0x0000000008001584       0x48 ./Core/Startup/startup_stm32f103c8tx.o
                0x0000000008001584                Reset_Handler
 .text.Default_Handler
                0x00000000080015cc        0x2 ./Core/Startup/startup_stm32f103c8tx.o
                0x00000000080015cc                RTC_Alarm_IRQHandler
                0x00000000080015cc                EXTI2_IRQHandler
                0x00000000080015cc                TIM1_CC_IRQHandler
                0x00000000080015cc                PVD_IRQHandler
                0x00000000080015cc                EXTI3_IRQHandler
                0x00000000080015cc                EXTI0_IRQHandler
                0x00000000080015cc                I2C2_EV_IRQHandler
                0x00000000080015cc                ADC1_2_IRQHandler
                0x00000000080015cc                SPI1_IRQHandler
                0x00000000080015cc                TAMPER_IRQHandler
                0x00000000080015cc                DMA1_Channel4_IRQHandler
                0x00000000080015cc                USART3_IRQHandler
                0x00000000080015cc                RTC_IRQHandler
                0x00000000080015cc                DMA1_Channel7_IRQHandler
                0x00000000080015cc                CAN1_RX1_IRQHandler
                0x00000000080015cc                TIM4_IRQHandler
                0x00000000080015cc                I2C1_EV_IRQHandler
                0x00000000080015cc                DMA1_Channel6_IRQHandler
                0x00000000080015cc                TIM3_IRQHandler
                0x00000000080015cc                RCC_IRQHandler
                0x00000000080015cc                TIM1_TRG_COM_IRQHandler
                0x00000000080015cc                DMA1_Channel1_IRQHandler
                0x00000000080015cc                Default_Handler
                0x00000000080015cc                EXTI15_10_IRQHandler
                0x00000000080015cc                EXTI9_5_IRQHandler
                0x00000000080015cc                SPI2_IRQHandler
                0x00000000080015cc                DMA1_Channel5_IRQHandler
                0x00000000080015cc                EXTI4_IRQHandler
                0x00000000080015cc                USB_LP_CAN1_RX0_IRQHandler
                0x00000000080015cc                USB_HP_CAN1_TX_IRQHandler
                0x00000000080015cc                DMA1_Channel3_IRQHandler
                0x00000000080015cc                TIM1_UP_IRQHandler
                0x00000000080015cc                WWDG_IRQHandler
                0x00000000080015cc                TIM2_IRQHandler
                0x00000000080015cc                TIM1_BRK_IRQHandler
                0x00000000080015cc                EXTI1_IRQHandler
                0x00000000080015cc                USART2_IRQHandler
                0x00000000080015cc                I2C2_ER_IRQHandler
                0x00000000080015cc                DMA1_Channel2_IRQHandler
                0x00000000080015cc                CAN1_SCE_IRQHandler
                0x00000000080015cc                FLASH_IRQHandler
                0x00000000080015cc                USART1_IRQHandler
                0x00000000080015cc                I2C1_ER_IRQHandler
                0x00000000080015cc                USBWakeUp_IRQHandler
 *fill*         0x00000000080015ce        0x2 
 .text.HAL_Init
                0x00000000080015d0       0x2c ./Drivers/STM32F1xx_HAL_Driver/Src/stm32f1xx_hal.o
                0x00000000080015d0                HAL_Init
 .text.HAL_InitTick
                0x00000000080015fc       0x60 ./Drivers/STM32F1xx_HAL_Driver/Src/stm32f1xx_hal.o
                0x00000000080015fc                HAL_InitTick
 .text.HAL_IncTick
                0x000000000800165c       0x24 ./Drivers/STM32F1xx_HAL_Driver/Src/stm32f1xx_hal.o
                0x000000000800165c                HAL_IncTick
 .text.HAL_GetTick
                0x0000000008001680       0x14 ./Drivers/STM32F1xx_HAL_Driver/Src/stm32f1xx_hal.o
                0x0000000008001680                HAL_GetTick
 .text.HAL_Delay
                0x0000000008001694       0x48 ./Drivers/STM32F1xx_HAL_Driver/Src/stm32f1xx_hal.o
                0x0000000008001694                HAL_Delay
 .text.__NVIC_SetPriorityGrouping
                0x00000000080016dc       0x48 ./Drivers/STM32F1xx_HAL_Driver/Src/stm32f1xx_hal_cortex.o
 .text.__NVIC_GetPriorityGrouping
                0x0000000008001724       0x1c ./Drivers/STM32F1xx_HAL_Driver/Src/stm32f1xx_hal_cortex.o
 .text.__NVIC_SetPriority
                0x0000000008001740       0x54 ./Drivers/STM32F1xx_HAL_Driver/Src/stm32f1xx_hal_cortex.o
 .text.NVIC_EncodePriority
                0x0000000008001794       0x64 ./Drivers/STM32F1xx_HAL_Driver/Src/stm32f1xx_hal_cortex.o
 .text.SysTick_Config
                0x00000000080017f8       0x44 ./Drivers/STM32F1xx_HAL_Driver/Src/stm32f1xx_hal_cortex.o
 .text.HAL_NVIC_SetPriorityGrouping
                0x000000000800183c       0x16 ./Drivers/STM32F1xx_HAL_Driver/Src/stm32f1xx_hal_cortex.o
                0x000000000800183c                HAL_NVIC_SetPriorityGrouping
 .text.HAL_NVIC_SetPriority
                0x0000000008001852       0x38 ./Drivers/STM32F1xx_HAL_Driver/Src/stm32f1xx_hal_cortex.o
                0x0000000008001852                HAL_NVIC_SetPriority
 .text.HAL_SYSTICK_Config
                0x000000000800188a       0x18 ./Drivers/STM32F1xx_HAL_Driver/Src/stm32f1xx_hal_cortex.o
                0x000000000800188a                HAL_SYSTICK_Config
 *fill*         0x00000000080018a2        0x2 
 .text.HAL_GPIO_Init
                0x00000000080018a4      0x308 ./Drivers/STM32F1xx_HAL_Driver/Src/stm32f1xx_hal_gpio.o
                0x00000000080018a4                HAL_GPIO_Init
 .text.HAL_GPIO_WritePin
                0x0000000008001bac       0x30 ./Drivers/STM32F1xx_HAL_Driver/Src/stm32f1xx_hal_gpio.o
                0x0000000008001bac                HAL_GPIO_WritePin
 .text.HAL_I2C_Init
                0x0000000008001bdc      0x288 ./Drivers/STM32F1xx_HAL_Driver/Src/stm32f1xx_hal_i2c.o
                0x0000000008001bdc                HAL_I2C_Init
 .text.HAL_I2C_Master_Transmit
                0x0000000008001e64      0x1fc ./Drivers/STM32F1xx_HAL_Driver/Src/stm32f1xx_hal_i2c.o
                0x0000000008001e64                HAL_I2C_Master_Transmit
 .text.I2C_MasterRequestWrite
                0x0000000008002060      0x104 ./Drivers/STM32F1xx_HAL_Driver/Src/stm32f1xx_hal_i2c.o
 .text.I2C_WaitOnFlagUntilTimeout
                0x0000000008002164       0xae ./Drivers/STM32F1xx_HAL_Driver/Src/stm32f1xx_hal_i2c.o
 .text.I2C_WaitOnMasterAddressFlagUntilTimeout
                0x0000000008002212       0xfe ./Drivers/STM32F1xx_HAL_Driver/Src/stm32f1xx_hal_i2c.o
 .text.I2C_WaitOnTXEFlagUntilTimeout
                0x0000000008002310       0x82 ./Drivers/STM32F1xx_HAL_Driver/Src/stm32f1xx_hal_i2c.o
 .text.I2C_WaitOnBTFFlagUntilTimeout
                0x0000000008002392       0x82 ./Drivers/STM32F1xx_HAL_Driver/Src/stm32f1xx_hal_i2c.o
 .text.I2C_IsAcknowledgeFailed
                0x0000000008002414       0x5c ./Drivers/STM32F1xx_HAL_Driver/Src/stm32f1xx_hal_i2c.o
 .text.HAL_RCC_OscConfig
                0x0000000008002470      0x500 ./Drivers/STM32F1xx_HAL_Driver/Src/stm32f1xx_hal_rcc.o
                0x0000000008002470                HAL_RCC_OscConfig
 .text.HAL_RCC_ClockConfig
                0x0000000008002970      0x1d4 ./Drivers/STM32F1xx_HAL_Driver/Src/stm32f1xx_hal_rcc.o
                0x0000000008002970                HAL_RCC_ClockConfig
 .text.HAL_RCC_GetSysClockFreq
                0x0000000008002b44       0xc0 ./Drivers/STM32F1xx_HAL_Driver/Src/stm32f1xx_hal_rcc.o
                0x0000000008002b44                HAL_RCC_GetSysClockFreq
 .text.HAL_RCC_GetHCLKFreq
                0x0000000008002c04       0x14 ./Drivers/STM32F1xx_HAL_Driver/Src/stm32f1xx_hal_rcc.o
                0x0000000008002c04                HAL_RCC_GetHCLKFreq
 .text.HAL_RCC_GetPCLK1Freq
                0x0000000008002c18       0x28 ./Drivers/STM32F1xx_HAL_Driver/Src/stm32f1xx_hal_rcc.o
                0x0000000008002c18                HAL_RCC_GetPCLK1Freq
 .text.RCC_Delay
                0x0000000008002c40       0x3c ./Drivers/STM32F1xx_HAL_Driver/Src/stm32f1xx_hal_rcc.o
 .text.__cxa_pure_virtual
                0x0000000008002c7c        0x6 c:/program files (x86)/stm32cubeide_1.8.0/stm32cubeide/plugins/com.st.stm32cube.ide.mcu.externaltools.gnu-tools-for-stm32.9-2020-q2-update.win32_2.0.0.202105311346/tools/bin/../lib/gcc/arm-none-eabi/9.3.1/../../../../arm-none-eabi/lib/thumb/v7-m/nofp\libstdc++_nano.a(pure.o)
                0x0000000008002c7c                __cxa_pure_virtual
 .text._ZN10__cxxabiv111__terminateEPFvvE
                0x0000000008002c82        0x8 c:/program files (x86)/stm32cubeide_1.8.0/stm32cubeide/plugins/com.st.stm32cube.ide.mcu.externaltools.gnu-tools-for-stm32.9-2020-q2-update.win32_2.0.0.202105311346/tools/bin/../lib/gcc/arm-none-eabi/9.3.1/../../../../arm-none-eabi/lib/thumb/v7-m/nofp\libstdc++_nano.a(eh_terminate.o)
                0x0000000008002c82                __cxxabiv1::__terminate(void (*)())
 *fill*         0x0000000008002c8a        0x2 
 .text._ZSt13get_terminatev
                0x0000000008002c8c       0x10 c:/program files (x86)/stm32cubeide_1.8.0/stm32cubeide/plugins/com.st.stm32cube.ide.mcu.externaltools.gnu-tools-for-stm32.9-2020-q2-update.win32_2.0.0.202105311346/tools/bin/../lib/gcc/arm-none-eabi/9.3.1/../../../../arm-none-eabi/lib/thumb/v7-m/nofp\libstdc++_nano.a(eh_terminate.o)
                0x0000000008002c8c                std::get_terminate()
 .text._ZSt9terminatev
                0x0000000008002c9c        0xa c:/program files (x86)/stm32cubeide_1.8.0/stm32cubeide/plugins/com.st.stm32cube.ide.mcu.externaltools.gnu-tools-for-stm32.9-2020-q2-update.win32_2.0.0.202105311346/tools/bin/../lib/gcc/arm-none-eabi/9.3.1/../../../../arm-none-eabi/lib/thumb/v7-m/nofp\libstdc++_nano.a(eh_terminate.o)
                0x0000000008002c9c                std::terminate()
 .text.abort    0x0000000008002ca6        0xe c:/program files (x86)/stm32cubeide_1.8.0/stm32cubeide/plugins/com.st.stm32cube.ide.mcu.externaltools.gnu-tools-for-stm32.9-2020-q2-update.win32_2.0.0.202105311346/tools/bin/../lib/gcc/arm-none-eabi/9.3.1/../../../../arm-none-eabi/lib/thumb/v7-m/nofp\libc_nano.a(lib_a-abort.o)
                0x0000000008002ca6                abort
 .text.__errno  0x0000000008002cb4        0xc c:/program files (x86)/stm32cubeide_1.8.0/stm32cubeide/plugins/com.st.stm32cube.ide.mcu.externaltools.gnu-tools-for-stm32.9-2020-q2-update.win32_2.0.0.202105311346/tools/bin/../lib/gcc/arm-none-eabi/9.3.1/../../../../arm-none-eabi/lib/thumb/v7-m/nofp\libc_nano.a(lib_a-errno.o)
                0x0000000008002cb4                __errno
 .text.__libc_init_array
                0x0000000008002cc0       0x48 c:/program files (x86)/stm32cubeide_1.8.0/stm32cubeide/plugins/com.st.stm32cube.ide.mcu.externaltools.gnu-tools-for-stm32.9-2020-q2-update.win32_2.0.0.202105311346/tools/bin/../lib/gcc/arm-none-eabi/9.3.1/../../../../arm-none-eabi/lib/thumb/v7-m/nofp\libc_nano.a(lib_a-init.o)
                0x0000000008002cc0                __libc_init_array
 .text.memset   0x0000000008002d08       0x10 c:/program files (x86)/stm32cubeide_1.8.0/stm32cubeide/plugins/com.st.stm32cube.ide.mcu.externaltools.gnu-tools-for-stm32.9-2020-q2-update.win32_2.0.0.202105311346/tools/bin/../lib/gcc/arm-none-eabi/9.3.1/../../../../arm-none-eabi/lib/thumb/v7-m/nofp\libc_nano.a(lib_a-memset.o)
                0x0000000008002d08                memset
 .text._raise_r
                0x0000000008002d18       0x50 c:/program files (x86)/stm32cubeide_1.8.0/stm32cubeide/plugins/com.st.stm32cube.ide.mcu.externaltools.gnu-tools-for-stm32.9-2020-q2-update.win32_2.0.0.202105311346/tools/bin/../lib/gcc/arm-none-eabi/9.3.1/../../../../arm-none-eabi/lib/thumb/v7-m/nofp\libc_nano.a(lib_a-signal.o)
                0x0000000008002d18                _raise_r
 .text.raise    0x0000000008002d68       0x10 c:/program files (x86)/stm32cubeide_1.8.0/stm32cubeide/plugins/com.st.stm32cube.ide.mcu.externaltools.gnu-tools-for-stm32.9-2020-q2-update.win32_2.0.0.202105311346/tools/bin/../lib/gcc/arm-none-eabi/9.3.1/../../../../arm-none-eabi/lib/thumb/v7-m/nofp\libc_nano.a(lib_a-signal.o)
                0x0000000008002d68                raise
 .text._kill_r  0x0000000008002d78       0x24 c:/program files (x86)/stm32cubeide_1.8.0/stm32cubeide/plugins/com.st.stm32cube.ide.mcu.externaltools.gnu-tools-for-stm32.9-2020-q2-update.win32_2.0.0.202105311346/tools/bin/../lib/gcc/arm-none-eabi/9.3.1/../../../../arm-none-eabi/lib/thumb/v7-m/nofp\libc_nano.a(lib_a-signalr.o)
                0x0000000008002d78                _kill_r
 .text._getpid_r
                0x0000000008002d9c        0x4 c:/program files (x86)/stm32cubeide_1.8.0/stm32cubeide/plugins/com.st.stm32cube.ide.mcu.externaltools.gnu-tools-for-stm32.9-2020-q2-update.win32_2.0.0.202105311346/tools/bin/../lib/gcc/arm-none-eabi/9.3.1/../../../../arm-none-eabi/lib/thumb/v7-m/nofp\libc_nano.a(lib_a-signalr.o)
                0x0000000008002d9c                _getpid_r
 *(.glue_7)
 .glue_7        0x0000000008002da0        0x0 linker stubs
 *(.glue_7t)
 .glue_7t       0x0000000008002da0        0x0 linker stubs
 *(.eh_frame)
 .eh_frame      0x0000000008002da0        0x0 c:/program files (x86)/stm32cubeide_1.8.0/stm32cubeide/plugins/com.st.stm32cube.ide.mcu.externaltools.gnu-tools-for-stm32.9-2020-q2-update.win32_2.0.0.202105311346/tools/bin/../lib/gcc/arm-none-eabi/9.3.1/thumb/v7-m/nofp/crtbegin.o
 *(.init)
 .init          0x0000000008002da0        0x4 c:/program files (x86)/stm32cubeide_1.8.0/stm32cubeide/plugins/com.st.stm32cube.ide.mcu.externaltools.gnu-tools-for-stm32.9-2020-q2-update.win32_2.0.0.202105311346/tools/bin/../lib/gcc/arm-none-eabi/9.3.1/thumb/v7-m/nofp/crti.o
                0x0000000008002da0                _init
 .init          0x0000000008002da4        0x8 c:/program files (x86)/stm32cubeide_1.8.0/stm32cubeide/plugins/com.st.stm32cube.ide.mcu.externaltools.gnu-tools-for-stm32.9-2020-q2-update.win32_2.0.0.202105311346/tools/bin/../lib/gcc/arm-none-eabi/9.3.1/thumb/v7-m/nofp/crtn.o
 *(.fini)
 .fini          0x0000000008002dac        0x4 c:/program files (x86)/stm32cubeide_1.8.0/stm32cubeide/plugins/com.st.stm32cube.ide.mcu.externaltools.gnu-tools-for-stm32.9-2020-q2-update.win32_2.0.0.202105311346/tools/bin/../lib/gcc/arm-none-eabi/9.3.1/thumb/v7-m/nofp/crti.o
                0x0000000008002dac                _fini
 .fini          0x0000000008002db0        0x8 c:/program files (x86)/stm32cubeide_1.8.0/stm32cubeide/plugins/com.st.stm32cube.ide.mcu.externaltools.gnu-tools-for-stm32.9-2020-q2-update.win32_2.0.0.202105311346/tools/bin/../lib/gcc/arm-none-eabi/9.3.1/thumb/v7-m/nofp/crtn.o
                0x0000000008002db8                . = ALIGN (0x4)
                0x0000000008002db8                _etext = .

.vfp11_veneer   0x0000000008002db8        0x0
 .vfp11_veneer  0x0000000008002db8        0x0 linker stubs

.v4_bx          0x0000000008002db8        0x0
 .v4_bx         0x0000000008002db8        0x0 linker stubs

.iplt           0x0000000008002db8        0x0
 .iplt          0x0000000008002db8        0x0 c:/program files (x86)/stm32cubeide_1.8.0/stm32cubeide/plugins/com.st.stm32cube.ide.mcu.externaltools.gnu-tools-for-stm32.9-2020-q2-update.win32_2.0.0.202105311346/tools/bin/../lib/gcc/arm-none-eabi/9.3.1/thumb/v7-m/nofp/crtbegin.o

.rodata         0x0000000008002db8       0x58
                0x0000000008002db8                . = ALIGN (0x4)
 *(.rodata)
 .rodata        0x0000000008002db8        0xc ./Core/Src/base_display.o
 .rodata        0x0000000008002dc4        0xb ./Core/Src/main.o
 *fill*         0x0000000008002dcf        0x1 
 .rodata        0x0000000008002dd0       0x10 ./Drivers/STM32F1xx_HAL_Driver/Src/stm32f1xx_hal_rcc.o
 *(.rodata*)
 .rodata._ZTV7I2C_LCD
                0x0000000008002de0        0xc ./Core/Src/pcf8574.o
                0x0000000008002de0                vtable for I2C_LCD
 .rodata._ZTV11BaseDisplay
                0x0000000008002dec        0xc ./Core/Src/pcf8574.o
                0x0000000008002dec                vtable for BaseDisplay
 .rodata.AHBPrescTable
                0x0000000008002df8       0x10 ./Core/Src/system_stm32f1xx.o
                0x0000000008002df8                AHBPrescTable
 .rodata.APBPrescTable
                0x0000000008002e08        0x8 ./Core/Src/system_stm32f1xx.o
                0x0000000008002e08                APBPrescTable
                0x0000000008002e10                . = ALIGN (0x4)

.rel.dyn        0x0000000008002e10        0x0
 .rel.iplt      0x0000000008002e10        0x0 c:/program files (x86)/stm32cubeide_1.8.0/stm32cubeide/plugins/com.st.stm32cube.ide.mcu.externaltools.gnu-tools-for-stm32.9-2020-q2-update.win32_2.0.0.202105311346/tools/bin/../lib/gcc/arm-none-eabi/9.3.1/thumb/v7-m/nofp/crtbegin.o

.ARM.extab      0x0000000008002e10        0x0
                0x0000000008002e10                . = ALIGN (0x4)
 *(.ARM.extab* .gnu.linkonce.armextab.*)
                0x0000000008002e10                . = ALIGN (0x4)

.ARM            0x0000000008002e10        0x0
                0x0000000008002e10                . = ALIGN (0x4)
                0x0000000008002e10                __exidx_start = .
 *(.ARM.exidx*)
                0x0000000008002e10                __exidx_end = .
                0x0000000008002e10                . = ALIGN (0x4)

.preinit_array  0x0000000008002e10        0x0
                0x0000000008002e10                . = ALIGN (0x4)
                0x0000000008002e10                PROVIDE (__preinit_array_start = .)
 *(.preinit_array*)
                0x0000000008002e10                PROVIDE (__preinit_array_end = .)
                0x0000000008002e10                . = ALIGN (0x4)

.init_array     0x0000000008002e10        0x8
                0x0000000008002e10                . = ALIGN (0x4)
                0x0000000008002e10                PROVIDE (__init_array_start = .)
 *(SORT_BY_NAME(.init_array.*))
 *(.init_array*)
 .init_array    0x0000000008002e10        0x4 c:/program files (x86)/stm32cubeide_1.8.0/stm32cubeide/plugins/com.st.stm32cube.ide.mcu.externaltools.gnu-tools-for-stm32.9-2020-q2-update.win32_2.0.0.202105311346/tools/bin/../lib/gcc/arm-none-eabi/9.3.1/thumb/v7-m/nofp/crtbegin.o
 .init_array    0x0000000008002e14        0x4 ./Core/Src/main.o
                0x0000000008002e18                PROVIDE (__init_array_end = .)
                0x0000000008002e18                . = ALIGN (0x4)

.fini_array     0x0000000008002e18        0x4
                0x0000000008002e18                . = ALIGN (0x4)
                [!provide]                        PROVIDE (__fini_array_start = .)
 *(SORT_BY_NAME(.fini_array.*))
 *(.fini_array*)
 .fini_array    0x0000000008002e18        0x4 c:/program files (x86)/stm32cubeide_1.8.0/stm32cubeide/plugins/com.st.stm32cube.ide.mcu.externaltools.gnu-tools-for-stm32.9-2020-q2-update.win32_2.0.0.202105311346/tools/bin/../lib/gcc/arm-none-eabi/9.3.1/thumb/v7-m/nofp/crtbegin.o
                [!provide]                        PROVIDE (__fini_array_end = .)
                0x0000000008002e1c                . = ALIGN (0x4)
                0x0000000008002e1c                _sidata = LOADADDR (.data)

.data           0x0000000020000000       0x74 load address 0x0000000008002e1c
                0x0000000020000000                . = ALIGN (0x4)
                0x0000000020000000                _sdata = .
 *(.data)
 *(.data*)
 .data.SystemCoreClock
                0x0000000020000000        0x4 ./Core/Src/system_stm32f1xx.o
                0x0000000020000000                SystemCoreClock
 .data.uwTickPrio
                0x0000000020000004        0x4 ./Drivers/STM32F1xx_HAL_Driver/Src/stm32f1xx_hal.o
                0x0000000020000004                uwTickPrio
 .data.uwTickFreq
                0x0000000020000008        0x1 ./Drivers/STM32F1xx_HAL_Driver/Src/stm32f1xx_hal.o
                0x0000000020000008                uwTickFreq
 *fill*         0x0000000020000009        0x3 
 .data._ZN10__cxxabiv119__terminate_handlerE
                0x000000002000000c        0x4 c:/program files (x86)/stm32cubeide_1.8.0/stm32cubeide/plugins/com.st.stm32cube.ide.mcu.externaltools.gnu-tools-for-stm32.9-2020-q2-update.win32_2.0.0.202105311346/tools/bin/../lib/gcc/arm-none-eabi/9.3.1/../../../../arm-none-eabi/lib/thumb/v7-m/nofp\libstdc++_nano.a(eh_term_handler.o)
                0x000000002000000c                __cxxabiv1::__terminate_handler
 .data._impure_ptr
                0x0000000020000010        0x4 c:/program files (x86)/stm32cubeide_1.8.0/stm32cubeide/plugins/com.st.stm32cube.ide.mcu.externaltools.gnu-tools-for-stm32.9-2020-q2-update.win32_2.0.0.202105311346/tools/bin/../lib/gcc/arm-none-eabi/9.3.1/../../../../arm-none-eabi/lib/thumb/v7-m/nofp\libc_nano.a(lib_a-impure.o)
                0x0000000020000010                _impure_ptr
 .data.impure_data
                0x0000000020000014       0x60 c:/program files (x86)/stm32cubeide_1.8.0/stm32cubeide/plugins/com.st.stm32cube.ide.mcu.externaltools.gnu-tools-for-stm32.9-2020-q2-update.win32_2.0.0.202105311346/tools/bin/../lib/gcc/arm-none-eabi/9.3.1/../../../../arm-none-eabi/lib/thumb/v7-m/nofp\libc_nano.a(lib_a-impure.o)
 *(.RamFunc)
 *(.RamFunc*)
                0x0000000020000074                . = ALIGN (0x4)
                0x0000000020000074                _edata = .

.igot.plt       0x0000000020000074        0x0 load address 0x0000000008002e90
 .igot.plt      0x0000000020000074        0x0 c:/program files (x86)/stm32cubeide_1.8.0/stm32cubeide/plugins/com.st.stm32cube.ide.mcu.externaltools.gnu-tools-for-stm32.9-2020-q2-update.win32_2.0.0.202105311346/tools/bin/../lib/gcc/arm-none-eabi/9.3.1/thumb/v7-m/nofp/crtbegin.o
                0x0000000020000074                . = ALIGN (0x4)

.bss            0x0000000020000074       0x88 load address 0x0000000008002e90
                0x0000000020000074                _sbss = .
                0x0000000020000074                __bss_start__ = _sbss
 *(.bss)
 .bss           0x0000000020000074       0x1c c:/program files (x86)/stm32cubeide_1.8.0/stm32cubeide/plugins/com.st.stm32cube.ide.mcu.externaltools.gnu-tools-for-stm32.9-2020-q2-update.win32_2.0.0.202105311346/tools/bin/../lib/gcc/arm-none-eabi/9.3.1/thumb/v7-m/nofp/crtbegin.o
 *(.bss*)
 .bss.hi2c1     0x0000000020000090       0x54 ./Core/Src/main.o
                0x0000000020000090                hi2c1
 .bss.i2c_lcd   0x00000000200000e4       0x10 ./Core/Src/main.o
                0x00000000200000e4                i2c_lcd
 *(COMMON)
 COMMON         0x00000000200000f4        0x4 ./Drivers/STM32F1xx_HAL_Driver/Src/stm32f1xx_hal.o
                0x00000000200000f4                uwTick
 COMMON         0x00000000200000f8        0x4 c:/program files (x86)/stm32cubeide_1.8.0/stm32cubeide/plugins/com.st.stm32cube.ide.mcu.externaltools.gnu-tools-for-stm32.9-2020-q2-update.win32_2.0.0.202105311346/tools/bin/../lib/gcc/arm-none-eabi/9.3.1/../../../../arm-none-eabi/lib/thumb/v7-m/nofp\libc_nano.a(lib_a-reent.o)
                0x00000000200000f8                errno
                0x00000000200000fc                . = ALIGN (0x4)
                0x00000000200000fc                _ebss = .
                0x00000000200000fc                __bss_end__ = _ebss

._user_heap_stack
                0x00000000200000fc      0x604 load address 0x0000000008002e90
                0x0000000020000100                . = ALIGN (0x8)
 *fill*         0x00000000200000fc        0x4 
                [!provide]                        PROVIDE (end = .)
                0x0000000020000100                PROVIDE (_end = .)
                0x0000000020000300                . = (. + _Min_Heap_Size)
 *fill*         0x0000000020000100      0x200 
                0x0000000020000700                . = (. + _Min_Stack_Size)
 *fill*         0x0000000020000300      0x400 
                0x0000000020000700                . = ALIGN (0x8)

/DISCARD/
 libc.a(*)
 libm.a(*)
 libgcc.a(*)

.ARM.attributes
                0x0000000000000000       0x29
 *(.ARM.attributes)
 .ARM.attributes
                0x0000000000000000       0x1d c:/program files (x86)/stm32cubeide_1.8.0/stm32cubeide/plugins/com.st.stm32cube.ide.mcu.externaltools.gnu-tools-for-stm32.9-2020-q2-update.win32_2.0.0.202105311346/tools/bin/../lib/gcc/arm-none-eabi/9.3.1/thumb/v7-m/nofp/crti.o
 .ARM.attributes
                0x000000000000001d       0x2d c:/program files (x86)/stm32cubeide_1.8.0/stm32cubeide/plugins/com.st.stm32cube.ide.mcu.externaltools.gnu-tools-for-stm32.9-2020-q2-update.win32_2.0.0.202105311346/tools/bin/../lib/gcc/arm-none-eabi/9.3.1/thumb/v7-m/nofp/crtbegin.o
 .ARM.attributes
                0x000000000000004a       0x2d ./Core/Src/base_display.o
 .ARM.attributes
                0x0000000000000077       0x2d ./Core/Src/main.o
 .ARM.attributes
                0x00000000000000a4       0x2d ./Core/Src/pcf8574.o
 .ARM.attributes
                0x00000000000000d1       0x2d ./Core/Src/stm32f1xx_hal_msp.o
 .ARM.attributes
                0x00000000000000fe       0x2d ./Core/Src/stm32f1xx_it.o
 .ARM.attributes
                0x000000000000012b       0x2d ./Core/Src/syscalls.o
 .ARM.attributes
                0x0000000000000158       0x2d ./Core/Src/system_stm32f1xx.o
 .ARM.attributes
                0x0000000000000185       0x21 ./Core/Startup/startup_stm32f103c8tx.o
 .ARM.attributes
                0x00000000000001a6       0x2d ./Drivers/STM32F1xx_HAL_Driver/Src/stm32f1xx_hal.o
 .ARM.attributes
                0x00000000000001d3       0x2d ./Drivers/STM32F1xx_HAL_Driver/Src/stm32f1xx_hal_cortex.o
 .ARM.attributes
                0x0000000000000200       0x2d ./Drivers/STM32F1xx_HAL_Driver/Src/stm32f1xx_hal_gpio.o
 .ARM.attributes
                0x000000000000022d       0x2d ./Drivers/STM32F1xx_HAL_Driver/Src/stm32f1xx_hal_i2c.o
 .ARM.attributes
                0x000000000000025a       0x2d ./Drivers/STM32F1xx_HAL_Driver/Src/stm32f1xx_hal_rcc.o
 .ARM.attributes
                0x0000000000000287       0x2d c:/program files (x86)/stm32cubeide_1.8.0/stm32cubeide/plugins/com.st.stm32cube.ide.mcu.externaltools.gnu-tools-for-stm32.9-2020-q2-update.win32_2.0.0.202105311346/tools/bin/../lib/gcc/arm-none-eabi/9.3.1/../../../../arm-none-eabi/lib/thumb/v7-m/nofp\libstdc++_nano.a(pure.o)
 .ARM.attributes
                0x00000000000002b4       0x2d c:/program files (x86)/stm32cubeide_1.8.0/stm32cubeide/plugins/com.st.stm32cube.ide.mcu.externaltools.gnu-tools-for-stm32.9-2020-q2-update.win32_2.0.0.202105311346/tools/bin/../lib/gcc/arm-none-eabi/9.3.1/../../../../arm-none-eabi/lib/thumb/v7-m/nofp\libstdc++_nano.a(eh_terminate.o)
 .ARM.attributes
                0x00000000000002e1       0x2d c:/program files (x86)/stm32cubeide_1.8.0/stm32cubeide/plugins/com.st.stm32cube.ide.mcu.externaltools.gnu-tools-for-stm32.9-2020-q2-update.win32_2.0.0.202105311346/tools/bin/../lib/gcc/arm-none-eabi/9.3.1/../../../../arm-none-eabi/lib/thumb/v7-m/nofp\libstdc++_nano.a(eh_term_handler.o)
 .ARM.attributes
                0x000000000000030e       0x2d c:/program files (x86)/stm32cubeide_1.8.0/stm32cubeide/plugins/com.st.stm32cube.ide.mcu.externaltools.gnu-tools-for-stm32.9-2020-q2-update.win32_2.0.0.202105311346/tools/bin/../lib/gcc/arm-none-eabi/9.3.1/../../../../arm-none-eabi/lib/thumb/v7-m/nofp\libc_nano.a(lib_a-abort.o)
 .ARM.attributes
                0x000000000000033b       0x2d c:/program files (x86)/stm32cubeide_1.8.0/stm32cubeide/plugins/com.st.stm32cube.ide.mcu.externaltools.gnu-tools-for-stm32.9-2020-q2-update.win32_2.0.0.202105311346/tools/bin/../lib/gcc/arm-none-eabi/9.3.1/../../../../arm-none-eabi/lib/thumb/v7-m/nofp\libc_nano.a(lib_a-errno.o)
 .ARM.attributes
                0x0000000000000368       0x2d c:/program files (x86)/stm32cubeide_1.8.0/stm32cubeide/plugins/com.st.stm32cube.ide.mcu.externaltools.gnu-tools-for-stm32.9-2020-q2-update.win32_2.0.0.202105311346/tools/bin/../lib/gcc/arm-none-eabi/9.3.1/../../../../arm-none-eabi/lib/thumb/v7-m/nofp\libc_nano.a(lib_a-impure.o)
 .ARM.attributes
                0x0000000000000395       0x2d c:/program files (x86)/stm32cubeide_1.8.0/stm32cubeide/plugins/com.st.stm32cube.ide.mcu.externaltools.gnu-tools-for-stm32.9-2020-q2-update.win32_2.0.0.202105311346/tools/bin/../lib/gcc/arm-none-eabi/9.3.1/../../../../arm-none-eabi/lib/thumb/v7-m/nofp\libc_nano.a(lib_a-init.o)
 .ARM.attributes
                0x00000000000003c2       0x2d c:/program files (x86)/stm32cubeide_1.8.0/stm32cubeide/plugins/com.st.stm32cube.ide.mcu.externaltools.gnu-tools-for-stm32.9-2020-q2-update.win32_2.0.0.202105311346/tools/bin/../lib/gcc/arm-none-eabi/9.3.1/../../../../arm-none-eabi/lib/thumb/v7-m/nofp\libc_nano.a(lib_a-memset.o)
 .ARM.attributes
                0x00000000000003ef       0x2d c:/program files (x86)/stm32cubeide_1.8.0/stm32cubeide/plugins/com.st.stm32cube.ide.mcu.externaltools.gnu-tools-for-stm32.9-2020-q2-update.win32_2.0.0.202105311346/tools/bin/../lib/gcc/arm-none-eabi/9.3.1/../../../../arm-none-eabi/lib/thumb/v7-m/nofp\libc_nano.a(lib_a-signal.o)
 .ARM.attributes
                0x000000000000041c       0x2d c:/program files (x86)/stm32cubeide_1.8.0/stm32cubeide/plugins/com.st.stm32cube.ide.mcu.externaltools.gnu-tools-for-stm32.9-2020-q2-update.win32_2.0.0.202105311346/tools/bin/../lib/gcc/arm-none-eabi/9.3.1/../../../../arm-none-eabi/lib/thumb/v7-m/nofp\libc_nano.a(lib_a-signalr.o)
 .ARM.attributes
                0x0000000000000449       0x2d c:/program files (x86)/stm32cubeide_1.8.0/stm32cubeide/plugins/com.st.stm32cube.ide.mcu.externaltools.gnu-tools-for-stm32.9-2020-q2-update.win32_2.0.0.202105311346/tools/bin/../lib/gcc/arm-none-eabi/9.3.1/../../../../arm-none-eabi/lib/thumb/v7-m/nofp\libc_nano.a(lib_a-reent.o)
 .ARM.attributes
                0x0000000000000476       0x1d c:/program files (x86)/stm32cubeide_1.8.0/stm32cubeide/plugins/com.st.stm32cube.ide.mcu.externaltools.gnu-tools-for-stm32.9-2020-q2-update.win32_2.0.0.202105311346/tools/bin/../lib/gcc/arm-none-eabi/9.3.1/thumb/v7-m/nofp\libgcc.a(_arm_addsubdf3.o)
 .ARM.attributes
                0x0000000000000493       0x1d c:/program files (x86)/stm32cubeide_1.8.0/stm32cubeide/plugins/com.st.stm32cube.ide.mcu.externaltools.gnu-tools-for-stm32.9-2020-q2-update.win32_2.0.0.202105311346/tools/bin/../lib/gcc/arm-none-eabi/9.3.1/thumb/v7-m/nofp\libgcc.a(_arm_muldivdf3.o)
 .ARM.attributes
                0x00000000000004b0       0x1d c:/program files (x86)/stm32cubeide_1.8.0/stm32cubeide/plugins/com.st.stm32cube.ide.mcu.externaltools.gnu-tools-for-stm32.9-2020-q2-update.win32_2.0.0.202105311346/tools/bin/../lib/gcc/arm-none-eabi/9.3.1/thumb/v7-m/nofp\libgcc.a(_arm_cmpdf2.o)
 .ARM.attributes
                0x00000000000004cd       0x1d c:/program files (x86)/stm32cubeide_1.8.0/stm32cubeide/plugins/com.st.stm32cube.ide.mcu.externaltools.gnu-tools-for-stm32.9-2020-q2-update.win32_2.0.0.202105311346/tools/bin/../lib/gcc/arm-none-eabi/9.3.1/thumb/v7-m/nofp\libgcc.a(_arm_unorddf2.o)
 .ARM.attributes
                0x00000000000004ea       0x1d c:/program files (x86)/stm32cubeide_1.8.0/stm32cubeide/plugins/com.st.stm32cube.ide.mcu.externaltools.gnu-tools-for-stm32.9-2020-q2-update.win32_2.0.0.202105311346/tools/bin/../lib/gcc/arm-none-eabi/9.3.1/thumb/v7-m/nofp\libgcc.a(_arm_fixunsdfsi.o)
 .ARM.attributes
                0x0000000000000507       0x1d c:/program files (x86)/stm32cubeide_1.8.0/stm32cubeide/plugins/com.st.stm32cube.ide.mcu.externaltools.gnu-tools-for-stm32.9-2020-q2-update.win32_2.0.0.202105311346/tools/bin/../lib/gcc/arm-none-eabi/9.3.1/thumb/v7-m/nofp/crtn.o
OUTPUT(LCD_I2C.elf elf32-littlearm)
LOAD linker stubs
LOAD c:/program files (x86)/stm32cubeide_1.8.0/stm32cubeide/plugins/com.st.stm32cube.ide.mcu.externaltools.gnu-tools-for-stm32.9-2020-q2-update.win32_2.0.0.202105311346/tools/bin/../lib/gcc/arm-none-eabi/9.3.1/../../../../arm-none-eabi/lib/thumb/v7-m/nofp\libc.a
LOAD c:/program files (x86)/stm32cubeide_1.8.0/stm32cubeide/plugins/com.st.stm32cube.ide.mcu.externaltools.gnu-tools-for-stm32.9-2020-q2-update.win32_2.0.0.202105311346/tools/bin/../lib/gcc/arm-none-eabi/9.3.1/../../../../arm-none-eabi/lib/thumb/v7-m/nofp\libm.a
LOAD c:/program files (x86)/stm32cubeide_1.8.0/stm32cubeide/plugins/com.st.stm32cube.ide.mcu.externaltools.gnu-tools-for-stm32.9-2020-q2-update.win32_2.0.0.202105311346/tools/bin/../lib/gcc/arm-none-eabi/9.3.1/thumb/v7-m/nofp\libgcc.a

.debug_info     0x0000000000000000    0x10049
 .debug_info    0x0000000000000000     0x2ceb ./Core/Src/base_display.o
 .debug_info    0x0000000000002ceb     0x32e3 ./Core/Src/main.o
 .debug_info    0x0000000000005fce     0x381e ./Core/Src/pcf8574.o
 .debug_info    0x00000000000097ec      0x950 ./Core/Src/stm32f1xx_hal_msp.o
 .debug_info    0x000000000000a13c      0x222 ./Core/Src/stm32f1xx_it.o
 .debug_info    0x000000000000a35e      0xfa8 ./Core/Src/syscalls.o
 .debug_info    0x000000000000b306      0x2be ./Core/Src/system_stm32f1xx.o
 .debug_info    0x000000000000b5c4       0x22 ./Core/Startup/startup_stm32f103c8tx.o
 .debug_info    0x000000000000b5e6      0x76a ./Drivers/STM32F1xx_HAL_Driver/Src/stm32f1xx_hal.o
 .debug_info    0x000000000000bd50      0xbdc ./Drivers/STM32F1xx_HAL_Driver/Src/stm32f1xx_hal_cortex.o
 .debug_info    0x000000000000c92c      0x701 ./Drivers/STM32F1xx_HAL_Driver/Src/stm32f1xx_hal_gpio.o
 .debug_info    0x000000000000d02d     0x278e ./Drivers/STM32F1xx_HAL_Driver/Src/stm32f1xx_hal_i2c.o
 .debug_info    0x000000000000f7bb      0x88e ./Drivers/STM32F1xx_HAL_Driver/Src/stm32f1xx_hal_rcc.o

.debug_abbrev   0x0000000000000000     0x1ed3
 .debug_abbrev  0x0000000000000000      0x3b7 ./Core/Src/base_display.o
 .debug_abbrev  0x00000000000003b7      0x424 ./Core/Src/main.o
 .debug_abbrev  0x00000000000007db      0x4b1 ./Core/Src/pcf8574.o
 .debug_abbrev  0x0000000000000c8c      0x1ac ./Core/Src/stm32f1xx_hal_msp.o
 .debug_abbrev  0x0000000000000e38       0xd2 ./Core/Src/stm32f1xx_it.o
 .debug_abbrev  0x0000000000000f0a      0x286 ./Core/Src/syscalls.o
 .debug_abbrev  0x0000000000001190      0x14e ./Core/Src/system_stm32f1xx.o
 .debug_abbrev  0x00000000000012de       0x12 ./Core/Startup/startup_stm32f103c8tx.o
 .debug_abbrev  0x00000000000012f0      0x1ed ./Drivers/STM32F1xx_HAL_Driver/Src/stm32f1xx_hal.o
 .debug_abbrev  0x00000000000014dd      0x313 ./Drivers/STM32F1xx_HAL_Driver/Src/stm32f1xx_hal_cortex.o
 .debug_abbrev  0x00000000000017f0      0x1e8 ./Drivers/STM32F1xx_HAL_Driver/Src/stm32f1xx_hal_gpio.o
 .debug_abbrev  0x00000000000019d8      0x288 ./Drivers/STM32F1xx_HAL_Driver/Src/stm32f1xx_hal_i2c.o
 .debug_abbrev  0x0000000000001c60      0x273 ./Drivers/STM32F1xx_HAL_Driver/Src/stm32f1xx_hal_rcc.o

.debug_aranges  0x0000000000000000      0x848
 .debug_aranges
                0x0000000000000000       0x80 ./Core/Src/base_display.o
 .debug_aranges
                0x0000000000000080       0x50 ./Core/Src/main.o
 .debug_aranges
                0x00000000000000d0       0x88 ./Core/Src/pcf8574.o
 .debug_aranges
                0x0000000000000158       0x30 ./Core/Src/stm32f1xx_hal_msp.o
 .debug_aranges
                0x0000000000000188       0x60 ./Core/Src/stm32f1xx_it.o
 .debug_aranges
                0x00000000000001e8       0xa8 ./Core/Src/syscalls.o
 .debug_aranges
                0x0000000000000290       0x28 ./Core/Src/system_stm32f1xx.o
 .debug_aranges
                0x00000000000002b8       0x28 ./Core/Startup/startup_stm32f103c8tx.o
 .debug_aranges
                0x00000000000002e0       0xe0 ./Drivers/STM32F1xx_HAL_Driver/Src/stm32f1xx_hal.o
 .debug_aranges
                0x00000000000003c0      0x100 ./Drivers/STM32F1xx_HAL_Driver/Src/stm32f1xx_hal_cortex.o
 .debug_aranges
                0x00000000000004c0       0x58 ./Drivers/STM32F1xx_HAL_Driver/Src/stm32f1xx_hal_gpio.o
 .debug_aranges
                0x0000000000000518      0x2a0 ./Drivers/STM32F1xx_HAL_Driver/Src/stm32f1xx_hal_i2c.o
 .debug_aranges
                0x00000000000007b8       0x90 ./Drivers/STM32F1xx_HAL_Driver/Src/stm32f1xx_hal_rcc.o

.debug_ranges   0x0000000000000000      0x7a8
 .debug_ranges  0x0000000000000000       0x70 ./Core/Src/base_display.o
 .debug_ranges  0x0000000000000070       0x40 ./Core/Src/main.o
 .debug_ranges  0x00000000000000b0       0x78 ./Core/Src/pcf8574.o
 .debug_ranges  0x0000000000000128       0x20 ./Core/Src/stm32f1xx_hal_msp.o
 .debug_ranges  0x0000000000000148       0x50 ./Core/Src/stm32f1xx_it.o
 .debug_ranges  0x0000000000000198       0x98 ./Core/Src/syscalls.o
 .debug_ranges  0x0000000000000230       0x18 ./Core/Src/system_stm32f1xx.o
 .debug_ranges  0x0000000000000248       0x20 ./Core/Startup/startup_stm32f103c8tx.o
 .debug_ranges  0x0000000000000268       0xd0 ./Drivers/STM32F1xx_HAL_Driver/Src/stm32f1xx_hal.o
 .debug_ranges  0x0000000000000338       0xf0 ./Drivers/STM32F1xx_HAL_Driver/Src/stm32f1xx_hal_cortex.o
 .debug_ranges  0x0000000000000428       0x48 ./Drivers/STM32F1xx_HAL_Driver/Src/stm32f1xx_hal_gpio.o
 .debug_ranges  0x0000000000000470      0x2b8 ./Drivers/STM32F1xx_HAL_Driver/Src/stm32f1xx_hal_i2c.o
 .debug_ranges  0x0000000000000728       0x80 ./Drivers/STM32F1xx_HAL_Driver/Src/stm32f1xx_hal_rcc.o

.debug_macro    0x0000000000000000    0x1a587
 .debug_macro   0x0000000000000000      0x1be ./Core/Src/base_display.o
 .debug_macro   0x00000000000001be      0xb74 ./Core/Src/base_display.o
 .debug_macro   0x0000000000000d32       0x1c ./Core/Src/base_display.o
 .debug_macro   0x0000000000000d4e       0x22 ./Core/Src/base_display.o
 .debug_macro   0x0000000000000d70       0x8e ./Core/Src/base_display.o
 .debug_macro   0x0000000000000dfe       0x51 ./Core/Src/base_display.o
 .debug_macro   0x0000000000000e4f      0x103 ./Core/Src/base_display.o
 .debug_macro   0x0000000000000f52       0x6a ./Core/Src/base_display.o
 .debug_macro   0x0000000000000fbc      0x1df ./Core/Src/base_display.o
 .debug_macro   0x000000000000119b      0x17c ./Core/Src/base_display.o
 .debug_macro   0x0000000000001317       0x10 ./Core/Src/base_display.o
 .debug_macro   0x0000000000001327      0x41e ./Core/Src/base_display.o
 .debug_macro   0x0000000000001745       0x18 ./Core/Src/base_display.o
 .debug_macro   0x000000000000175d       0x52 ./Core/Src/base_display.o
 .debug_macro   0x00000000000017af       0x18 ./Core/Src/base_display.o
 .debug_macro   0x00000000000017c7       0x3c ./Core/Src/base_display.o
 .debug_macro   0x0000000000001803       0x34 ./Core/Src/base_display.o
 .debug_macro   0x0000000000001837      0x17b ./Core/Src/base_display.o
 .debug_macro   0x00000000000019b2       0x16 ./Core/Src/base_display.o
 .debug_macro   0x00000000000019c8       0x43 ./Core/Src/base_display.o
 .debug_macro   0x0000000000001a0b       0x34 ./Core/Src/base_display.o
 .debug_macro   0x0000000000001a3f       0x10 ./Core/Src/base_display.o
 .debug_macro   0x0000000000001a4f       0x58 ./Core/Src/base_display.o
 .debug_macro   0x0000000000001aa7       0x71 ./Core/Src/base_display.o
 .debug_macro   0x0000000000001b18       0x16 ./Core/Src/base_display.o
 .debug_macro   0x0000000000001b2e      0x12a ./Core/Src/base_display.o
 .debug_macro   0x0000000000001c58      0x35c ./Core/Src/base_display.o
 .debug_macro   0x0000000000001fb4      0x1a2 ./Core/Src/base_display.o
 .debug_macro   0x0000000000002156       0x10 ./Core/Src/base_display.o
 .debug_macro   0x0000000000002166       0x16 ./Core/Src/base_display.o
 .debug_macro   0x000000000000217c       0x35 ./Core/Src/base_display.o
 .debug_macro   0x00000000000021b1       0x16 ./Core/Src/base_display.o
 .debug_macro   0x00000000000021c7       0x29 ./Core/Src/base_display.o
 .debug_macro   0x00000000000021f0       0x10 ./Core/Src/base_display.o
 .debug_macro   0x0000000000002200      0x3c7 ./Core/Src/base_display.o
 .debug_macro   0x00000000000025c7       0x1c ./Core/Src/base_display.o
 .debug_macro   0x00000000000025e3      0x2f7 ./Core/Src/main.o
 .debug_macro   0x00000000000028da      0x215 ./Core/Src/main.o
 .debug_macro   0x0000000000002aef       0x2e ./Core/Src/main.o
 .debug_macro   0x0000000000002b1d       0x22 ./Core/Src/main.o
 .debug_macro   0x0000000000002b3f       0x1c ./Core/Src/main.o
 .debug_macro   0x0000000000002b5b       0x22 ./Core/Src/main.o
 .debug_macro   0x0000000000002b7d       0xc3 ./Core/Src/main.o
 .debug_macro   0x0000000000002c40      0xd23 ./Core/Src/main.o
 .debug_macro   0x0000000000003963     0xe09e ./Core/Src/main.o
 .debug_macro   0x0000000000011a01       0x6d ./Core/Src/main.o
 .debug_macro   0x0000000000011a6e     0x3468 ./Core/Src/main.o
 .debug_macro   0x0000000000014ed6       0x5c ./Core/Src/main.o
 .debug_macro   0x0000000000014f32      0x5be ./Core/Src/main.o
 .debug_macro   0x00000000000154f0      0x289 ./Core/Src/main.o
 .debug_macro   0x0000000000015779      0x1cb ./Core/Src/main.o
 .debug_macro   0x0000000000015944      0x114 ./Core/Src/main.o
 .debug_macro   0x0000000000015a58      0x1b2 ./Core/Src/main.o
 .debug_macro   0x0000000000015c0a       0x27 ./Core/Src/main.o
 .debug_macro   0x0000000000015c31      0x136 ./Core/Src/main.o
 .debug_macro   0x0000000000015d67      0x1bc ./Core/Src/main.o
 .debug_macro   0x0000000000015f23       0x34 ./Core/Src/main.o
 .debug_macro   0x0000000000015f57       0x3c ./Core/Src/main.o
 .debug_macro   0x0000000000015f93       0x57 ./Core/Src/main.o
 .debug_macro   0x0000000000015fea       0x88 ./Core/Src/main.o
 .debug_macro   0x0000000000016072      0x241 ./Core/Src/main.o
 .debug_macro   0x00000000000162b3      0x287 ./Core/Src/main.o
 .debug_macro   0x000000000001653a      0x141 ./Core/Src/main.o
 .debug_macro   0x000000000001667b       0x83 ./Core/Src/main.o
 .debug_macro   0x00000000000166fe       0x10 ./Core/Src/main.o
 .debug_macro   0x000000000001670e      0x356 ./Core/Src/main.o
 .debug_macro   0x0000000000016a64      0x2e8 ./Core/Src/pcf8574.o
 .debug_macro   0x0000000000016d4c      0x19d ./Core/Src/stm32f1xx_hal_msp.o
 .debug_macro   0x0000000000016ee9      0xa9c ./Core/Src/stm32f1xx_hal_msp.o
 .debug_macro   0x0000000000017985      0xd23 ./Core/Src/stm32f1xx_hal_msp.o
 .debug_macro   0x00000000000186a8      0x174 ./Core/Src/stm32f1xx_hal_msp.o
 .debug_macro   0x000000000001881c      0x1a7 ./Core/Src/stm32f1xx_it.o
 .debug_macro   0x00000000000189c3      0x24c ./Core/Src/syscalls.o
 .debug_macro   0x0000000000018c0f       0x4c ./Core/Src/syscalls.o
 .debug_macro   0x0000000000018c5b       0x94 ./Core/Src/syscalls.o
 .debug_macro   0x0000000000018cef       0x34 ./Core/Src/syscalls.o
 .debug_macro   0x0000000000018d23       0x57 ./Core/Src/syscalls.o
 .debug_macro   0x0000000000018d7a      0x339 ./Core/Src/syscalls.o
 .debug_macro   0x00000000000190b3       0x43 ./Core/Src/syscalls.o
 .debug_macro   0x00000000000190f6       0x1c ./Core/Src/syscalls.o
 .debug_macro   0x0000000000019112       0x10 ./Core/Src/syscalls.o
 .debug_macro   0x0000000000019122       0x35 ./Core/Src/syscalls.o
 .debug_macro   0x0000000000019157       0x10 ./Core/Src/syscalls.o
 .debug_macro   0x0000000000019167       0x10 ./Core/Src/syscalls.o
 .debug_macro   0x0000000000019177       0x10 ./Core/Src/syscalls.o
 .debug_macro   0x0000000000019187       0x1c ./Core/Src/syscalls.o
 .debug_macro   0x00000000000191a3       0x52 ./Core/Src/syscalls.o
 .debug_macro   0x00000000000191f5       0x22 ./Core/Src/syscalls.o
 .debug_macro   0x0000000000019217       0x10 ./Core/Src/syscalls.o
 .debug_macro   0x0000000000019227       0x40 ./Core/Src/syscalls.o
 .debug_macro   0x0000000000019267       0xd5 ./Core/Src/syscalls.o
 .debug_macro   0x000000000001933c       0x1c ./Core/Src/syscalls.o
 .debug_macro   0x0000000000019358       0x3d ./Core/Src/syscalls.o
 .debug_macro   0x0000000000019395       0x35 ./Core/Src/syscalls.o
 .debug_macro   0x00000000000193ca      0x12c ./Core/Src/syscalls.o
 .debug_macro   0x00000000000194f6       0x10 ./Core/Src/syscalls.o
 .debug_macro   0x0000000000019506      0x241 ./Core/Src/syscalls.o
 .debug_macro   0x0000000000019747       0x1c ./Core/Src/syscalls.o
 .debug_macro   0x0000000000019763       0x10 ./Core/Src/syscalls.o
 .debug_macro   0x0000000000019773       0x10 ./Core/Src/syscalls.o
 .debug_macro   0x0000000000019783       0x16 ./Core/Src/syscalls.o
 .debug_macro   0x0000000000019799      0x145 ./Core/Src/syscalls.o
 .debug_macro   0x00000000000198de      0x189 ./Core/Src/syscalls.o
 .debug_macro   0x0000000000019a67       0x16 ./Core/Src/syscalls.o
 .debug_macro   0x0000000000019a7d       0xce ./Core/Src/syscalls.o
 .debug_macro   0x0000000000019b4b      0x18e ./Core/Src/system_stm32f1xx.o
 .debug_macro   0x0000000000019cd9      0x1b2 ./Drivers/STM32F1xx_HAL_Driver/Src/stm32f1xx_hal.o
 .debug_macro   0x0000000000019e8b      0x18e ./Drivers/STM32F1xx_HAL_Driver/Src/stm32f1xx_hal_cortex.o
 .debug_macro   0x000000000001a019      0x1f9 ./Drivers/STM32F1xx_HAL_Driver/Src/stm32f1xx_hal_gpio.o
 .debug_macro   0x000000000001a212      0x1d5 ./Drivers/STM32F1xx_HAL_Driver/Src/stm32f1xx_hal_i2c.o
 .debug_macro   0x000000000001a3e7      0x1a0 ./Drivers/STM32F1xx_HAL_Driver/Src/stm32f1xx_hal_rcc.o

.debug_line     0x0000000000000000     0xb1fa
 .debug_line    0x0000000000000000      0xd45 ./Core/Src/base_display.o
 .debug_line    0x0000000000000d45      0xeba ./Core/Src/main.o
 .debug_line    0x0000000000001bff      0xfde ./Core/Src/pcf8574.o
 .debug_line    0x0000000000002bdd      0x708 ./Core/Src/stm32f1xx_hal_msp.o
 .debug_line    0x00000000000032e5      0x780 ./Core/Src/stm32f1xx_it.o
 .debug_line    0x0000000000003a65      0x94e ./Core/Src/syscalls.o
 .debug_line    0x00000000000043b3      0x73c ./Core/Src/system_stm32f1xx.o
 .debug_line    0x0000000000004aef       0x87 ./Core/Startup/startup_stm32f103c8tx.o
 .debug_line    0x0000000000004b76      0x969 ./Drivers/STM32F1xx_HAL_Driver/Src/stm32f1xx_hal.o
 .debug_line    0x00000000000054df      0xb51 ./Drivers/STM32F1xx_HAL_Driver/Src/stm32f1xx_hal_cortex.o
 .debug_line    0x0000000000006030      0xa00 ./Drivers/STM32F1xx_HAL_Driver/Src/stm32f1xx_hal_gpio.o
 .debug_line    0x0000000000006a30     0x3a53 ./Drivers/STM32F1xx_HAL_Driver/Src/stm32f1xx_hal_i2c.o
 .debug_line    0x000000000000a483      0xd77 ./Drivers/STM32F1xx_HAL_Driver/Src/stm32f1xx_hal_rcc.o

.debug_str      0x0000000000000000    0x872b1
 .debug_str     0x0000000000000000     0xa224 ./Core/Src/base_display.o
                                       0xa5fb (size before relaxing)
 .debug_str     0x000000000000a224    0x78b0e ./Core/Src/main.o
                                      0x832bc (size before relaxing)
 .debug_str     0x0000000000082d32      0x2c7 ./Core/Src/pcf8574.o
                                      0x832ad (size before relaxing)
 .debug_str     0x0000000000082ff9      0x232 ./Core/Src/stm32f1xx_hal_msp.o
                                      0x7ca3d (size before relaxing)
 .debug_str     0x000000000008322b       0xbd ./Core/Src/stm32f1xx_it.o
                                      0x7c586 (size before relaxing)
 .debug_str     0x00000000000832e8     0x265e ./Core/Src/syscalls.o
                                       0x8e7b (size before relaxing)
 .debug_str     0x0000000000085946       0x52 ./Core/Src/system_stm32f1xx.o
                                      0x7c52e (size before relaxing)
 .debug_str     0x0000000000085998       0x36 ./Core/Startup/startup_stm32f103c8tx.o
                                         0x62 (size before relaxing)
 .debug_str     0x00000000000859ce      0x551 ./Drivers/STM32F1xx_HAL_Driver/Src/stm32f1xx_hal.o
                                      0x7cbbf (size before relaxing)
 .debug_str     0x0000000000085f1f      0x2f7 ./Drivers/STM32F1xx_HAL_Driver/Src/stm32f1xx_hal_cortex.o
                                      0x7cbc7 (size before relaxing)
 .debug_str     0x0000000000086216      0x316 ./Drivers/STM32F1xx_HAL_Driver/Src/stm32f1xx_hal_gpio.o
                                      0x7c8f2 (size before relaxing)
 .debug_str     0x000000000008652c      0xb41 ./Drivers/STM32F1xx_HAL_Driver/Src/stm32f1xx_hal_i2c.o
                                      0x7d56a (size before relaxing)
 .debug_str     0x000000000008706d      0x244 ./Drivers/STM32F1xx_HAL_Driver/Src/stm32f1xx_hal_rcc.o
                                      0x7c92b (size before relaxing)

.comment        0x0000000000000000       0x53
 .comment       0x0000000000000000       0x53 ./Core/Src/base_display.o
                                         0x54 (size before relaxing)
 .comment       0x0000000000000053       0x54 ./Core/Src/main.o
 .comment       0x0000000000000053       0x54 ./Core/Src/pcf8574.o
 .comment       0x0000000000000053       0x54 ./Core/Src/stm32f1xx_hal_msp.o
 .comment       0x0000000000000053       0x54 ./Core/Src/stm32f1xx_it.o
 .comment       0x0000000000000053       0x54 ./Core/Src/syscalls.o
 .comment       0x0000000000000053       0x54 ./Core/Src/system_stm32f1xx.o
 .comment       0x0000000000000053       0x54 ./Drivers/STM32F1xx_HAL_Driver/Src/stm32f1xx_hal.o
 .comment       0x0000000000000053       0x54 ./Drivers/STM32F1xx_HAL_Driver/Src/stm32f1xx_hal_cortex.o
 .comment       0x0000000000000053       0x54 ./Drivers/STM32F1xx_HAL_Driver/Src/stm32f1xx_hal_gpio.o
 .comment       0x0000000000000053       0x54 ./Drivers/STM32F1xx_HAL_Driver/Src/stm32f1xx_hal_i2c.o
 .comment       0x0000000000000053       0x54 ./Drivers/STM32F1xx_HAL_Driver/Src/stm32f1xx_hal_rcc.o

.debug_frame    0x0000000000000000     0x257c
 .debug_frame   0x0000000000000000      0x1f0 ./Core/Src/base_display.o
 .debug_frame   0x00000000000001f0       0xec ./Core/Src/main.o
 .debug_frame   0x00000000000002dc      0x20c ./Core/Src/pcf8574.o
 .debug_frame   0x00000000000004e8       0x80 ./Core/Src/stm32f1xx_hal_msp.o
 .debug_frame   0x0000000000000568      0x104 ./Core/Src/stm32f1xx_it.o
 .debug_frame   0x000000000000066c      0x2ac ./Core/Src/syscalls.o
 .debug_frame   0x0000000000000918       0x58 ./Core/Src/system_stm32f1xx.o
 .debug_frame   0x0000000000000970      0x334 ./Drivers/STM32F1xx_HAL_Driver/Src/stm32f1xx_hal.o
 .debug_frame   0x0000000000000ca4      0x428 ./Drivers/STM32F1xx_HAL_Driver/Src/stm32f1xx_hal_cortex.o
 .debug_frame   0x00000000000010cc      0x14c ./Drivers/STM32F1xx_HAL_Driver/Src/stm32f1xx_hal_gpio.o
 .debug_frame   0x0000000000001218      0xc5c ./Drivers/STM32F1xx_HAL_Driver/Src/stm32f1xx_hal_i2c.o
 .debug_frame   0x0000000000001e74      0x21c ./Drivers/STM32F1xx_HAL_Driver/Src/stm32f1xx_hal_rcc.o
 .debug_frame   0x0000000000002090       0x40 c:/program files (x86)/stm32cubeide_1.8.0/stm32cubeide/plugins/com.st.stm32cube.ide.mcu.externaltools.gnu-tools-for-stm32.9-2020-q2-update.win32_2.0.0.202105311346/tools/bin/../lib/gcc/arm-none-eabi/9.3.1/../../../../arm-none-eabi/lib/thumb/v7-m/nofp\libstdc++_nano.a(pure.o)
 .debug_frame   0x00000000000020d0       0xb0 c:/program files (x86)/stm32cubeide_1.8.0/stm32cubeide/plugins/com.st.stm32cube.ide.mcu.externaltools.gnu-tools-for-stm32.9-2020-q2-update.win32_2.0.0.202105311346/tools/bin/../lib/gcc/arm-none-eabi/9.3.1/../../../../arm-none-eabi/lib/thumb/v7-m/nofp\libstdc++_nano.a(eh_terminate.o)
 .debug_frame   0x0000000000002180       0x28 c:/program files (x86)/stm32cubeide_1.8.0/stm32cubeide/plugins/com.st.stm32cube.ide.mcu.externaltools.gnu-tools-for-stm32.9-2020-q2-update.win32_2.0.0.202105311346/tools/bin/../lib/gcc/arm-none-eabi/9.3.1/../../../../arm-none-eabi/lib/thumb/v7-m/nofp\libc_nano.a(lib_a-abort.o)
 .debug_frame   0x00000000000021a8       0x20 c:/program files (x86)/stm32cubeide_1.8.0/stm32cubeide/plugins/com.st.stm32cube.ide.mcu.externaltools.gnu-tools-for-stm32.9-2020-q2-update.win32_2.0.0.202105311346/tools/bin/../lib/gcc/arm-none-eabi/9.3.1/../../../../arm-none-eabi/lib/thumb/v7-m/nofp\libc_nano.a(lib_a-errno.o)
 .debug_frame   0x00000000000021c8       0x2c c:/program files (x86)/stm32cubeide_1.8.0/stm32cubeide/plugins/com.st.stm32cube.ide.mcu.externaltools.gnu-tools-for-stm32.9-2020-q2-update.win32_2.0.0.202105311346/tools/bin/../lib/gcc/arm-none-eabi/9.3.1/../../../../arm-none-eabi/lib/thumb/v7-m/nofp\libc_nano.a(lib_a-init.o)
 .debug_frame   0x00000000000021f4       0x20 c:/program files (x86)/stm32cubeide_1.8.0/stm32cubeide/plugins/com.st.stm32cube.ide.mcu.externaltools.gnu-tools-for-stm32.9-2020-q2-update.win32_2.0.0.202105311346/tools/bin/../lib/gcc/arm-none-eabi/9.3.1/../../../../arm-none-eabi/lib/thumb/v7-m/nofp\libc_nano.a(lib_a-memset.o)
 .debug_frame   0x0000000000002214       0xcc c:/program files (x86)/stm32cubeide_1.8.0/stm32cubeide/plugins/com.st.stm32cube.ide.mcu.externaltools.gnu-tools-for-stm32.9-2020-q2-update.win32_2.0.0.202105311346/tools/bin/../lib/gcc/arm-none-eabi/9.3.1/../../../../arm-none-eabi/lib/thumb/v7-m/nofp\libc_nano.a(lib_a-signal.o)
 .debug_frame   0x00000000000022e0       0x3c c:/program files (x86)/stm32cubeide_1.8.0/stm32cubeide/plugins/com.st.stm32cube.ide.mcu.externaltools.gnu-tools-for-stm32.9-2020-q2-update.win32_2.0.0.202105311346/tools/bin/../lib/gcc/arm-none-eabi/9.3.1/../../../../arm-none-eabi/lib/thumb/v7-m/nofp\libc_nano.a(lib_a-signalr.o)
 .debug_frame   0x000000000000231c       0x5c c:/program files (x86)/stm32cubeide_1.8.0/stm32cubeide/plugins/com.st.stm32cube.ide.mcu.externaltools.gnu-tools-for-stm32.9-2020-q2-update.win32_2.0.0.202105311346/tools/bin/../lib/gcc/arm-none-eabi/9.3.1/../../../../arm-none-eabi/lib/thumb/v7-m/nofp\libc_nano.a(lib_a-reent.o)
 .debug_frame   0x0000000000002378       0xac c:/program files (x86)/stm32cubeide_1.8.0/stm32cubeide/plugins/com.st.stm32cube.ide.mcu.externaltools.gnu-tools-for-stm32.9-2020-q2-update.win32_2.0.0.202105311346/tools/bin/../lib/gcc/arm-none-eabi/9.3.1/thumb/v7-m/nofp\libgcc.a(_arm_addsubdf3.o)
 .debug_frame   0x0000000000002424       0x50 c:/program files (x86)/stm32cubeide_1.8.0/stm32cubeide/plugins/com.st.stm32cube.ide.mcu.externaltools.gnu-tools-for-stm32.9-2020-q2-update.win32_2.0.0.202105311346/tools/bin/../lib/gcc/arm-none-eabi/9.3.1/thumb/v7-m/nofp\libgcc.a(_arm_muldivdf3.o)
 .debug_frame   0x0000000000002474       0xc4 c:/program files (x86)/stm32cubeide_1.8.0/stm32cubeide/plugins/com.st.stm32cube.ide.mcu.externaltools.gnu-tools-for-stm32.9-2020-q2-update.win32_2.0.0.202105311346/tools/bin/../lib/gcc/arm-none-eabi/9.3.1/thumb/v7-m/nofp\libgcc.a(_arm_cmpdf2.o)
 .debug_frame   0x0000000000002538       0x20 c:/program files (x86)/stm32cubeide_1.8.0/stm32cubeide/plugins/com.st.stm32cube.ide.mcu.externaltools.gnu-tools-for-stm32.9-2020-q2-update.win32_2.0.0.202105311346/tools/bin/../lib/gcc/arm-none-eabi/9.3.1/thumb/v7-m/nofp\libgcc.a(_arm_unorddf2.o)
 .debug_frame   0x0000000000002558       0x24 c:/program files (x86)/stm32cubeide_1.8.0/stm32cubeide/plugins/com.st.stm32cube.ide.mcu.externaltools.gnu-tools-for-stm32.9-2020-q2-update.win32_2.0.0.202105311346/tools/bin/../lib/gcc/arm-none-eabi/9.3.1/thumb/v7-m/nofp\libgcc.a(_arm_fixunsdfsi.o)
