base_display.h:14:7:constexpr BaseDisplay::BaseDisplay()	16	static
pcf8574.cpp:4:1:I2C_LCD::I2C_LCD(I2C_HandleTypeDef*, uint8_t, uint8_t, uint8_t, uint8_t, uint8_t, uint8_t)	24	static
pcf8574.cpp:12:6:void I2C_LCD::send_cmd(uint8_t)	32	static
pcf8574.cpp:24:6:void I2C_LCD::cursor(uint8_t, uint8_t)	16	static
pcf8574.cpp:74:9:virtual uint8_t I2C_LCD::write(uint8_t)	32	static
pcf8574.cpp:87:6:void I2C_LCD::init()	16	static
pcf8574.cpp:105:9:uint8_t I2C_LCD::printXY(uint8_t, uint8_t, const char*)	24	static
pcf8574.cpp:109:9:uint8_t I2C_LCD::printXY(uint8_t, uint8_t, const char*, unsigned int)	24	static
pcf8574.cpp:113:9:uint8_t I2C_LCD::printXY(uint8_t, uint8_t, unsigned char, int)	16	static
pcf8574.cpp:117:9:uint8_t I2C_LCD::printXY(uint8_t, uint8_t, int, int)	24	static
pcf8574.cpp:121:9:uint8_t I2C_LCD::printXY(uint8_t, uint8_t, unsigned int, int)	24	static
pcf8574.cpp:125:9:uint8_t I2C_LCD::printXY(uint8_t, uint8_t, long int, int)	24	static
pcf8574.cpp:129:9:uint8_t I2C_LCD::printXY(uint8_t, uint8_t, long unsigned int, int)	24	static
pcf8574.cpp:133:9:uint8_t I2C_LCD::printXY(uint8_t, uint8_t, double, int)	24	static
