main.c:76:5:main	8	static
main.c:122:6:SystemClock_Config	72	static
main.c:161:13:MX_TIM1_Init	32	static
main.c:207:13:MX_USART1_UART_Init	8	static
main.c:240:13:MX_GPIO_Init	40	static
main.c:263:9:write	16	static
main.c:268:9:print	16	static
main.c:273:9:printNumber	56	static
main.c:291:9:printFloat	80	static
main.c:331:9:println	24	static
main.c:336:9:printNumberln	24	static
main.c:342:9:printFloatln	32	static
main.c:348:6:TIM1_CC_IRQHandler	8	static
main.c:363:6:HAL_TIM_PeriodElapsedCallback	16	static
main.c:380:6:Error_Handler	4	static,ignoring_inline_asm
