00:53:58 **** Build of configuration Debug for project DCMotorLqr ****
make -j4 all 
arm-none-eabi-g++ "../Use/Use.cpp" -mcpu=cortex-m3 -std=gnu++14 -g3 -DDEBUG -DUSE_HAL_DRIVER -DSTM32F103xB -c -I../Core/Inc -I../Drivers/STM32F1xx_HAL_Driver/Inc -I../Drivers/STM32F1xx_HAL_Driver/Inc/Legacy -I../Drivers/CMSIS/Device/ST/STM32F1xx/Include -I../Drivers/CMSIS/Include -I../Use -I../DCMotor -O0 -ffunction-sections -fdata-sections -fno-exceptions -fno-rtti -fno-use-cxa-atexit -Wall -fstack-usage -MMD -MP -MF"Use/Use.d" -MT"Use/Use.o" --specs=nano.specs -mfloat-abi=soft -mthumb -o "Use/Use.o"
arm-none-eabi-gcc "../Drivers/STM32F1xx_HAL_Driver/Src/stm32f1xx_hal.c" -mcpu=cortex-m3 -std=gnu11 -g3 -DDEBUG -DUSE_HAL_DRIVER -DSTM32F103xB -c -I../Core/Inc -I../Drivers/STM32F1xx_HAL_Driver/Inc -I../Drivers/STM32F1xx_HAL_Driver/Inc/Legacy -I../Drivers/CMSIS/Device/ST/STM32F1xx/Include -I../Drivers/CMSIS/Include -I../Use -I../DCMotor -O0 -ffunction-sections -fdata-sections -Wall -fstack-usage -MMD -MP -MF"Drivers/STM32F1xx_HAL_Driver/Src/stm32f1xx_hal.d" -MT"Drivers/STM32F1xx_HAL_Driver/Src/stm32f1xx_hal.o" --specs=nano.specs -mfloat-abi=soft -mthumb -o "Drivers/STM32F1xx_HAL_Driver/Src/stm32f1xx_hal.o"
arm-none-eabi-gcc "../Drivers/STM32F1xx_HAL_Driver/Src/stm32f1xx_hal_cortex.c" -mcpu=cortex-m3 -std=gnu11 -g3 -DDEBUG -DUSE_HAL_DRIVER -DSTM32F103xB -c -I../Core/Inc -I../Drivers/STM32F1xx_HAL_Driver/Inc -I../Drivers/STM32F1xx_HAL_Driver/Inc/Legacy -I../Drivers/CMSIS/Device/ST/STM32F1xx/Include -I../Drivers/CMSIS/Include -I../Use -I../DCMotor -O0 -ffunction-sections -fdata-sections -Wall -fstack-usage -MMD -MP -MF"Drivers/STM32F1xx_HAL_Driver/Src/stm32f1xx_hal_cortex.d" -MT"Drivers/STM32F1xx_HAL_Driver/Src/stm32f1xx_hal_cortex.o" --specs=nano.specs -mfloat-abi=soft -mthumb -o "Drivers/STM32F1xx_HAL_Driver/Src/stm32f1xx_hal_cortex.o"
arm-none-eabi-gcc "../Drivers/STM32F1xx_HAL_Driver/Src/stm32f1xx_hal_dma.c" -mcpu=cortex-m3 -std=gnu11 -g3 -DDEBUG -DUSE_HAL_DRIVER -DSTM32F103xB -c -I../Core/Inc -I../Drivers/STM32F1xx_HAL_Driver/Inc -I../Drivers/STM32F1xx_HAL_Driver/Inc/Legacy -I../Drivers/CMSIS/Device/ST/STM32F1xx/Include -I../Drivers/CMSIS/Include -I../Use -I../DCMotor -O0 -ffunction-sections -fdata-sections -Wall -fstack-usage -MMD -MP -MF"Drivers/STM32F1xx_HAL_Driver/Src/stm32f1xx_hal_dma.d" -MT"Drivers/STM32F1xx_HAL_Driver/Src/stm32f1xx_hal_dma.o" --specs=nano.specs -mfloat-abi=soft -mthumb -o "Drivers/STM32F1xx_HAL_Driver/Src/stm32f1xx_hal_dma.o"
arm-none-eabi-gcc "../Drivers/STM32F1xx_HAL_Driver/Src/stm32f1xx_hal_exti.c" -mcpu=cortex-m3 -std=gnu11 -g3 -DDEBUG -DUSE_HAL_DRIVER -DSTM32F103xB -c -I../Core/Inc -I../Drivers/STM32F1xx_HAL_Driver/Inc -I../Drivers/STM32F1xx_HAL_Driver/Inc/Legacy -I../Drivers/CMSIS/Device/ST/STM32F1xx/Include -I../Drivers/CMSIS/Include -I../Use -I../DCMotor -O0 -ffunction-sections -fdata-sections -Wall -fstack-usage -MMD -MP -MF"Drivers/STM32F1xx_HAL_Driver/Src/stm32f1xx_hal_exti.d" -MT"Drivers/STM32F1xx_HAL_Driver/Src/stm32f1xx_hal_exti.o" --specs=nano.specs -mfloat-abi=soft -mthumb -o "Drivers/STM32F1xx_HAL_Driver/Src/stm32f1xx_hal_exti.o"
arm-none-eabi-gcc "../Drivers/STM32F1xx_HAL_Driver/Src/stm32f1xx_hal_flash.c" -mcpu=cortex-m3 -std=gnu11 -g3 -DDEBUG -DUSE_HAL_DRIVER -DSTM32F103xB -c -I../Core/Inc -I../Drivers/STM32F1xx_HAL_Driver/Inc -I../Drivers/STM32F1xx_HAL_Driver/Inc/Legacy -I../Drivers/CMSIS/Device/ST/STM32F1xx/Include -I../Drivers/CMSIS/Include -I../Use -I../DCMotor -O0 -ffunction-sections -fdata-sections -Wall -fstack-usage -MMD -MP -MF"Drivers/STM32F1xx_HAL_Driver/Src/stm32f1xx_hal_flash.d" -MT"Drivers/STM32F1xx_HAL_Driver/Src/stm32f1xx_hal_flash.o" --specs=nano.specs -mfloat-abi=soft -mthumb -o "Drivers/STM32F1xx_HAL_Driver/Src/stm32f1xx_hal_flash.o"
arm-none-eabi-gcc "../Drivers/STM32F1xx_HAL_Driver/Src/stm32f1xx_hal_flash_ex.c" -mcpu=cortex-m3 -std=gnu11 -g3 -DDEBUG -DUSE_HAL_DRIVER -DSTM32F103xB -c -I../Core/Inc -I../Drivers/STM32F1xx_HAL_Driver/Inc -I../Drivers/STM32F1xx_HAL_Driver/Inc/Legacy -I../Drivers/CMSIS/Device/ST/STM32F1xx/Include -I../Drivers/CMSIS/Include -I../Use -I../DCMotor -O0 -ffunction-sections -fdata-sections -Wall -fstack-usage -MMD -MP -MF"Drivers/STM32F1xx_HAL_Driver/Src/stm32f1xx_hal_flash_ex.d" -MT"Drivers/STM32F1xx_HAL_Driver/Src/stm32f1xx_hal_flash_ex.o" --specs=nano.specs -mfloat-abi=soft -mthumb -o "Drivers/STM32F1xx_HAL_Driver/Src/stm32f1xx_hal_flash_ex.o"
arm-none-eabi-gcc "../Drivers/STM32F1xx_HAL_Driver/Src/stm32f1xx_hal_gpio.c" -mcpu=cortex-m3 -std=gnu11 -g3 -DDEBUG -DUSE_HAL_DRIVER -DSTM32F103xB -c -I../Core/Inc -I../Drivers/STM32F1xx_HAL_Driver/Inc -I../Drivers/STM32F1xx_HAL_Driver/Inc/Legacy -I../Drivers/CMSIS/Device/ST/STM32F1xx/Include -I../Drivers/CMSIS/Include -I../Use -I../DCMotor -O0 -ffunction-sections -fdata-sections -Wall -fstack-usage -MMD -MP -MF"Drivers/STM32F1xx_HAL_Driver/Src/stm32f1xx_hal_gpio.d" -MT"Drivers/STM32F1xx_HAL_Driver/Src/stm32f1xx_hal_gpio.o" --specs=nano.specs -mfloat-abi=soft -mthumb -o "Drivers/STM32F1xx_HAL_Driver/Src/stm32f1xx_hal_gpio.o"
arm-none-eabi-gcc "../Drivers/STM32F1xx_HAL_Driver/Src/stm32f1xx_hal_gpio_ex.c" -mcpu=cortex-m3 -std=gnu11 -g3 -DDEBUG -DUSE_HAL_DRIVER -DSTM32F103xB -c -I../Core/Inc -I../Drivers/STM32F1xx_HAL_Driver/Inc -I../Drivers/STM32F1xx_HAL_Driver/Inc/Legacy -I../Drivers/CMSIS/Device/ST/STM32F1xx/Include -I../Drivers/CMSIS/Include -I../Use -I../DCMotor -O0 -ffunction-sections -fdata-sections -Wall -fstack-usage -MMD -MP -MF"Drivers/STM32F1xx_HAL_Driver/Src/stm32f1xx_hal_gpio_ex.d" -MT"Drivers/STM32F1xx_HAL_Driver/Src/stm32f1xx_hal_gpio_ex.o" --specs=nano.specs -mfloat-abi=soft -mthumb -o "Drivers/STM32F1xx_HAL_Driver/Src/stm32f1xx_hal_gpio_ex.o"
arm-none-eabi-gcc "../Drivers/STM32F1xx_HAL_Driver/Src/stm32f1xx_hal_pwr.c" -mcpu=cortex-m3 -std=gnu11 -g3 -DDEBUG -DUSE_HAL_DRIVER -DSTM32F103xB -c -I../Core/Inc -I../Drivers/STM32F1xx_HAL_Driver/Inc -I../Drivers/STM32F1xx_HAL_Driver/Inc/Legacy -I../Drivers/CMSIS/Device/ST/STM32F1xx/Include -I../Drivers/CMSIS/Include -I../Use -I../DCMotor -O0 -ffunction-sections -fdata-sections -Wall -fstack-usage -MMD -MP -MF"Drivers/STM32F1xx_HAL_Driver/Src/stm32f1xx_hal_pwr.d" -MT"Drivers/STM32F1xx_HAL_Driver/Src/stm32f1xx_hal_pwr.o" --specs=nano.specs -mfloat-abi=soft -mthumb -o "Drivers/STM32F1xx_HAL_Driver/Src/stm32f1xx_hal_pwr.o"
arm-none-eabi-gcc "../Drivers/STM32F1xx_HAL_Driver/Src/stm32f1xx_hal_rcc.c" -mcpu=cortex-m3 -std=gnu11 -g3 -DDEBUG -DUSE_HAL_DRIVER -DSTM32F103xB -c -I../Core/Inc -I../Drivers/STM32F1xx_HAL_Driver/Inc -I../Drivers/STM32F1xx_HAL_Driver/Inc/Legacy -I../Drivers/CMSIS/Device/ST/STM32F1xx/Include -I../Drivers/CMSIS/Include -I../Use -I../DCMotor -O0 -ffunction-sections -fdata-sections -Wall -fstack-usage -MMD -MP -MF"Drivers/STM32F1xx_HAL_Driver/Src/stm32f1xx_hal_rcc.d" -MT"Drivers/STM32F1xx_HAL_Driver/Src/stm32f1xx_hal_rcc.o" --specs=nano.specs -mfloat-abi=soft -mthumb -o "Drivers/STM32F1xx_HAL_Driver/Src/stm32f1xx_hal_rcc.o"
arm-none-eabi-gcc "../Drivers/STM32F1xx_HAL_Driver/Src/stm32f1xx_hal_rcc_ex.c" -mcpu=cortex-m3 -std=gnu11 -g3 -DDEBUG -DUSE_HAL_DRIVER -DSTM32F103xB -c -I../Core/Inc -I../Drivers/STM32F1xx_HAL_Driver/Inc -I../Drivers/STM32F1xx_HAL_Driver/Inc/Legacy -I../Drivers/CMSIS/Device/ST/STM32F1xx/Include -I../Drivers/CMSIS/Include -I../Use -I../DCMotor -O0 -ffunction-sections -fdata-sections -Wall -fstack-usage -MMD -MP -MF"Drivers/STM32F1xx_HAL_Driver/Src/stm32f1xx_hal_rcc_ex.d" -MT"Drivers/STM32F1xx_HAL_Driver/Src/stm32f1xx_hal_rcc_ex.o" --specs=nano.specs -mfloat-abi=soft -mthumb -o "Drivers/STM32F1xx_HAL_Driver/Src/stm32f1xx_hal_rcc_ex.o"
arm-none-eabi-gcc "../Drivers/STM32F1xx_HAL_Driver/Src/stm32f1xx_hal_tim.c" -mcpu=cortex-m3 -std=gnu11 -g3 -DDEBUG -DUSE_HAL_DRIVER -DSTM32F103xB -c -I../Core/Inc -I../Drivers/STM32F1xx_HAL_Driver/Inc -I../Drivers/STM32F1xx_HAL_Driver/Inc/Legacy -I../Drivers/CMSIS/Device/ST/STM32F1xx/Include -I../Drivers/CMSIS/Include -I../Use -I../DCMotor -O0 -ffunction-sections -fdata-sections -Wall -fstack-usage -MMD -MP -MF"Drivers/STM32F1xx_HAL_Driver/Src/stm32f1xx_hal_tim.d" -MT"Drivers/STM32F1xx_HAL_Driver/Src/stm32f1xx_hal_tim.o" --specs=nano.specs -mfloat-abi=soft -mthumb -o "Drivers/STM32F1xx_HAL_Driver/Src/stm32f1xx_hal_tim.o"
arm-none-eabi-gcc "../Drivers/STM32F1xx_HAL_Driver/Src/stm32f1xx_hal_tim_ex.c" -mcpu=cortex-m3 -std=gnu11 -g3 -DDEBUG -DUSE_HAL_DRIVER -DSTM32F103xB -c -I../Core/Inc -I../Drivers/STM32F1xx_HAL_Driver/Inc -I../Drivers/STM32F1xx_HAL_Driver/Inc/Legacy -I../Drivers/CMSIS/Device/ST/STM32F1xx/Include -I../Drivers/CMSIS/Include -I../Use -I../DCMotor -O0 -ffunction-sections -fdata-sections -Wall -fstack-usage -MMD -MP -MF"Drivers/STM32F1xx_HAL_Driver/Src/stm32f1xx_hal_tim_ex.d" -MT"Drivers/STM32F1xx_HAL_Driver/Src/stm32f1xx_hal_tim_ex.o" --specs=nano.specs -mfloat-abi=soft -mthumb -o "Drivers/STM32F1xx_HAL_Driver/Src/stm32f1xx_hal_tim_ex.o"
arm-none-eabi-g++ "../DCMotor/Config.cpp" -mcpu=cortex-m3 -std=gnu++14 -g3 -DDEBUG -DUSE_HAL_DRIVER -DSTM32F103xB -c -I../Core/Inc -I../Drivers/STM32F1xx_HAL_Driver/Inc -I../Drivers/STM32F1xx_HAL_Driver/Inc/Legacy -I../Drivers/CMSIS/Device/ST/STM32F1xx/Include -I../Drivers/CMSIS/Include -I../Use -I../DCMotor -O0 -ffunction-sections -fdata-sections -fno-exceptions -fno-rtti -fno-use-cxa-atexit -Wall -fstack-usage -MMD -MP -MF"DCMotor/Config.d" -MT"DCMotor/Config.o" --specs=nano.specs -mfloat-abi=soft -mthumb -o "DCMotor/Config.o"
arm-none-eabi-g++ "../DCMotor/DCMotor.cpp" -mcpu=cortex-m3 -std=gnu++14 -g3 -DDEBUG -DUSE_HAL_DRIVER -DSTM32F103xB -c -I../Core/Inc -I../Drivers/STM32F1xx_HAL_Driver/Inc -I../Drivers/STM32F1xx_HAL_Driver/Inc/Legacy -I../Drivers/CMSIS/Device/ST/STM32F1xx/Include -I../Drivers/CMSIS/Include -I../Use -I../DCMotor -O0 -ffunction-sections -fdata-sections -fno-exceptions -fno-rtti -fno-use-cxa-atexit -Wall -fstack-usage -MMD -MP -MF"DCMotor/DCMotor.d" -MT"DCMotor/DCMotor.o" --specs=nano.specs -mfloat-abi=soft -mthumb -o "DCMotor/DCMotor.o"
arm-none-eabi-g++ "../DCMotor/LQR.cpp" -mcpu=cortex-m3 -std=gnu++14 -g3 -DDEBUG -DUSE_HAL_DRIVER -DSTM32F103xB -c -I../Core/Inc -I../Drivers/STM32F1xx_HAL_Driver/Inc -I../Drivers/STM32F1xx_HAL_Driver/Inc/Legacy -I../Drivers/CMSIS/Device/ST/STM32F1xx/Include -I../Drivers/CMSIS/Include -I../Use -I../DCMotor -O0 -ffunction-sections -fdata-sections -fno-exceptions -fno-rtti -fno-use-cxa-atexit -Wall -fstack-usage -MMD -MP -MF"DCMotor/LQR.d" -MT"DCMotor/LQR.o" --specs=nano.specs -mfloat-abi=soft -mthumb -o "DCMotor/LQR.o"
arm-none-eabi-gcc -mcpu=cortex-m3 -g3 -DDEBUG -c -x assembler-with-cpp -MMD -MP -MF"Core/Startup/startup_stm32f103c8tx.d" -MT"Core/Startup/startup_stm32f103c8tx.o" --specs=nano.specs -mfloat-abi=soft -mthumb -o "Core/Startup/startup_stm32f103c8tx.o" "../Core/Startup/startup_stm32f103c8tx.s"
arm-none-eabi-gcc "../Core/Src/main.c" -mcpu=cortex-m3 -std=gnu11 -g3 -DDEBUG -DUSE_HAL_DRIVER -DSTM32F103xB -c -I../Core/Inc -I../Drivers/STM32F1xx_HAL_Driver/Inc -I../Drivers/STM32F1xx_HAL_Driver/Inc/Legacy -I../Drivers/CMSIS/Device/ST/STM32F1xx/Include -I../Drivers/CMSIS/Include -I../Use -I../DCMotor -O0 -ffunction-sections -fdata-sections -Wall -fstack-usage -MMD -MP -MF"Core/Src/main.d" -MT"Core/Src/main.o" --specs=nano.specs -mfloat-abi=soft -mthumb -o "Core/Src/main.o"
arm-none-eabi-gcc "../Core/Src/stm32f1xx_hal_msp.c" -mcpu=cortex-m3 -std=gnu11 -g3 -DDEBUG -DUSE_HAL_DRIVER -DSTM32F103xB -c -I../Core/Inc -I../Drivers/STM32F1xx_HAL_Driver/Inc -I../Drivers/STM32F1xx_HAL_Driver/Inc/Legacy -I../Drivers/CMSIS/Device/ST/STM32F1xx/Include -I../Drivers/CMSIS/Include -I../Use -I../DCMotor -O0 -ffunction-sections -fdata-sections -Wall -fstack-usage -MMD -MP -MF"Core/Src/stm32f1xx_hal_msp.d" -MT"Core/Src/stm32f1xx_hal_msp.o" --specs=nano.specs -mfloat-abi=soft -mthumb -o "Core/Src/stm32f1xx_hal_msp.o"
arm-none-eabi-gcc "../Core/Src/stm32f1xx_hal_timebase_tim.c" -mcpu=cortex-m3 -std=gnu11 -g3 -DDEBUG -DUSE_HAL_DRIVER -DSTM32F103xB -c -I../Core/Inc -I../Drivers/STM32F1xx_HAL_Driver/Inc -I../Drivers/STM32F1xx_HAL_Driver/Inc/Legacy -I../Drivers/CMSIS/Device/ST/STM32F1xx/Include -I../Drivers/CMSIS/Include -I../Use -I../DCMotor -O0 -ffunction-sections -fdata-sections -Wall -fstack-usage -MMD -MP -MF"Core/Src/stm32f1xx_hal_timebase_tim.d" -MT"Core/Src/stm32f1xx_hal_timebase_tim.o" --specs=nano.specs -mfloat-abi=soft -mthumb -o "Core/Src/stm32f1xx_hal_timebase_tim.o"
arm-none-eabi-gcc "../Core/Src/stm32f1xx_it.c" -mcpu=cortex-m3 -std=gnu11 -g3 -DDEBUG -DUSE_HAL_DRIVER -DSTM32F103xB -c -I../Core/Inc -I../Drivers/STM32F1xx_HAL_Driver/Inc -I../Drivers/STM32F1xx_HAL_Driver/Inc/Legacy -I../Drivers/CMSIS/Device/ST/STM32F1xx/Include -I../Drivers/CMSIS/Include -I../Use -I../DCMotor -O0 -ffunction-sections -fdata-sections -Wall -fstack-usage -MMD -MP -MF"Core/Src/stm32f1xx_it.d" -MT"Core/Src/stm32f1xx_it.o" --specs=nano.specs -mfloat-abi=soft -mthumb -o "Core/Src/stm32f1xx_it.o"
arm-none-eabi-gcc "../Core/Src/syscalls.c" -mcpu=cortex-m3 -std=gnu11 -g3 -DDEBUG -DUSE_HAL_DRIVER -DSTM32F103xB -c -I../Core/Inc -I../Drivers/STM32F1xx_HAL_Driver/Inc -I../Drivers/STM32F1xx_HAL_Driver/Inc/Legacy -I../Drivers/CMSIS/Device/ST/STM32F1xx/Include -I../Drivers/CMSIS/Include -I../Use -I../DCMotor -O0 -ffunction-sections -fdata-sections -Wall -fstack-usage -MMD -MP -MF"Core/Src/syscalls.d" -MT"Core/Src/syscalls.o" --specs=nano.specs -mfloat-abi=soft -mthumb -o "Core/Src/syscalls.o"
arm-none-eabi-gcc "../Core/Src/sysmem.c" -mcpu=cortex-m3 -std=gnu11 -g3 -DDEBUG -DUSE_HAL_DRIVER -DSTM32F103xB -c -I../Core/Inc -I../Drivers/STM32F1xx_HAL_Driver/Inc -I../Drivers/STM32F1xx_HAL_Driver/Inc/Legacy -I../Drivers/CMSIS/Device/ST/STM32F1xx/Include -I../Drivers/CMSIS/Include -I../Use -I../DCMotor -O0 -ffunction-sections -fdata-sections -Wall -fstack-usage -MMD -MP -MF"Core/Src/sysmem.d" -MT"Core/Src/sysmem.o" --specs=nano.specs -mfloat-abi=soft -mthumb -o "Core/Src/sysmem.o"
arm-none-eabi-gcc "../Core/Src/system_stm32f1xx.c" -mcpu=cortex-m3 -std=gnu11 -g3 -DDEBUG -DUSE_HAL_DRIVER -DSTM32F103xB -c -I../Core/Inc -I../Drivers/STM32F1xx_HAL_Driver/Inc -I../Drivers/STM32F1xx_HAL_Driver/Inc/Legacy -I../Drivers/CMSIS/Device/ST/STM32F1xx/Include -I../Drivers/CMSIS/Include -I../Use -I../DCMotor -O0 -ffunction-sections -fdata-sections -Wall -fstack-usage -MMD -MP -MF"Core/Src/system_stm32f1xx.d" -MT"Core/Src/system_stm32f1xx.o" --specs=nano.specs -mfloat-abi=soft -mthumb -o "Core/Src/system_stm32f1xx.o"
arm-none-eabi-g++ -o "DCMotorLqr.elf" @"objects.list"   -mcpu=cortex-m3 -T"D:\MCU\STM32F103_Project\DCMotorLqr\STM32F103C8TX_FLASH.ld" --specs=nosys.specs -Wl,-Map="DCMotorLqr.map" -Wl,--gc-sections -static --specs=nano.specs -mfloat-abi=soft -mthumb -Wl,--start-group -lc -lm -lstdc++ -lsupc++ -Wl,--end-group
Finished building target: DCMotorLqr.elf
 
arm-none-eabi-size   DCMotorLqr.elf 
arm-none-eabi-objdump -h -S  DCMotorLqr.elf  > "DCMotorLqr.list"
   text	   data	    bss	    dec	    hex	filename
   5072	     20	   1644	   6736	   1a50	DCMotorLqr.elf
Finished building: default.size.stdout
 
Finished building: DCMotorLqr.list
 
00:57:09 **** Incremental Build of configuration Debug for project DCMotorLqr ****
make -j4 all 
arm-none-eabi-g++ "../DCMotor/Config.cpp" -mcpu=cortex-m3 -std=gnu++14 -g3 -DDEBUG -DUSE_HAL_DRIVER -DSTM32F103xB -c -I../Core/Inc -I../Drivers/STM32F1xx_HAL_Driver/Inc -I../Drivers/STM32F1xx_HAL_Driver/Inc/Legacy -I../Drivers/CMSIS/Device/ST/STM32F1xx/Include -I../Drivers/CMSIS/Include -I../Use -I../DCMotor -O0 -ffunction-sections -fdata-sections -fno-exceptions -fno-rtti -fno-use-cxa-atexit -Wall -fstack-usage -MMD -MP -MF"DCMotor/Config.d" -MT"DCMotor/Config.o" --specs=nano.specs -mfloat-abi=soft -mthumb -o "DCMotor/Config.o"
../DCMotor/Config.cpp: In function 'void incremental_encoder_init()':
../DCMotor/Config.cpp:34:18: warning: unsigned conversion from 'int' to 'uint8_t' {aka 'unsigned char'} changes value from '256' to '0' [-Woverflow]
   34 |  NVIC->IP[7] = (1<<8);
      |                ~~^~~~
arm-none-eabi-g++ -o "DCMotorLqr.elf" @"objects.list"   -mcpu=cortex-m3 -T"D:\MCU\STM32F103_Project\DCMotorLqr\STM32F103C8TX_FLASH.ld" --specs=nosys.specs -Wl,-Map="DCMotorLqr.map" -Wl,--gc-sections -static --specs=nano.specs -mfloat-abi=soft -mthumb -Wl,--start-group -lc -lm -lstdc++ -lsupc++ -Wl,--end-group
Finished building target: DCMotorLqr.elf
 
arm-none-eabi-size   DCMotorLqr.elf 
arm-none-eabi-objdump -h -S  DCMotorLqr.elf  > "DCMotorLqr.list"
   text	   data	    bss	    dec	    hex	filename
   5072	     20	   1644	   6736	   1a50	DCMotorLqr.elf
Finished building: default.size.stdout
 
Finished building: DCMotorLqr.list
 
00:57:37 **** Incremental Build of configuration Debug for project DCMotorLqr ****
make -j4 all 
arm-none-eabi-g++ "../DCMotor/Config.cpp" -mcpu=cortex-m3 -std=gnu++14 -g3 -DDEBUG -DUSE_HAL_DRIVER -DSTM32F103xB -c -I../Core/Inc -I../Drivers/STM32F1xx_HAL_Driver/Inc -I../Drivers/STM32F1xx_HAL_Driver/Inc/Legacy -I../Drivers/CMSIS/Device/ST/STM32F1xx/Include -I../Drivers/CMSIS/Include -I../Use -I../DCMotor -O0 -ffunction-sections -fdata-sections -fno-exceptions -fno-rtti -fno-use-cxa-atexit -Wall -fstack-usage -MMD -MP -MF"DCMotor/Config.d" -MT"DCMotor/Config.o" --specs=nano.specs -mfloat-abi=soft -mthumb -o "DCMotor/Config.o"
arm-none-eabi-g++ -o "DCMotorLqr.elf" @"objects.list"   -mcpu=cortex-m3 -T"D:\MCU\STM32F103_Project\DCMotorLqr\STM32F103C8TX_FLASH.ld" --specs=nosys.specs -Wl,-Map="DCMotorLqr.map" -Wl,--gc-sections -static --specs=nano.specs -mfloat-abi=soft -mthumb -Wl,--start-group -lc -lm -lstdc++ -lsupc++ -Wl,--end-group
Finished building target: DCMotorLqr.elf
 
arm-none-eabi-size   DCMotorLqr.elf 
arm-none-eabi-objdump -h -S  DCMotorLqr.elf  > "DCMotorLqr.list"
   text	   data	    bss	    dec	    hex	filename
   5072	     20	   1644	   6736	   1a50	DCMotorLqr.elf
Finished building: default.size.stdout
 
Finished building: DCMotorLqr.list
 
01:22:15 **** Clean-only build of configuration Debug for project DCMotorLqr ****
make -j4 clean 
rm -rf ./Use/Use.d ./Use/Use.o ./Use/Use.su
rm -rf ./Drivers/STM32F1xx_HAL_Driver/Src/stm32f1xx_hal.d ./Drivers/STM32F1xx_HAL_Driver/Src/stm32f1xx_hal.o ./Drivers/STM32F1xx_HAL_Driver/Src/stm32f1xx_hal.su ./Drivers/STM32F1xx_HAL_Driver/Src/stm32f1xx_hal_cortex.d ./Drivers/STM32F1xx_HAL_Driver/Src/stm32f1xx_hal_cortex.o ./Drivers/STM32F1xx_HAL_Driver/Src/stm32f1xx_hal_cortex.su ./Drivers/STM32F1xx_HAL_Driver/Src/stm32f1xx_hal_dma.d ./Drivers/STM32F1xx_HAL_Driver/Src/stm32f1xx_hal_dma.o ./Drivers/STM32F1xx_HAL_Driver/Src/stm32f1xx_hal_dma.su ./Drivers/STM32F1xx_HAL_Driver/Src/stm32f1xx_hal_exti.d ./Drivers/STM32F1xx_HAL_Driver/Src/stm32f1xx_hal_exti.o ./Drivers/STM32F1xx_HAL_Driver/Src/stm32f1xx_hal_exti.su ./Drivers/STM32F1xx_HAL_Driver/Src/stm32f1xx_hal_flash.d ./Drivers/STM32F1xx_HAL_Driver/Src/stm32f1xx_hal_flash.o ./Drivers/STM32F1xx_HAL_Driver/Src/stm32f1xx_hal_flash.su ./Drivers/STM32F1xx_HAL_Driver/Src/stm32f1xx_hal_flash_ex.d ./Drivers/STM32F1xx_HAL_Driver/Src/stm32f1xx_hal_flash_ex.o ./Drivers/STM32F1xx_HAL_Driver/Src/stm32f1xx_hal_flash_ex.su ./Drivers/STM32F1xx_HAL_Driver/Src/stm32f1xx_hal_gpio.d ./Drivers/STM32F1xx_HAL_Driver/Src/stm32f1xx_hal_gpio.o ./Drivers/STM32F1xx_HAL_Driver/Src/stm32f1xx_hal_gpio.su ./Drivers/STM32F1xx_HAL_Driver/Src/stm32f1xx_hal_gpio_ex.d ./Drivers/STM32F1xx_HAL_Driver/Src/stm32f1xx_hal_gpio_ex.o ./Drivers/STM32F1xx_HAL_Driver/Src/stm32f1xx_hal_gpio_ex.su ./Drivers/STM32F1xx_HAL_Driver/Src/stm32f1xx_hal_pwr.d ./Drivers/STM32F1xx_HAL_Driver/Src/stm32f1xx_hal_pwr.o ./Drivers/STM32F1xx_HAL_Driver/Src/stm32f1xx_hal_pwr.su ./Drivers/STM32F1xx_HAL_Driver/Src/stm32f1xx_hal_rcc.d ./Drivers/STM32F1xx_HAL_Driver/Src/stm32f1xx_hal_rcc.o ./Drivers/STM32F1xx_HAL_Driver/Src/stm32f1xx_hal_rcc.su ./Drivers/STM32F1xx_HAL_Driver/Src/stm32f1xx_hal_rcc_ex.d ./Drivers/STM32F1xx_HAL_Driver/Src/stm32f1xx_hal_rcc_ex.o ./Drivers/STM32F1xx_HAL_Driver/Src/stm32f1xx_hal_rcc_ex.su ./Drivers/STM32F1xx_HAL_Driver/Src/stm32f1xx_hal_tim.d ./Drivers/STM32F1xx_HAL_Driver/Src/stm32f1xx_hal_tim.o ./Drivers/STM32F1xx_HAL_Driver/Src/stm32f1xx_hal_tim.su ./Drivers/STM32F1xx_HAL_Driver/Src/stm32f1xx_hal_tim_ex.d ./Drivers/STM32F1xx_HAL_Driver/Src/stm32f1xx_hal_tim_ex.o ./Drivers/STM32F1xx_HAL_Driver/Src/stm32f1xx_hal_tim_ex.su
rm -rf ./DCMotor/Config.d ./DCMotor/Config.o ./DCMotor/Config.su ./DCMotor/DCMotor.d ./DCMotor/DCMotor.o ./DCMotor/DCMotor.su ./DCMotor/LQR.d ./DCMotor/LQR.o ./DCMotor/LQR.su
rm -rf ./Core/Startup/startup_stm32f103c8tx.d ./Core/Startup/startup_stm32f103c8tx.o
rm -rf ./Core/Src/main.d ./Core/Src/main.o ./Core/Src/main.su ./Core/Src/stm32f1xx_hal_msp.d ./Core/Src/stm32f1xx_hal_msp.o ./Core/Src/stm32f1xx_hal_msp.su ./Core/Src/stm32f1xx_hal_timebase_tim.d ./Core/Src/stm32f1xx_hal_timebase_tim.o ./Core/Src/stm32f1xx_hal_timebase_tim.su ./Core/Src/stm32f1xx_it.d ./Core/Src/stm32f1xx_it.o ./Core/Src/stm32f1xx_it.su ./Core/Src/syscalls.d ./Core/Src/syscalls.o ./Core/Src/syscalls.su ./Core/Src/sysmem.d ./Core/Src/sysmem.o ./Core/Src/sysmem.su ./Core/Src/system_stm32f1xx.d ./Core/Src/system_stm32f1xx.o ./Core/Src/system_stm32f1xx.su
rm -rf DCMotorLqr.elf DCMotorLqr.list DCMotorLqr.map default.size.stdout
 
01:22:15 **** Incremental Build of configuration Debug for project DCMotorLqr ****
make -j4 all 
arm-none-eabi-g++ "../Use/Use.cpp" -mcpu=cortex-m3 -std=gnu++14 -g3 -DDEBUG -DUSE_HAL_DRIVER -DSTM32F103xB -c -I../Core/Inc -I../Drivers/STM32F1xx_HAL_Driver/Inc -I../Drivers/STM32F1xx_HAL_Driver/Inc/Legacy -I../Drivers/CMSIS/Device/ST/STM32F1xx/Include -I../Drivers/CMSIS/Include -I../Use -I../DCMotor -O0 -ffunction-sections -fdata-sections -fno-exceptions -fno-rtti -fno-use-cxa-atexit -Wall -fstack-usage -MMD -MP -MF"Use/Use.d" -MT"Use/Use.o" --specs=nano.specs -mfloat-abi=soft -mthumb -o "Use/Use.o"
arm-none-eabi-gcc "../Drivers/STM32F1xx_HAL_Driver/Src/stm32f1xx_hal.c" -mcpu=cortex-m3 -std=gnu11 -g3 -DDEBUG -DUSE_HAL_DRIVER -DSTM32F103xB -c -I../Core/Inc -I../Drivers/STM32F1xx_HAL_Driver/Inc -I../Drivers/STM32F1xx_HAL_Driver/Inc/Legacy -I../Drivers/CMSIS/Device/ST/STM32F1xx/Include -I../Drivers/CMSIS/Include -I../Use -I../DCMotor -O0 -ffunction-sections -fdata-sections -Wall -fstack-usage -MMD -MP -MF"Drivers/STM32F1xx_HAL_Driver/Src/stm32f1xx_hal.d" -MT"Drivers/STM32F1xx_HAL_Driver/Src/stm32f1xx_hal.o" --specs=nano.specs -mfloat-abi=soft -mthumb -o "Drivers/STM32F1xx_HAL_Driver/Src/stm32f1xx_hal.o"
arm-none-eabi-gcc "../Drivers/STM32F1xx_HAL_Driver/Src/stm32f1xx_hal_cortex.c" -mcpu=cortex-m3 -std=gnu11 -g3 -DDEBUG -DUSE_HAL_DRIVER -DSTM32F103xB -c -I../Core/Inc -I../Drivers/STM32F1xx_HAL_Driver/Inc -I../Drivers/STM32F1xx_HAL_Driver/Inc/Legacy -I../Drivers/CMSIS/Device/ST/STM32F1xx/Include -I../Drivers/CMSIS/Include -I../Use -I../DCMotor -O0 -ffunction-sections -fdata-sections -Wall -fstack-usage -MMD -MP -MF"Drivers/STM32F1xx_HAL_Driver/Src/stm32f1xx_hal_cortex.d" -MT"Drivers/STM32F1xx_HAL_Driver/Src/stm32f1xx_hal_cortex.o" --specs=nano.specs -mfloat-abi=soft -mthumb -o "Drivers/STM32F1xx_HAL_Driver/Src/stm32f1xx_hal_cortex.o"
arm-none-eabi-gcc "../Drivers/STM32F1xx_HAL_Driver/Src/stm32f1xx_hal_dma.c" -mcpu=cortex-m3 -std=gnu11 -g3 -DDEBUG -DUSE_HAL_DRIVER -DSTM32F103xB -c -I../Core/Inc -I../Drivers/STM32F1xx_HAL_Driver/Inc -I../Drivers/STM32F1xx_HAL_Driver/Inc/Legacy -I../Drivers/CMSIS/Device/ST/STM32F1xx/Include -I../Drivers/CMSIS/Include -I../Use -I../DCMotor -O0 -ffunction-sections -fdata-sections -Wall -fstack-usage -MMD -MP -MF"Drivers/STM32F1xx_HAL_Driver/Src/stm32f1xx_hal_dma.d" -MT"Drivers/STM32F1xx_HAL_Driver/Src/stm32f1xx_hal_dma.o" --specs=nano.specs -mfloat-abi=soft -mthumb -o "Drivers/STM32F1xx_HAL_Driver/Src/stm32f1xx_hal_dma.o"
arm-none-eabi-gcc "../Drivers/STM32F1xx_HAL_Driver/Src/stm32f1xx_hal_exti.c" -mcpu=cortex-m3 -std=gnu11 -g3 -DDEBUG -DUSE_HAL_DRIVER -DSTM32F103xB -c -I../Core/Inc -I../Drivers/STM32F1xx_HAL_Driver/Inc -I../Drivers/STM32F1xx_HAL_Driver/Inc/Legacy -I../Drivers/CMSIS/Device/ST/STM32F1xx/Include -I../Drivers/CMSIS/Include -I../Use -I../DCMotor -O0 -ffunction-sections -fdata-sections -Wall -fstack-usage -MMD -MP -MF"Drivers/STM32F1xx_HAL_Driver/Src/stm32f1xx_hal_exti.d" -MT"Drivers/STM32F1xx_HAL_Driver/Src/stm32f1xx_hal_exti.o" --specs=nano.specs -mfloat-abi=soft -mthumb -o "Drivers/STM32F1xx_HAL_Driver/Src/stm32f1xx_hal_exti.o"
arm-none-eabi-gcc "../Drivers/STM32F1xx_HAL_Driver/Src/stm32f1xx_hal_flash.c" -mcpu=cortex-m3 -std=gnu11 -g3 -DDEBUG -DUSE_HAL_DRIVER -DSTM32F103xB -c -I../Core/Inc -I../Drivers/STM32F1xx_HAL_Driver/Inc -I../Drivers/STM32F1xx_HAL_Driver/Inc/Legacy -I../Drivers/CMSIS/Device/ST/STM32F1xx/Include -I../Drivers/CMSIS/Include -I../Use -I../DCMotor -O0 -ffunction-sections -fdata-sections -Wall -fstack-usage -MMD -MP -MF"Drivers/STM32F1xx_HAL_Driver/Src/stm32f1xx_hal_flash.d" -MT"Drivers/STM32F1xx_HAL_Driver/Src/stm32f1xx_hal_flash.o" --specs=nano.specs -mfloat-abi=soft -mthumb -o "Drivers/STM32F1xx_HAL_Driver/Src/stm32f1xx_hal_flash.o"
arm-none-eabi-gcc "../Drivers/STM32F1xx_HAL_Driver/Src/stm32f1xx_hal_flash_ex.c" -mcpu=cortex-m3 -std=gnu11 -g3 -DDEBUG -DUSE_HAL_DRIVER -DSTM32F103xB -c -I../Core/Inc -I../Drivers/STM32F1xx_HAL_Driver/Inc -I../Drivers/STM32F1xx_HAL_Driver/Inc/Legacy -I../Drivers/CMSIS/Device/ST/STM32F1xx/Include -I../Drivers/CMSIS/Include -I../Use -I../DCMotor -O0 -ffunction-sections -fdata-sections -Wall -fstack-usage -MMD -MP -MF"Drivers/STM32F1xx_HAL_Driver/Src/stm32f1xx_hal_flash_ex.d" -MT"Drivers/STM32F1xx_HAL_Driver/Src/stm32f1xx_hal_flash_ex.o" --specs=nano.specs -mfloat-abi=soft -mthumb -o "Drivers/STM32F1xx_HAL_Driver/Src/stm32f1xx_hal_flash_ex.o"
arm-none-eabi-gcc "../Drivers/STM32F1xx_HAL_Driver/Src/stm32f1xx_hal_gpio.c" -mcpu=cortex-m3 -std=gnu11 -g3 -DDEBUG -DUSE_HAL_DRIVER -DSTM32F103xB -c -I../Core/Inc -I../Drivers/STM32F1xx_HAL_Driver/Inc -I../Drivers/STM32F1xx_HAL_Driver/Inc/Legacy -I../Drivers/CMSIS/Device/ST/STM32F1xx/Include -I../Drivers/CMSIS/Include -I../Use -I../DCMotor -O0 -ffunction-sections -fdata-sections -Wall -fstack-usage -MMD -MP -MF"Drivers/STM32F1xx_HAL_Driver/Src/stm32f1xx_hal_gpio.d" -MT"Drivers/STM32F1xx_HAL_Driver/Src/stm32f1xx_hal_gpio.o" --specs=nano.specs -mfloat-abi=soft -mthumb -o "Drivers/STM32F1xx_HAL_Driver/Src/stm32f1xx_hal_gpio.o"
arm-none-eabi-gcc "../Drivers/STM32F1xx_HAL_Driver/Src/stm32f1xx_hal_gpio_ex.c" -mcpu=cortex-m3 -std=gnu11 -g3 -DDEBUG -DUSE_HAL_DRIVER -DSTM32F103xB -c -I../Core/Inc -I../Drivers/STM32F1xx_HAL_Driver/Inc -I../Drivers/STM32F1xx_HAL_Driver/Inc/Legacy -I../Drivers/CMSIS/Device/ST/STM32F1xx/Include -I../Drivers/CMSIS/Include -I../Use -I../DCMotor -O0 -ffunction-sections -fdata-sections -Wall -fstack-usage -MMD -MP -MF"Drivers/STM32F1xx_HAL_Driver/Src/stm32f1xx_hal_gpio_ex.d" -MT"Drivers/STM32F1xx_HAL_Driver/Src/stm32f1xx_hal_gpio_ex.o" --specs=nano.specs -mfloat-abi=soft -mthumb -o "Drivers/STM32F1xx_HAL_Driver/Src/stm32f1xx_hal_gpio_ex.o"
arm-none-eabi-gcc "../Drivers/STM32F1xx_HAL_Driver/Src/stm32f1xx_hal_pwr.c" -mcpu=cortex-m3 -std=gnu11 -g3 -DDEBUG -DUSE_HAL_DRIVER -DSTM32F103xB -c -I../Core/Inc -I../Drivers/STM32F1xx_HAL_Driver/Inc -I../Drivers/STM32F1xx_HAL_Driver/Inc/Legacy -I../Drivers/CMSIS/Device/ST/STM32F1xx/Include -I../Drivers/CMSIS/Include -I../Use -I../DCMotor -O0 -ffunction-sections -fdata-sections -Wall -fstack-usage -MMD -MP -MF"Drivers/STM32F1xx_HAL_Driver/Src/stm32f1xx_hal_pwr.d" -MT"Drivers/STM32F1xx_HAL_Driver/Src/stm32f1xx_hal_pwr.o" --specs=nano.specs -mfloat-abi=soft -mthumb -o "Drivers/STM32F1xx_HAL_Driver/Src/stm32f1xx_hal_pwr.o"
arm-none-eabi-gcc "../Drivers/STM32F1xx_HAL_Driver/Src/stm32f1xx_hal_rcc.c" -mcpu=cortex-m3 -std=gnu11 -g3 -DDEBUG -DUSE_HAL_DRIVER -DSTM32F103xB -c -I../Core/Inc -I../Drivers/STM32F1xx_HAL_Driver/Inc -I../Drivers/STM32F1xx_HAL_Driver/Inc/Legacy -I../Drivers/CMSIS/Device/ST/STM32F1xx/Include -I../Drivers/CMSIS/Include -I../Use -I../DCMotor -O0 -ffunction-sections -fdata-sections -Wall -fstack-usage -MMD -MP -MF"Drivers/STM32F1xx_HAL_Driver/Src/stm32f1xx_hal_rcc.d" -MT"Drivers/STM32F1xx_HAL_Driver/Src/stm32f1xx_hal_rcc.o" --specs=nano.specs -mfloat-abi=soft -mthumb -o "Drivers/STM32F1xx_HAL_Driver/Src/stm32f1xx_hal_rcc.o"
arm-none-eabi-gcc "../Drivers/STM32F1xx_HAL_Driver/Src/stm32f1xx_hal_rcc_ex.c" -mcpu=cortex-m3 -std=gnu11 -g3 -DDEBUG -DUSE_HAL_DRIVER -DSTM32F103xB -c -I../Core/Inc -I../Drivers/STM32F1xx_HAL_Driver/Inc -I../Drivers/STM32F1xx_HAL_Driver/Inc/Legacy -I../Drivers/CMSIS/Device/ST/STM32F1xx/Include -I../Drivers/CMSIS/Include -I../Use -I../DCMotor -O0 -ffunction-sections -fdata-sections -Wall -fstack-usage -MMD -MP -MF"Drivers/STM32F1xx_HAL_Driver/Src/stm32f1xx_hal_rcc_ex.d" -MT"Drivers/STM32F1xx_HAL_Driver/Src/stm32f1xx_hal_rcc_ex.o" --specs=nano.specs -mfloat-abi=soft -mthumb -o "Drivers/STM32F1xx_HAL_Driver/Src/stm32f1xx_hal_rcc_ex.o"
arm-none-eabi-gcc "../Drivers/STM32F1xx_HAL_Driver/Src/stm32f1xx_hal_tim.c" -mcpu=cortex-m3 -std=gnu11 -g3 -DDEBUG -DUSE_HAL_DRIVER -DSTM32F103xB -c -I../Core/Inc -I../Drivers/STM32F1xx_HAL_Driver/Inc -I../Drivers/STM32F1xx_HAL_Driver/Inc/Legacy -I../Drivers/CMSIS/Device/ST/STM32F1xx/Include -I../Drivers/CMSIS/Include -I../Use -I../DCMotor -O0 -ffunction-sections -fdata-sections -Wall -fstack-usage -MMD -MP -MF"Drivers/STM32F1xx_HAL_Driver/Src/stm32f1xx_hal_tim.d" -MT"Drivers/STM32F1xx_HAL_Driver/Src/stm32f1xx_hal_tim.o" --specs=nano.specs -mfloat-abi=soft -mthumb -o "Drivers/STM32F1xx_HAL_Driver/Src/stm32f1xx_hal_tim.o"
arm-none-eabi-gcc "../Drivers/STM32F1xx_HAL_Driver/Src/stm32f1xx_hal_tim_ex.c" -mcpu=cortex-m3 -std=gnu11 -g3 -DDEBUG -DUSE_HAL_DRIVER -DSTM32F103xB -c -I../Core/Inc -I../Drivers/STM32F1xx_HAL_Driver/Inc -I../Drivers/STM32F1xx_HAL_Driver/Inc/Legacy -I../Drivers/CMSIS/Device/ST/STM32F1xx/Include -I../Drivers/CMSIS/Include -I../Use -I../DCMotor -O0 -ffunction-sections -fdata-sections -Wall -fstack-usage -MMD -MP -MF"Drivers/STM32F1xx_HAL_Driver/Src/stm32f1xx_hal_tim_ex.d" -MT"Drivers/STM32F1xx_HAL_Driver/Src/stm32f1xx_hal_tim_ex.o" --specs=nano.specs -mfloat-abi=soft -mthumb -o "Drivers/STM32F1xx_HAL_Driver/Src/stm32f1xx_hal_tim_ex.o"
arm-none-eabi-g++ "../DCMotor/Config.cpp" -mcpu=cortex-m3 -std=gnu++14 -g3 -DDEBUG -DUSE_HAL_DRIVER -DSTM32F103xB -c -I../Core/Inc -I../Drivers/STM32F1xx_HAL_Driver/Inc -I../Drivers/STM32F1xx_HAL_Driver/Inc/Legacy -I../Drivers/CMSIS/Device/ST/STM32F1xx/Include -I../Drivers/CMSIS/Include -I../Use -I../DCMotor -O0 -ffunction-sections -fdata-sections -fno-exceptions -fno-rtti -fno-use-cxa-atexit -Wall -fstack-usage -MMD -MP -MF"DCMotor/Config.d" -MT"DCMotor/Config.o" --specs=nano.specs -mfloat-abi=soft -mthumb -o "DCMotor/Config.o"
arm-none-eabi-g++ "../DCMotor/DCMotor.cpp" -mcpu=cortex-m3 -std=gnu++14 -g3 -DDEBUG -DUSE_HAL_DRIVER -DSTM32F103xB -c -I../Core/Inc -I../Drivers/STM32F1xx_HAL_Driver/Inc -I../Drivers/STM32F1xx_HAL_Driver/Inc/Legacy -I../Drivers/CMSIS/Device/ST/STM32F1xx/Include -I../Drivers/CMSIS/Include -I../Use -I../DCMotor -O0 -ffunction-sections -fdata-sections -fno-exceptions -fno-rtti -fno-use-cxa-atexit -Wall -fstack-usage -MMD -MP -MF"DCMotor/DCMotor.d" -MT"DCMotor/DCMotor.o" --specs=nano.specs -mfloat-abi=soft -mthumb -o "DCMotor/DCMotor.o"
arm-none-eabi-g++ "../DCMotor/Encoder.cpp" -mcpu=cortex-m3 -std=gnu++14 -g3 -DDEBUG -DUSE_HAL_DRIVER -DSTM32F103xB -c -I../Core/Inc -I../Drivers/STM32F1xx_HAL_Driver/Inc -I../Drivers/STM32F1xx_HAL_Driver/Inc/Legacy -I../Drivers/CMSIS/Device/ST/STM32F1xx/Include -I../Drivers/CMSIS/Include -I../Use -I../DCMotor -O0 -ffunction-sections -fdata-sections -fno-exceptions -fno-rtti -fno-use-cxa-atexit -Wall -fstack-usage -MMD -MP -MF"DCMotor/Encoder.d" -MT"DCMotor/Encoder.o" --specs=nano.specs -mfloat-abi=soft -mthumb -o "DCMotor/Encoder.o"
arm-none-eabi-g++ "../DCMotor/LQR.cpp" -mcpu=cortex-m3 -std=gnu++14 -g3 -DDEBUG -DUSE_HAL_DRIVER -DSTM32F103xB -c -I../Core/Inc -I../Drivers/STM32F1xx_HAL_Driver/Inc -I../Drivers/STM32F1xx_HAL_Driver/Inc/Legacy -I../Drivers/CMSIS/Device/ST/STM32F1xx/Include -I../Drivers/CMSIS/Include -I../Use -I../DCMotor -O0 -ffunction-sections -fdata-sections -fno-exceptions -fno-rtti -fno-use-cxa-atexit -Wall -fstack-usage -MMD -MP -MF"DCMotor/LQR.d" -MT"DCMotor/LQR.o" --specs=nano.specs -mfloat-abi=soft -mthumb -o "DCMotor/LQR.o"
arm-none-eabi-gcc -mcpu=cortex-m3 -g3 -DDEBUG -c -x assembler-with-cpp -MMD -MP -MF"Core/Startup/startup_stm32f103c8tx.d" -MT"Core/Startup/startup_stm32f103c8tx.o" --specs=nano.specs -mfloat-abi=soft -mthumb -o "Core/Startup/startup_stm32f103c8tx.o" "../Core/Startup/startup_stm32f103c8tx.s"
../DCMotor/Encoder.cpp:5:3: error: #error "Don't define the encoder cpr"
    5 |  #error "Don't define the encoder cpr"
      |   ^~~~~
arm-none-eabi-gcc "../Core/Src/main.c" -mcpu=cortex-m3 -std=gnu11 -g3 -DDEBUG -DUSE_HAL_DRIVER -DSTM32F103xB -c -I../Core/Inc -I../Drivers/STM32F1xx_HAL_Driver/Inc -I../Drivers/STM32F1xx_HAL_Driver/Inc/Legacy -I../Drivers/CMSIS/Device/ST/STM32F1xx/Include -I../Drivers/CMSIS/Include -I../Use -I../DCMotor -O0 -ffunction-sections -fdata-sections -Wall -fstack-usage -MMD -MP -MF"Core/Src/main.d" -MT"Core/Src/main.o" --specs=nano.specs -mfloat-abi=soft -mthumb -o "Core/Src/main.o"
../DCMotor/Encoder.cpp: In member function 'void Encoder::update()':
../DCMotor/Encoder.cpp:11:30: error: 'ENCODER_CPR' was not declared in this scope; did you mean 'ENCODER_H'?
   11 |  position = raw_count/(float)ENCODER_CPR;
      |                              ^~~~~~~~~~~
      |                              ENCODER_H
../DCMotor/Encoder.cpp: In member function 'float Encoder::getVelocity()':
../DCMotor/Encoder.cpp:19:40: error: 'POSITION_2_VEL' was not declared in this scope; did you mean 'POSITION_VAL'?
   19 |  velocity = (position - part_position)*POSITION_2_VEL;
      |                                        ^~~~~~~~~~~~~~
      |                                        POSITION_VAL
../DCMotor/Encoder.cpp:21:1: warning: no return statement in function returning non-void [-Wreturn-type]
   21 | }
      | ^
make: *** [DCMotor/subdir.mk:28: DCMotor/Encoder.o] Error 1
make: *** Waiting for unfinished jobs....
"make -j4 all" terminated with exit code 2. Build might be incomplete.
01:25:00 **** Incremental Build of configuration Debug for project DCMotorLqr ****
make -j4 all 
arm-none-eabi-g++ "../DCMotor/Encoder.cpp" -mcpu=cortex-m3 -std=gnu++14 -g3 -DDEBUG -DUSE_HAL_DRIVER -DSTM32F103xB -c -I../Core/Inc -I../Drivers/STM32F1xx_HAL_Driver/Inc -I../Drivers/STM32F1xx_HAL_Driver/Inc/Legacy -I../Drivers/CMSIS/Device/ST/STM32F1xx/Include -I../Drivers/CMSIS/Include -I../Use -I../DCMotor -O0 -ffunction-sections -fdata-sections -fno-exceptions -fno-rtti -fno-use-cxa-atexit -Wall -fstack-usage -MMD -MP -MF"DCMotor/Encoder.d" -MT"DCMotor/Encoder.o" --specs=nano.specs -mfloat-abi=soft -mthumb -o "DCMotor/Encoder.o"
arm-none-eabi-gcc "../Core/Src/stm32f1xx_hal_msp.c" -mcpu=cortex-m3 -std=gnu11 -g3 -DDEBUG -DUSE_HAL_DRIVER -DSTM32F103xB -c -I../Core/Inc -I../Drivers/STM32F1xx_HAL_Driver/Inc -I../Drivers/STM32F1xx_HAL_Driver/Inc/Legacy -I../Drivers/CMSIS/Device/ST/STM32F1xx/Include -I../Drivers/CMSIS/Include -I../Use -I../DCMotor -O0 -ffunction-sections -fdata-sections -Wall -fstack-usage -MMD -MP -MF"Core/Src/stm32f1xx_hal_msp.d" -MT"Core/Src/stm32f1xx_hal_msp.o" --specs=nano.specs -mfloat-abi=soft -mthumb -o "Core/Src/stm32f1xx_hal_msp.o"
arm-none-eabi-gcc "../Core/Src/stm32f1xx_hal_timebase_tim.c" -mcpu=cortex-m3 -std=gnu11 -g3 -DDEBUG -DUSE_HAL_DRIVER -DSTM32F103xB -c -I../Core/Inc -I../Drivers/STM32F1xx_HAL_Driver/Inc -I../Drivers/STM32F1xx_HAL_Driver/Inc/Legacy -I../Drivers/CMSIS/Device/ST/STM32F1xx/Include -I../Drivers/CMSIS/Include -I../Use -I../DCMotor -O0 -ffunction-sections -fdata-sections -Wall -fstack-usage -MMD -MP -MF"Core/Src/stm32f1xx_hal_timebase_tim.d" -MT"Core/Src/stm32f1xx_hal_timebase_tim.o" --specs=nano.specs -mfloat-abi=soft -mthumb -o "Core/Src/stm32f1xx_hal_timebase_tim.o"
arm-none-eabi-gcc "../Core/Src/stm32f1xx_it.c" -mcpu=cortex-m3 -std=gnu11 -g3 -DDEBUG -DUSE_HAL_DRIVER -DSTM32F103xB -c -I../Core/Inc -I../Drivers/STM32F1xx_HAL_Driver/Inc -I../Drivers/STM32F1xx_HAL_Driver/Inc/Legacy -I../Drivers/CMSIS/Device/ST/STM32F1xx/Include -I../Drivers/CMSIS/Include -I../Use -I../DCMotor -O0 -ffunction-sections -fdata-sections -Wall -fstack-usage -MMD -MP -MF"Core/Src/stm32f1xx_it.d" -MT"Core/Src/stm32f1xx_it.o" --specs=nano.specs -mfloat-abi=soft -mthumb -o "Core/Src/stm32f1xx_it.o"
../DCMotor/Encoder.cpp:5:3: error: #error "Don't define the encoder cpr"
    5 |  #error "Don't define the encoder cpr"
      |   ^~~~~
../DCMotor/Encoder.cpp: In member function 'void Encoder::update()':
../DCMotor/Encoder.cpp:11:30: error: 'ENCODER_CPR' was not declared in this scope; did you mean 'ENCODER_H'?
   11 |  position = raw_count/(float)ENCODER_CPR;
      |                              ^~~~~~~~~~~
      |                              ENCODER_H
../DCMotor/Encoder.cpp: In member function 'float Encoder::getVelocity()':
../DCMotor/Encoder.cpp:19:40: error: 'POSITION_2_VEL' was not declared in this scope; did you mean 'POSITION_VAL'?
   19 |  velocity = (position - part_position)*POSITION_2_VEL;
      |                                        ^~~~~~~~~~~~~~
      |                                        POSITION_VAL
../DCMotor/Encoder.cpp:21:1: warning: no return statement in function returning non-void [-Wreturn-type]
   21 | }
      | ^
make: *** [DCMotor/subdir.mk:28: DCMotor/Encoder.o] Error 1
make: *** Waiting for unfinished jobs....
"make -j4 all" terminated with exit code 2. Build might be incomplete.
01:25:14 **** Incremental Build of configuration Debug for project DCMotorLqr ****
make -j4 all 
arm-none-eabi-g++ "../DCMotor/Encoder.cpp" -mcpu=cortex-m3 -std=gnu++14 -g3 -DDEBUG -DUSE_HAL_DRIVER -DSTM32F103xB -c -I../Core/Inc -I../Drivers/STM32F1xx_HAL_Driver/Inc -I../Drivers/STM32F1xx_HAL_Driver/Inc/Legacy -I../Drivers/CMSIS/Device/ST/STM32F1xx/Include -I../Drivers/CMSIS/Include -I../Use -I../DCMotor -O0 -ffunction-sections -fdata-sections -fno-exceptions -fno-rtti -fno-use-cxa-atexit -Wall -fstack-usage -MMD -MP -MF"DCMotor/Encoder.d" -MT"DCMotor/Encoder.o" --specs=nano.specs -mfloat-abi=soft -mthumb -o "DCMotor/Encoder.o"
arm-none-eabi-gcc "../Core/Src/syscalls.c" -mcpu=cortex-m3 -std=gnu11 -g3 -DDEBUG -DUSE_HAL_DRIVER -DSTM32F103xB -c -I../Core/Inc -I../Drivers/STM32F1xx_HAL_Driver/Inc -I../Drivers/STM32F1xx_HAL_Driver/Inc/Legacy -I../Drivers/CMSIS/Device/ST/STM32F1xx/Include -I../Drivers/CMSIS/Include -I../Use -I../DCMotor -O0 -ffunction-sections -fdata-sections -Wall -fstack-usage -MMD -MP -MF"Core/Src/syscalls.d" -MT"Core/Src/syscalls.o" --specs=nano.specs -mfloat-abi=soft -mthumb -o "Core/Src/syscalls.o"
arm-none-eabi-gcc "../Core/Src/sysmem.c" -mcpu=cortex-m3 -std=gnu11 -g3 -DDEBUG -DUSE_HAL_DRIVER -DSTM32F103xB -c -I../Core/Inc -I../Drivers/STM32F1xx_HAL_Driver/Inc -I../Drivers/STM32F1xx_HAL_Driver/Inc/Legacy -I../Drivers/CMSIS/Device/ST/STM32F1xx/Include -I../Drivers/CMSIS/Include -I../Use -I../DCMotor -O0 -ffunction-sections -fdata-sections -Wall -fstack-usage -MMD -MP -MF"Core/Src/sysmem.d" -MT"Core/Src/sysmem.o" --specs=nano.specs -mfloat-abi=soft -mthumb -o "Core/Src/sysmem.o"
arm-none-eabi-gcc "../Core/Src/system_stm32f1xx.c" -mcpu=cortex-m3 -std=gnu11 -g3 -DDEBUG -DUSE_HAL_DRIVER -DSTM32F103xB -c -I../Core/Inc -I../Drivers/STM32F1xx_HAL_Driver/Inc -I../Drivers/STM32F1xx_HAL_Driver/Inc/Legacy -I../Drivers/CMSIS/Device/ST/STM32F1xx/Include -I../Drivers/CMSIS/Include -I../Use -I../DCMotor -O0 -ffunction-sections -fdata-sections -Wall -fstack-usage -MMD -MP -MF"Core/Src/system_stm32f1xx.d" -MT"Core/Src/system_stm32f1xx.o" --specs=nano.specs -mfloat-abi=soft -mthumb -o "Core/Src/system_stm32f1xx.o"
../DCMotor/Encoder.cpp: In member function 'float Encoder::getVelocity()':
../DCMotor/Encoder.cpp:22:1: warning: no return statement in function returning non-void [-Wreturn-type]
   22 | }
      | ^
arm-none-eabi-g++ -o "DCMotorLqr.elf" @"objects.list"   -mcpu=cortex-m3 -T"D:\MCU\STM32F103_Project\DCMotorLqr\STM32F103C8TX_FLASH.ld" --specs=nosys.specs -Wl,-Map="DCMotorLqr.map" -Wl,--gc-sections -static --specs=nano.specs -mfloat-abi=soft -mthumb -Wl,--start-group -lc -lm -lstdc++ -lsupc++ -Wl,--end-group
Finished building target: DCMotorLqr.elf
 
arm-none-eabi-size   DCMotorLqr.elf 
arm-none-eabi-objdump -h -S  DCMotorLqr.elf  > "DCMotorLqr.list"
   text	   data	    bss	    dec	    hex	filename
   5172	     20	   1644	   6836	   1ab4	DCMotorLqr.elf
Finished building: default.size.stdout
 
Finished building: DCMotorLqr.list
 
01:25:37 **** Incremental Build of configuration Debug for project DCMotorLqr ****
make -j4 all 
arm-none-eabi-g++ "../DCMotor/Encoder.cpp" -mcpu=cortex-m3 -std=gnu++14 -g3 -DDEBUG -DUSE_HAL_DRIVER -DSTM32F103xB -c -I../Core/Inc -I../Drivers/STM32F1xx_HAL_Driver/Inc -I../Drivers/STM32F1xx_HAL_Driver/Inc/Legacy -I../Drivers/CMSIS/Device/ST/STM32F1xx/Include -I../Drivers/CMSIS/Include -I../Use -I../DCMotor -O0 -ffunction-sections -fdata-sections -fno-exceptions -fno-rtti -fno-use-cxa-atexit -Wall -fstack-usage -MMD -MP -MF"DCMotor/Encoder.d" -MT"DCMotor/Encoder.o" --specs=nano.specs -mfloat-abi=soft -mthumb -o "DCMotor/Encoder.o"
arm-none-eabi-g++ -o "DCMotorLqr.elf" @"objects.list"   -mcpu=cortex-m3 -T"D:\MCU\STM32F103_Project\DCMotorLqr\STM32F103C8TX_FLASH.ld" --specs=nosys.specs -Wl,-Map="DCMotorLqr.map" -Wl,--gc-sections -static --specs=nano.specs -mfloat-abi=soft -mthumb -Wl,--start-group -lc -lm -lstdc++ -lsupc++ -Wl,--end-group
Finished building target: DCMotorLqr.elf
 
arm-none-eabi-size   DCMotorLqr.elf 
arm-none-eabi-objdump -h -S  DCMotorLqr.elf  > "DCMotorLqr.list"
   text	   data	    bss	    dec	    hex	filename
   5172	     20	   1644	   6836	   1ab4	DCMotorLqr.elf
Finished building: default.size.stdout
 
Finished building: DCMotorLqr.list
 
01:26:02 **** Incremental Build of configuration Debug for project DCMotorLqr ****
make -j4 all 
arm-none-eabi-g++ "../DCMotor/Config.cpp" -mcpu=cortex-m3 -std=gnu++14 -g3 -DDEBUG -DUSE_HAL_DRIVER -DSTM32F103xB -c -I../Core/Inc -I../Drivers/STM32F1xx_HAL_Driver/Inc -I../Drivers/STM32F1xx_HAL_Driver/Inc/Legacy -I../Drivers/CMSIS/Device/ST/STM32F1xx/Include -I../Drivers/CMSIS/Include -I../Use -I../DCMotor -O0 -ffunction-sections -fdata-sections -fno-exceptions -fno-rtti -fno-use-cxa-atexit -Wall -fstack-usage -MMD -MP -MF"DCMotor/Config.d" -MT"DCMotor/Config.o" --specs=nano.specs -mfloat-abi=soft -mthumb -o "DCMotor/Config.o"
arm-none-eabi-g++ "../DCMotor/DCMotor.cpp" -mcpu=cortex-m3 -std=gnu++14 -g3 -DDEBUG -DUSE_HAL_DRIVER -DSTM32F103xB -c -I../Core/Inc -I../Drivers/STM32F1xx_HAL_Driver/Inc -I../Drivers/STM32F1xx_HAL_Driver/Inc/Legacy -I../Drivers/CMSIS/Device/ST/STM32F1xx/Include -I../Drivers/CMSIS/Include -I../Use -I../DCMotor -O0 -ffunction-sections -fdata-sections -fno-exceptions -fno-rtti -fno-use-cxa-atexit -Wall -fstack-usage -MMD -MP -MF"DCMotor/DCMotor.d" -MT"DCMotor/DCMotor.o" --specs=nano.specs -mfloat-abi=soft -mthumb -o "DCMotor/DCMotor.o"
arm-none-eabi-g++ "../DCMotor/Encoder.cpp" -mcpu=cortex-m3 -std=gnu++14 -g3 -DDEBUG -DUSE_HAL_DRIVER -DSTM32F103xB -c -I../Core/Inc -I../Drivers/STM32F1xx_HAL_Driver/Inc -I../Drivers/STM32F1xx_HAL_Driver/Inc/Legacy -I../Drivers/CMSIS/Device/ST/STM32F1xx/Include -I../Drivers/CMSIS/Include -I../Use -I../DCMotor -O0 -ffunction-sections -fdata-sections -fno-exceptions -fno-rtti -fno-use-cxa-atexit -Wall -fstack-usage -MMD -MP -MF"DCMotor/Encoder.d" -MT"DCMotor/Encoder.o" --specs=nano.specs -mfloat-abi=soft -mthumb -o "DCMotor/Encoder.o"
arm-none-eabi-g++ "../DCMotor/L298.cpp" -mcpu=cortex-m3 -std=gnu++14 -g3 -DDEBUG -DUSE_HAL_DRIVER -DSTM32F103xB -c -I../Core/Inc -I../Drivers/STM32F1xx_HAL_Driver/Inc -I../Drivers/STM32F1xx_HAL_Driver/Inc/Legacy -I../Drivers/CMSIS/Device/ST/STM32F1xx/Include -I../Drivers/CMSIS/Include -I../Use -I../DCMotor -O0 -ffunction-sections -fdata-sections -fno-exceptions -fno-rtti -fno-use-cxa-atexit -Wall -fstack-usage -MMD -MP -MF"DCMotor/L298.d" -MT"DCMotor/L298.o" --specs=nano.specs -mfloat-abi=soft -mthumb -o "DCMotor/L298.o"
arm-none-eabi-g++ "../DCMotor/LQR.cpp" -mcpu=cortex-m3 -std=gnu++14 -g3 -DDEBUG -DUSE_HAL_DRIVER -DSTM32F103xB -c -I../Core/Inc -I../Drivers/STM32F1xx_HAL_Driver/Inc -I../Drivers/STM32F1xx_HAL_Driver/Inc/Legacy -I../Drivers/CMSIS/Device/ST/STM32F1xx/Include -I../Drivers/CMSIS/Include -I../Use -I../DCMotor -O0 -ffunction-sections -fdata-sections -fno-exceptions -fno-rtti -fno-use-cxa-atexit -Wall -fstack-usage -MMD -MP -MF"DCMotor/LQR.d" -MT"DCMotor/LQR.o" --specs=nano.specs -mfloat-abi=soft -mthumb -o "DCMotor/LQR.o"
arm-none-eabi-g++ -o "DCMotorLqr.elf" @"objects.list"   -mcpu=cortex-m3 -T"D:\MCU\STM32F103_Project\DCMotorLqr\STM32F103C8TX_FLASH.ld" --specs=nosys.specs -Wl,-Map="DCMotorLqr.map" -Wl,--gc-sections -static --specs=nano.specs -mfloat-abi=soft -mthumb -Wl,--start-group -lc -lm -lstdc++ -lsupc++ -Wl,--end-group
Finished building target: DCMotorLqr.elf
 
arm-none-eabi-size   DCMotorLqr.elf 
arm-none-eabi-objdump -h -S  DCMotorLqr.elf  > "DCMotorLqr.list"
   text	   data	    bss	    dec	    hex	filename
   5172	     20	   1644	   6836	   1ab4	DCMotorLqr.elf
Finished building: default.size.stdout
 
Finished building: DCMotorLqr.list
 
01:38:28 **** Incremental Build of configuration Debug for project DCMotorLqr ****
make -j4 all 
arm-none-eabi-g++ "../DCMotor/Config.cpp" -mcpu=cortex-m3 -std=gnu++14 -g3 -DDEBUG -DUSE_HAL_DRIVER -DSTM32F103xB -c -I../Core/Inc -I../Drivers/STM32F1xx_HAL_Driver/Inc -I../Drivers/STM32F1xx_HAL_Driver/Inc/Legacy -I../Drivers/CMSIS/Device/ST/STM32F1xx/Include -I../Drivers/CMSIS/Include -I../Use -I../DCMotor -O0 -ffunction-sections -fdata-sections -fno-exceptions -fno-rtti -fno-use-cxa-atexit -Wall -fstack-usage -MMD -MP -MF"DCMotor/Config.d" -MT"DCMotor/Config.o" --specs=nano.specs -mfloat-abi=soft -mthumb -o "DCMotor/Config.o"
arm-none-eabi-g++ "../DCMotor/DCMotor.cpp" -mcpu=cortex-m3 -std=gnu++14 -g3 -DDEBUG -DUSE_HAL_DRIVER -DSTM32F103xB -c -I../Core/Inc -I../Drivers/STM32F1xx_HAL_Driver/Inc -I../Drivers/STM32F1xx_HAL_Driver/Inc/Legacy -I../Drivers/CMSIS/Device/ST/STM32F1xx/Include -I../Drivers/CMSIS/Include -I../Use -I../DCMotor -O0 -ffunction-sections -fdata-sections -fno-exceptions -fno-rtti -fno-use-cxa-atexit -Wall -fstack-usage -MMD -MP -MF"DCMotor/DCMotor.d" -MT"DCMotor/DCMotor.o" --specs=nano.specs -mfloat-abi=soft -mthumb -o "DCMotor/DCMotor.o"
arm-none-eabi-g++ "../DCMotor/Encoder.cpp" -mcpu=cortex-m3 -std=gnu++14 -g3 -DDEBUG -DUSE_HAL_DRIVER -DSTM32F103xB -c -I../Core/Inc -I../Drivers/STM32F1xx_HAL_Driver/Inc -I../Drivers/STM32F1xx_HAL_Driver/Inc/Legacy -I../Drivers/CMSIS/Device/ST/STM32F1xx/Include -I../Drivers/CMSIS/Include -I../Use -I../DCMotor -O0 -ffunction-sections -fdata-sections -fno-exceptions -fno-rtti -fno-use-cxa-atexit -Wall -fstack-usage -MMD -MP -MF"DCMotor/Encoder.d" -MT"DCMotor/Encoder.o" --specs=nano.specs -mfloat-abi=soft -mthumb -o "DCMotor/Encoder.o"
arm-none-eabi-g++ "../DCMotor/L298.cpp" -mcpu=cortex-m3 -std=gnu++14 -g3 -DDEBUG -DUSE_HAL_DRIVER -DSTM32F103xB -c -I../Core/Inc -I../Drivers/STM32F1xx_HAL_Driver/Inc -I../Drivers/STM32F1xx_HAL_Driver/Inc/Legacy -I../Drivers/CMSIS/Device/ST/STM32F1xx/Include -I../Drivers/CMSIS/Include -I../Use -I../DCMotor -O0 -ffunction-sections -fdata-sections -fno-exceptions -fno-rtti -fno-use-cxa-atexit -Wall -fstack-usage -MMD -MP -MF"DCMotor/L298.d" -MT"DCMotor/L298.o" --specs=nano.specs -mfloat-abi=soft -mthumb -o "DCMotor/L298.o"
In file included from ../DCMotor/Config.cpp:1:
../DCMotor/Config.h:19:13: error: variable or field 'tim_pwm_set_value' declared void
   19 | extern void tim_pwm_set_value(in16_t pwm);
      |             ^~~~~~~~~~~~~~~~~
../DCMotor/Config.h:19:31: error: 'in16_t' was not declared in this scope; did you mean 'int16_t'?
   19 | extern void tim_pwm_set_value(in16_t pwm);
      |                               ^~~~~~
      |                               int16_t
../DCMotor/L298.cpp:5:3: error: #error "don't define the pwm range"
    5 |  #error "don't define the pwm range"
      |   ^~~~~
In file included from ../DCMotor/Encoder.h:10,
                 from ../DCMotor/Encoder.cpp:1:
../DCMotor/Config.h:19:13: error: variable or field 'tim_pwm_set_value' declared void
   19 | extern void tim_pwm_set_value(in16_t pwm);
      |             ^~~~~~~~~~~~~~~~~
../DCMotor/Config.cpp: In function 'void tim_pwm_init()':
../DCMotor/Config.cpp:110:14: error: 'DEF_PWM_LIM' was not declared in this scope
  110 |  TIM1->ARR = DEF_PWM_LIM;
      |              ^~~~~~~~~~~
../DCMotor/Config.cpp: At global scope:
../DCMotor/Config.cpp:142:13: error: variable or field 'tim_pwm_set_value' declared void
  142 | extern void tim_pwm_set_value(in16_t pwm){
      |             ^~~~~~~~~~~~~~~~~
../DCMotor/Config.h:19:31: error: 'in16_t' was not declared in this scope; did you mean 'int16_t'?
   19 | extern void tim_pwm_set_value(in16_t pwm);
      |                               ^~~~~~
      |                               int16_t
../DCMotor/Config.cpp:142:31: error: 'in16_t' was not declared in this scope; did you mean 'int16_t'?
  142 | extern void tim_pwm_set_value(in16_t pwm){
      |                               ^~~~~~
      |                               int16_t
make: *** [DCMotor/subdir.mk:37: DCMotor/Config.o] Error 1
make: *** Waiting for unfinished jobs....
make: *** [DCMotor/subdir.mk:37: DCMotor/Encoder.o] Error 1
In file included from ../DCMotor/L298.h:10,
                 from ../DCMotor/L298.cpp:1:
../DCMotor/Config.h:19:13: error: variable or field 'tim_pwm_set_value' declared void
   19 | extern void tim_pwm_set_value(in16_t pwm);
      |             ^~~~~~~~~~~~~~~~~
../DCMotor/Config.h:19:31: error: 'in16_t' was not declared in this scope; did you mean 'int16_t'?
   19 | extern void tim_pwm_set_value(in16_t pwm);
      |                               ^~~~~~
      |                               int16_t
../DCMotor/L298.cpp: In member function 'void L298::setVoltage(uint16_t)':
../DCMotor/L298.cpp:10:2: error: 'tim_pwm_set_value' was not declared in this scope
   10 |  tim_pwm_set_value(pwm);
      |  ^~~~~~~~~~~~~~~~~
make: *** [DCMotor/subdir.mk:37: DCMotor/L298.o] Error 1
"make -j4 all" terminated with exit code 2. Build might be incomplete.
01:38:45 **** Incremental Build of configuration Debug for project DCMotorLqr ****
make -j4 all 
arm-none-eabi-g++ "../DCMotor/Config.cpp" -mcpu=cortex-m3 -std=gnu++14 -g3 -DDEBUG -DUSE_HAL_DRIVER -DSTM32F103xB -c -I../Core/Inc -I../Drivers/STM32F1xx_HAL_Driver/Inc -I../Drivers/STM32F1xx_HAL_Driver/Inc/Legacy -I../Drivers/CMSIS/Device/ST/STM32F1xx/Include -I../Drivers/CMSIS/Include -I../Use -I../DCMotor -O0 -ffunction-sections -fdata-sections -fno-exceptions -fno-rtti -fno-use-cxa-atexit -Wall -fstack-usage -MMD -MP -MF"DCMotor/Config.d" -MT"DCMotor/Config.o" --specs=nano.specs -mfloat-abi=soft -mthumb -o "DCMotor/Config.o"
arm-none-eabi-g++ "../DCMotor/Encoder.cpp" -mcpu=cortex-m3 -std=gnu++14 -g3 -DDEBUG -DUSE_HAL_DRIVER -DSTM32F103xB -c -I../Core/Inc -I../Drivers/STM32F1xx_HAL_Driver/Inc -I../Drivers/STM32F1xx_HAL_Driver/Inc/Legacy -I../Drivers/CMSIS/Device/ST/STM32F1xx/Include -I../Drivers/CMSIS/Include -I../Use -I../DCMotor -O0 -ffunction-sections -fdata-sections -fno-exceptions -fno-rtti -fno-use-cxa-atexit -Wall -fstack-usage -MMD -MP -MF"DCMotor/Encoder.d" -MT"DCMotor/Encoder.o" --specs=nano.specs -mfloat-abi=soft -mthumb -o "DCMotor/Encoder.o"
arm-none-eabi-g++ "../DCMotor/L298.cpp" -mcpu=cortex-m3 -std=gnu++14 -g3 -DDEBUG -DUSE_HAL_DRIVER -DSTM32F103xB -c -I../Core/Inc -I../Drivers/STM32F1xx_HAL_Driver/Inc -I../Drivers/STM32F1xx_HAL_Driver/Inc/Legacy -I../Drivers/CMSIS/Device/ST/STM32F1xx/Include -I../Drivers/CMSIS/Include -I../Use -I../DCMotor -O0 -ffunction-sections -fdata-sections -fno-exceptions -fno-rtti -fno-use-cxa-atexit -Wall -fstack-usage -MMD -MP -MF"DCMotor/L298.d" -MT"DCMotor/L298.o" --specs=nano.specs -mfloat-abi=soft -mthumb -o "DCMotor/L298.o"
arm-none-eabi-g++ "../DCMotor/LQR.cpp" -mcpu=cortex-m3 -std=gnu++14 -g3 -DDEBUG -DUSE_HAL_DRIVER -DSTM32F103xB -c -I../Core/Inc -I../Drivers/STM32F1xx_HAL_Driver/Inc -I../Drivers/STM32F1xx_HAL_Driver/Inc/Legacy -I../Drivers/CMSIS/Device/ST/STM32F1xx/Include -I../Drivers/CMSIS/Include -I../Use -I../DCMotor -O0 -ffunction-sections -fdata-sections -fno-exceptions -fno-rtti -fno-use-cxa-atexit -Wall -fstack-usage -MMD -MP -MF"DCMotor/LQR.d" -MT"DCMotor/LQR.o" --specs=nano.specs -mfloat-abi=soft -mthumb -o "DCMotor/LQR.o"
In file included from ../DCMotor/Encoder.h:10,
                 from ../DCMotor/Encoder.cpp:1:
../DCMotor/Config.h:19:13: error: variable or field 'tim_pwm_set_value' declared void
   19 | extern void tim_pwm_set_value(in16_t pwm);
      |             ^~~~~~~~~~~~~~~~~
../DCMotor/Config.h:19:31: error: 'in16_t' was not declared in this scope; did you mean 'int16_t'?
   19 | extern void tim_pwm_set_value(in16_t pwm);
      |                               ^~~~~~
      |                               int16_t
In file included from ../DCMotor/Config.cpp:1:
../DCMotor/Config.h:19:13: error: variable or field 'tim_pwm_set_value' declared void
   19 | extern void tim_pwm_set_value(in16_t pwm);
      |             ^~~~~~~~~~~~~~~~~
../DCMotor/Config.h:19:31: error: 'in16_t' was not declared in this scope; did you mean 'int16_t'?
   19 | extern void tim_pwm_set_value(in16_t pwm);
      |                               ^~~~~~
      |                               int16_t
../DCMotor/Config.cpp: In function 'void tim_pwm_init()':
../DCMotor/Config.cpp:110:14: error: 'DEF_PWM_LIM' was not declared in this scope
  110 |  TIM1->ARR = DEF_PWM_LIM;
      |              ^~~~~~~~~~~
../DCMotor/Config.cpp: At global scope:
../DCMotor/Config.cpp:142:13: error: variable or field 'tim_pwm_set_value' declared void
  142 | extern void tim_pwm_set_value(in16_t pwm){
      |             ^~~~~~~~~~~~~~~~~
../DCMotor/Config.cpp:142:31: error: 'in16_t' was not declared in this scope; did you mean 'int16_t'?
  142 | extern void tim_pwm_set_value(in16_t pwm){
      |                               ^~~~~~
      |                               int16_t
make: *** [DCMotor/subdir.mk:37: DCMotor/Encoder.o] Error 1
make: *** Waiting for unfinished jobs....
make: *** [DCMotor/subdir.mk:37: DCMotor/Config.o] Error 1
In file included from ../DCMotor/L298.h:10,
                 from ../DCMotor/L298.cpp:1:
../DCMotor/Config.h:19:13: error: variable or field 'tim_pwm_set_value' declared void
   19 | extern void tim_pwm_set_value(in16_t pwm);
      |             ^~~~~~~~~~~~~~~~~
../DCMotor/Config.h:19:31: error: 'in16_t' was not declared in this scope; did you mean 'int16_t'?
   19 | extern void tim_pwm_set_value(in16_t pwm);
      |                               ^~~~~~
      |                               int16_t
../DCMotor/L298.cpp: In member function 'void L298::setVoltage(uint16_t)':
../DCMotor/L298.cpp:11:2: error: 'tim_pwm_set_value' was not declared in this scope
   11 |  tim_pwm_set_value(pwm);
      |  ^~~~~~~~~~~~~~~~~
make: *** [DCMotor/subdir.mk:37: DCMotor/L298.o] Error 1
"make -j4 all" terminated with exit code 2. Build might be incomplete.
01:38:57 **** Incremental Build of configuration Debug for project DCMotorLqr ****
make -j4 all 
arm-none-eabi-g++ "../DCMotor/Config.cpp" -mcpu=cortex-m3 -std=gnu++14 -g3 -DDEBUG -DUSE_HAL_DRIVER -DSTM32F103xB -c -I../Core/Inc -I../Drivers/STM32F1xx_HAL_Driver/Inc -I../Drivers/STM32F1xx_HAL_Driver/Inc/Legacy -I../Drivers/CMSIS/Device/ST/STM32F1xx/Include -I../Drivers/CMSIS/Include -I../Use -I../DCMotor -O0 -ffunction-sections -fdata-sections -fno-exceptions -fno-rtti -fno-use-cxa-atexit -Wall -fstack-usage -MMD -MP -MF"DCMotor/Config.d" -MT"DCMotor/Config.o" --specs=nano.specs -mfloat-abi=soft -mthumb -o "DCMotor/Config.o"
arm-none-eabi-g++ "../DCMotor/Encoder.cpp" -mcpu=cortex-m3 -std=gnu++14 -g3 -DDEBUG -DUSE_HAL_DRIVER -DSTM32F103xB -c -I../Core/Inc -I../Drivers/STM32F1xx_HAL_Driver/Inc -I../Drivers/STM32F1xx_HAL_Driver/Inc/Legacy -I../Drivers/CMSIS/Device/ST/STM32F1xx/Include -I../Drivers/CMSIS/Include -I../Use -I../DCMotor -O0 -ffunction-sections -fdata-sections -fno-exceptions -fno-rtti -fno-use-cxa-atexit -Wall -fstack-usage -MMD -MP -MF"DCMotor/Encoder.d" -MT"DCMotor/Encoder.o" --specs=nano.specs -mfloat-abi=soft -mthumb -o "DCMotor/Encoder.o"
arm-none-eabi-g++ "../DCMotor/L298.cpp" -mcpu=cortex-m3 -std=gnu++14 -g3 -DDEBUG -DUSE_HAL_DRIVER -DSTM32F103xB -c -I../Core/Inc -I../Drivers/STM32F1xx_HAL_Driver/Inc -I../Drivers/STM32F1xx_HAL_Driver/Inc/Legacy -I../Drivers/CMSIS/Device/ST/STM32F1xx/Include -I../Drivers/CMSIS/Include -I../Use -I../DCMotor -O0 -ffunction-sections -fdata-sections -fno-exceptions -fno-rtti -fno-use-cxa-atexit -Wall -fstack-usage -MMD -MP -MF"DCMotor/L298.d" -MT"DCMotor/L298.o" --specs=nano.specs -mfloat-abi=soft -mthumb -o "DCMotor/L298.o"
arm-none-eabi-g++ "../DCMotor/LSPB.cpp" -mcpu=cortex-m3 -std=gnu++14 -g3 -DDEBUG -DUSE_HAL_DRIVER -DSTM32F103xB -c -I../Core/Inc -I../Drivers/STM32F1xx_HAL_Driver/Inc -I../Drivers/STM32F1xx_HAL_Driver/Inc/Legacy -I../Drivers/CMSIS/Device/ST/STM32F1xx/Include -I../Drivers/CMSIS/Include -I../Use -I../DCMotor -O0 -ffunction-sections -fdata-sections -fno-exceptions -fno-rtti -fno-use-cxa-atexit -Wall -fstack-usage -MMD -MP -MF"DCMotor/LSPB.d" -MT"DCMotor/LSPB.o" --specs=nano.specs -mfloat-abi=soft -mthumb -o "DCMotor/LSPB.o"
../DCMotor/LSPB.cpp:2:10: fatal error: base/LSPB.h: No such file or directory
    2 | #include <base/LSPB.h>
      |          ^~~~~~~~~~~~~
compilation terminated.
make: *** [DCMotor/subdir.mk:37: DCMotor/LSPB.o] Error 1
make: *** Waiting for unfinished jobs....
../DCMotor/Config.cpp: In function 'void tim_pwm_init()':
../DCMotor/Config.cpp:110:14: error: 'DEF_PWM_LIM' was not declared in this scope
  110 |  TIM1->ARR = DEF_PWM_LIM;
      |              ^~~~~~~~~~~
../DCMotor/Config.cpp: At global scope:
../DCMotor/Config.cpp:142:13: error: variable or field 'tim_pwm_set_value' declared void
  142 | extern void tim_pwm_set_value(in16_t pwm){
      |             ^~~~~~~~~~~~~~~~~
../DCMotor/Config.cpp:142:31: error: 'in16_t' was not declared in this scope; did you mean 'int16_t'?
  142 | extern void tim_pwm_set_value(in16_t pwm){
      |                               ^~~~~~
      |                               int16_t
make: *** [DCMotor/subdir.mk:37: DCMotor/Config.o] Error 1
"make -j4 all" terminated with exit code 2. Build might be incomplete.
01:39:10 **** Incremental Build of configuration Debug for project DCMotorLqr ****
make -j4 all 
arm-none-eabi-g++ "../DCMotor/Config.cpp" -mcpu=cortex-m3 -std=gnu++14 -g3 -DDEBUG -DUSE_HAL_DRIVER -DSTM32F103xB -c -I../Core/Inc -I../Drivers/STM32F1xx_HAL_Driver/Inc -I../Drivers/STM32F1xx_HAL_Driver/Inc/Legacy -I../Drivers/CMSIS/Device/ST/STM32F1xx/Include -I../Drivers/CMSIS/Include -I../Use -I../DCMotor -O0 -ffunction-sections -fdata-sections -fno-exceptions -fno-rtti -fno-use-cxa-atexit -Wall -fstack-usage -MMD -MP -MF"DCMotor/Config.d" -MT"DCMotor/Config.o" --specs=nano.specs -mfloat-abi=soft -mthumb -o "DCMotor/Config.o"
arm-none-eabi-g++ "../DCMotor/LSPB.cpp" -mcpu=cortex-m3 -std=gnu++14 -g3 -DDEBUG -DUSE_HAL_DRIVER -DSTM32F103xB -c -I../Core/Inc -I../Drivers/STM32F1xx_HAL_Driver/Inc -I../Drivers/STM32F1xx_HAL_Driver/Inc/Legacy -I../Drivers/CMSIS/Device/ST/STM32F1xx/Include -I../Drivers/CMSIS/Include -I../Use -I../DCMotor -O0 -ffunction-sections -fdata-sections -fno-exceptions -fno-rtti -fno-use-cxa-atexit -Wall -fstack-usage -MMD -MP -MF"DCMotor/LSPB.d" -MT"DCMotor/LSPB.o" --specs=nano.specs -mfloat-abi=soft -mthumb -o "DCMotor/LSPB.o"
arm-none-eabi-g++ "../DCMotor/PID.cpp" -mcpu=cortex-m3 -std=gnu++14 -g3 -DDEBUG -DUSE_HAL_DRIVER -DSTM32F103xB -c -I../Core/Inc -I../Drivers/STM32F1xx_HAL_Driver/Inc -I../Drivers/STM32F1xx_HAL_Driver/Inc/Legacy -I../Drivers/CMSIS/Device/ST/STM32F1xx/Include -I../Drivers/CMSIS/Include -I../Use -I../DCMotor -O0 -ffunction-sections -fdata-sections -fno-exceptions -fno-rtti -fno-use-cxa-atexit -Wall -fstack-usage -MMD -MP -MF"DCMotor/PID.d" -MT"DCMotor/PID.o" --specs=nano.specs -mfloat-abi=soft -mthumb -o "DCMotor/PID.o"
../DCMotor/LSPB.cpp:2:10: fatal error: base/LSPB.h: No such file or directory
    2 | #include <base/LSPB.h>
      |          ^~~~~~~~~~~~~
compilation terminated.
make: *** [DCMotor/subdir.mk:37: DCMotor/LSPB.o] Error 1
make: *** Waiting for unfinished jobs....
../DCMotor/PID.cpp:3:10: fatal error: foc_utils.h: No such file or directory
    3 | #include "foc_utils.h"
      |          ^~~~~~~~~~~~~
compilation terminated.
make: *** [DCMotor/subdir.mk:37: DCMotor/PID.o] Error 1
../DCMotor/Config.cpp: In function 'void tim_pwm_init()':
../DCMotor/Config.cpp:110:14: error: 'DEF_PWM_LIM' was not declared in this scope
  110 |  TIM1->ARR = DEF_PWM_LIM;
      |              ^~~~~~~~~~~
../DCMotor/Config.cpp: At global scope:
../DCMotor/Config.cpp:142:13: error: variable or field 'tim_pwm_set_value' declared void
  142 | extern void tim_pwm_set_value(int16 pwm){
      |             ^~~~~~~~~~~~~~~~~
../DCMotor/Config.cpp:142:31: error: 'int16' was not declared in this scope; did you mean 'int16_t'?
  142 | extern void tim_pwm_set_value(int16 pwm){
      |                               ^~~~~
      |                               int16_t
make: *** [DCMotor/subdir.mk:37: DCMotor/Config.o] Error 1
"make -j4 all" terminated with exit code 2. Build might be incomplete.
01:39:17 **** Incremental Build of configuration Debug for project DCMotorLqr ****
make -j4 all 
arm-none-eabi-g++ "../DCMotor/Config.cpp" -mcpu=cortex-m3 -std=gnu++14 -g3 -DDEBUG -DUSE_HAL_DRIVER -DSTM32F103xB -c -I../Core/Inc -I../Drivers/STM32F1xx_HAL_Driver/Inc -I../Drivers/STM32F1xx_HAL_Driver/Inc/Legacy -I../Drivers/CMSIS/Device/ST/STM32F1xx/Include -I../Drivers/CMSIS/Include -I../Use -I../DCMotor -O0 -ffunction-sections -fdata-sections -fno-exceptions -fno-rtti -fno-use-cxa-atexit -Wall -fstack-usage -MMD -MP -MF"DCMotor/Config.d" -MT"DCMotor/Config.o" --specs=nano.specs -mfloat-abi=soft -mthumb -o "DCMotor/Config.o"
arm-none-eabi-g++ "../DCMotor/LSPB.cpp" -mcpu=cortex-m3 -std=gnu++14 -g3 -DDEBUG -DUSE_HAL_DRIVER -DSTM32F103xB -c -I../Core/Inc -I../Drivers/STM32F1xx_HAL_Driver/Inc -I../Drivers/STM32F1xx_HAL_Driver/Inc/Legacy -I../Drivers/CMSIS/Device/ST/STM32F1xx/Include -I../Drivers/CMSIS/Include -I../Use -I../DCMotor -O0 -ffunction-sections -fdata-sections -fno-exceptions -fno-rtti -fno-use-cxa-atexit -Wall -fstack-usage -MMD -MP -MF"DCMotor/LSPB.d" -MT"DCMotor/LSPB.o" --specs=nano.specs -mfloat-abi=soft -mthumb -o "DCMotor/LSPB.o"
arm-none-eabi-g++ "../DCMotor/PID.cpp" -mcpu=cortex-m3 -std=gnu++14 -g3 -DDEBUG -DUSE_HAL_DRIVER -DSTM32F103xB -c -I../Core/Inc -I../Drivers/STM32F1xx_HAL_Driver/Inc -I../Drivers/STM32F1xx_HAL_Driver/Inc/Legacy -I../Drivers/CMSIS/Device/ST/STM32F1xx/Include -I../Drivers/CMSIS/Include -I../Use -I../DCMotor -O0 -ffunction-sections -fdata-sections -fno-exceptions -fno-rtti -fno-use-cxa-atexit -Wall -fstack-usage -MMD -MP -MF"DCMotor/PID.d" -MT"DCMotor/PID.o" --specs=nano.specs -mfloat-abi=soft -mthumb -o "DCMotor/PID.o"
../DCMotor/PID.cpp:3:10: fatal error: foc_utils.h: No such file or directory
    3 | #include "foc_utils.h"
      |          ^~~~~~~~~~~~~
compilation terminated.
../DCMotor/LSPB.cpp:2:10: fatal error: base/LSPB.h: No such file or directory
    2 | #include <base/LSPB.h>
      |          ^~~~~~~~~~~~~
compilation terminated.
make: *** [DCMotor/subdir.mk:37: DCMotor/PID.o] Error 1
make: *** Waiting for unfinished jobs....
make: *** [DCMotor/subdir.mk:37: DCMotor/LSPB.o] Error 1
../DCMotor/Config.cpp: In function 'void tim_pwm_init()':
../DCMotor/Config.cpp:110:14: error: 'DEF_PWM_LIM' was not declared in this scope
  110 |  TIM1->ARR = DEF_PWM_LIM;
      |              ^~~~~~~~~~~
../DCMotor/Config.cpp: In function 'void tim_pwm_set_value(int16_t)':
../DCMotor/Config.cpp:146:12: error: 'DEF_PWM_LIM' was not declared in this scope
  146 |  if (pwm > DEF_PWM_LIM){
      |            ^~~~~~~~~~~
make: *** [DCMotor/subdir.mk:37: DCMotor/Config.o] Error 1
"make -j4 all" terminated with exit code 2. Build might be incomplete.
01:39:27 **** Incremental Build of configuration Debug for project DCMotorLqr ****
make -j4 all 
arm-none-eabi-g++ "../DCMotor/Config.cpp" -mcpu=cortex-m3 -std=gnu++14 -g3 -DDEBUG -DUSE_HAL_DRIVER -DSTM32F103xB -c -I../Core/Inc -I../Drivers/STM32F1xx_HAL_Driver/Inc -I../Drivers/STM32F1xx_HAL_Driver/Inc/Legacy -I../Drivers/CMSIS/Device/ST/STM32F1xx/Include -I../Drivers/CMSIS/Include -I../Use -I../DCMotor -O0 -ffunction-sections -fdata-sections -fno-exceptions -fno-rtti -fno-use-cxa-atexit -Wall -fstack-usage -MMD -MP -MF"DCMotor/Config.d" -MT"DCMotor/Config.o" --specs=nano.specs -mfloat-abi=soft -mthumb -o "DCMotor/Config.o"
arm-none-eabi-g++ "../DCMotor/LSPB.cpp" -mcpu=cortex-m3 -std=gnu++14 -g3 -DDEBUG -DUSE_HAL_DRIVER -DSTM32F103xB -c -I../Core/Inc -I../Drivers/STM32F1xx_HAL_Driver/Inc -I../Drivers/STM32F1xx_HAL_Driver/Inc/Legacy -I../Drivers/CMSIS/Device/ST/STM32F1xx/Include -I../Drivers/CMSIS/Include -I../Use -I../DCMotor -O0 -ffunction-sections -fdata-sections -fno-exceptions -fno-rtti -fno-use-cxa-atexit -Wall -fstack-usage -MMD -MP -MF"DCMotor/LSPB.d" -MT"DCMotor/LSPB.o" --specs=nano.specs -mfloat-abi=soft -mthumb -o "DCMotor/LSPB.o"
arm-none-eabi-g++ "../DCMotor/PID.cpp" -mcpu=cortex-m3 -std=gnu++14 -g3 -DDEBUG -DUSE_HAL_DRIVER -DSTM32F103xB -c -I../Core/Inc -I../Drivers/STM32F1xx_HAL_Driver/Inc -I../Drivers/STM32F1xx_HAL_Driver/Inc/Legacy -I../Drivers/CMSIS/Device/ST/STM32F1xx/Include -I../Drivers/CMSIS/Include -I../Use -I../DCMotor -O0 -ffunction-sections -fdata-sections -fno-exceptions -fno-rtti -fno-use-cxa-atexit -Wall -fstack-usage -MMD -MP -MF"DCMotor/PID.d" -MT"DCMotor/PID.o" --specs=nano.specs -mfloat-abi=soft -mthumb -o "DCMotor/PID.o"
../DCMotor/LSPB.cpp:2:10: fatal error: base/LSPB.h: No such file or directory
    2 | #include <base/LSPB.h>
      |          ^~~~~~~~~~~~~
compilation terminated.
../DCMotor/PID.cpp:3:10: fatal error: foc_utils.h: No such file or directory
    3 | #include "foc_utils.h"
      |          ^~~~~~~~~~~~~
compilation terminated.
make: *** [DCMotor/subdir.mk:37: DCMotor/LSPB.o] Error 1
make: *** Waiting for unfinished jobs....
make: *** [DCMotor/subdir.mk:37: DCMotor/PID.o] Error 1
"make -j4 all" terminated with exit code 2. Build might be incomplete.
01:39:39 **** Incremental Build of configuration Debug for project DCMotorLqr ****
make -j4 all 
arm-none-eabi-g++ "../DCMotor/LSPB.cpp" -mcpu=cortex-m3 -std=gnu++14 -g3 -DDEBUG -DUSE_HAL_DRIVER -DSTM32F103xB -c -I../Core/Inc -I../Drivers/STM32F1xx_HAL_Driver/Inc -I../Drivers/STM32F1xx_HAL_Driver/Inc/Legacy -I../Drivers/CMSIS/Device/ST/STM32F1xx/Include -I../Drivers/CMSIS/Include -I../Use -I../DCMotor -O0 -ffunction-sections -fdata-sections -fno-exceptions -fno-rtti -fno-use-cxa-atexit -Wall -fstack-usage -MMD -MP -MF"DCMotor/LSPB.d" -MT"DCMotor/LSPB.o" --specs=nano.specs -mfloat-abi=soft -mthumb -o "DCMotor/LSPB.o"
arm-none-eabi-g++ "../DCMotor/PID.cpp" -mcpu=cortex-m3 -std=gnu++14 -g3 -DDEBUG -DUSE_HAL_DRIVER -DSTM32F103xB -c -I../Core/Inc -I../Drivers/STM32F1xx_HAL_Driver/Inc -I../Drivers/STM32F1xx_HAL_Driver/Inc/Legacy -I../Drivers/CMSIS/Device/ST/STM32F1xx/Include -I../Drivers/CMSIS/Include -I../Use -I../DCMotor -O0 -ffunction-sections -fdata-sections -fno-exceptions -fno-rtti -fno-use-cxa-atexit -Wall -fstack-usage -MMD -MP -MF"DCMotor/PID.d" -MT"DCMotor/PID.o" --specs=nano.specs -mfloat-abi=soft -mthumb -o "DCMotor/PID.o"
../DCMotor/PID.cpp:3:10: fatal error: foc_utils.h: No such file or directory
    3 | #include "foc_utils.h"
      |          ^~~~~~~~~~~~~
compilation terminated.
make: *** [DCMotor/subdir.mk:37: DCMotor/PID.o] Error 1
make: *** Waiting for unfinished jobs....
"make -j4 all" terminated with exit code 2. Build might be incomplete.
01:42:32 **** Incremental Build of configuration Debug for project DCMotorLqr ****
make -j4 all 
arm-none-eabi-g++ "../DCMotor/PID.cpp" -mcpu=cortex-m3 -std=gnu++14 -g3 -DDEBUG -DUSE_HAL_DRIVER -DSTM32F103xB -c -I../Core/Inc -I../Drivers/STM32F1xx_HAL_Driver/Inc -I../Drivers/STM32F1xx_HAL_Driver/Inc/Legacy -I../Drivers/CMSIS/Device/ST/STM32F1xx/Include -I../Drivers/CMSIS/Include -I../Use -I../DCMotor -O0 -ffunction-sections -fdata-sections -fno-exceptions -fno-rtti -fno-use-cxa-atexit -Wall -fstack-usage -MMD -MP -MF"DCMotor/PID.d" -MT"DCMotor/PID.o" --specs=nano.specs -mfloat-abi=soft -mthumb -o "DCMotor/PID.o"
../DCMotor/PID.cpp:3:1: error: no declaration matches 'PID::PID(float, float, float, uint16_t, float)'
    3 | PID::PID(float P, float I , float D, uint16_t limit,float ts)
      | ^~~
In file included from ../DCMotor/PID.cpp:1:
../DCMotor/pid.h:8:7: note: candidates are: 'constexpr PID::PID(PID&&)'
    8 | class PID
      |       ^~~
../DCMotor/pid.h:8:7: note:                 'constexpr PID::PID(const PID&)'
../DCMotor/pid.h:25:5: note:                 'PID::PID(float, float, float, uint16_t)'
   25 |     PID(float P, float I , float D, uint16_t limit);
      |     ^~~
../DCMotor/pid.h:8:7: note: 'class PID' defined here
    8 | class PID
      |       ^~~
../DCMotor/PID.cpp: In member function 'void PID::reset()':
../DCMotor/PID.cpp:49:2: error: 'integral_prev' was not declared in this scope; did you mean 'integral'?
   49 |  integral_prev = 0;
      |  ^~~~~~~~~~~~~
      |  integral
make: *** [DCMotor/subdir.mk:37: DCMotor/PID.o] Error 1
"make -j4 all" terminated with exit code 2. Build might be incomplete.
01:42:39 **** Incremental Build of configuration Debug for project DCMotorLqr ****
make -j4 all 
arm-none-eabi-g++ "../DCMotor/PID.cpp" -mcpu=cortex-m3 -std=gnu++14 -g3 -DDEBUG -DUSE_HAL_DRIVER -DSTM32F103xB -c -I../Core/Inc -I../Drivers/STM32F1xx_HAL_Driver/Inc -I../Drivers/STM32F1xx_HAL_Driver/Inc/Legacy -I../Drivers/CMSIS/Device/ST/STM32F1xx/Include -I../Drivers/CMSIS/Include -I../Use -I../DCMotor -O0 -ffunction-sections -fdata-sections -fno-exceptions -fno-rtti -fno-use-cxa-atexit -Wall -fstack-usage -MMD -MP -MF"DCMotor/PID.d" -MT"DCMotor/PID.o" --specs=nano.specs -mfloat-abi=soft -mthumb -o "DCMotor/PID.o"
../DCMotor/PID.cpp:3:1: error: no declaration matches 'PID::PID(float, float, float, uint16_t, float)'
    3 | PID::PID(float P, float I , float D, uint16_t limit,float ts)
      | ^~~
In file included from ../DCMotor/PID.cpp:1:
../DCMotor/pid.h:8:7: note: candidates are: 'constexpr PID::PID(PID&&)'
    8 | class PID
      |       ^~~
../DCMotor/pid.h:8:7: note:                 'constexpr PID::PID(const PID&)'
../DCMotor/pid.h:25:5: note:                 'PID::PID(float, float, float, uint16_t)'
   25 |     PID(float P, float I , float D, uint16_t limit);
      |     ^~~
../DCMotor/pid.h:8:7: note: 'class PID' defined here
    8 | class PID
      |       ^~~
make: *** [DCMotor/subdir.mk:37: DCMotor/PID.o] Error 1
"make -j4 all" terminated with exit code 2. Build might be incomplete.
01:42:47 **** Incremental Build of configuration Debug for project DCMotorLqr ****
make -j4 all 
arm-none-eabi-g++ "../DCMotor/PID.cpp" -mcpu=cortex-m3 -std=gnu++14 -g3 -DDEBUG -DUSE_HAL_DRIVER -DSTM32F103xB -c -I../Core/Inc -I../Drivers/STM32F1xx_HAL_Driver/Inc -I../Drivers/STM32F1xx_HAL_Driver/Inc/Legacy -I../Drivers/CMSIS/Device/ST/STM32F1xx/Include -I../Drivers/CMSIS/Include -I../Use -I../DCMotor -O0 -ffunction-sections -fdata-sections -fno-exceptions -fno-rtti -fno-use-cxa-atexit -Wall -fstack-usage -MMD -MP -MF"DCMotor/PID.d" -MT"DCMotor/PID.o" --specs=nano.specs -mfloat-abi=soft -mthumb -o "DCMotor/PID.o"
../DCMotor/PID.cpp: In constructor 'PID::PID(float, float, float, uint16_t)':
../DCMotor/PID.cpp:14:2: error: 'integral_prev' was not declared in this scope; did you mean 'integral'?
   14 |  integral_prev = 0;
      |  ^~~~~~~~~~~~~
      |  integral
make: *** [DCMotor/subdir.mk:37: DCMotor/PID.o] Error 1
"make -j4 all" terminated with exit code 2. Build might be incomplete.
01:42:52 **** Incremental Build of configuration Debug for project DCMotorLqr ****
make -j4 all 
arm-none-eabi-g++ "../DCMotor/PID.cpp" -mcpu=cortex-m3 -std=gnu++14 -g3 -DDEBUG -DUSE_HAL_DRIVER -DSTM32F103xB -c -I../Core/Inc -I../Drivers/STM32F1xx_HAL_Driver/Inc -I../Drivers/STM32F1xx_HAL_Driver/Inc/Legacy -I../Drivers/CMSIS/Device/ST/STM32F1xx/Include -I../Drivers/CMSIS/Include -I../Use -I../DCMotor -O0 -ffunction-sections -fdata-sections -fno-exceptions -fno-rtti -fno-use-cxa-atexit -Wall -fstack-usage -MMD -MP -MF"DCMotor/PID.d" -MT"DCMotor/PID.o" --specs=nano.specs -mfloat-abi=soft -mthumb -o "DCMotor/PID.o"
arm-none-eabi-g++ -o "DCMotorLqr.elf" @"objects.list"   -mcpu=cortex-m3 -T"D:\MCU\STM32F103_Project\DCMotorLqr\STM32F103C8TX_FLASH.ld" --specs=nosys.specs -Wl,-Map="DCMotorLqr.map" -Wl,--gc-sections -static --specs=nano.specs -mfloat-abi=soft -mthumb -Wl,--start-group -lc -lm -lstdc++ -lsupc++ -Wl,--end-group
Finished building target: DCMotorLqr.elf
 
arm-none-eabi-size   DCMotorLqr.elf 
arm-none-eabi-objdump -h -S  DCMotorLqr.elf  > "DCMotorLqr.list"
   text	   data	    bss	    dec	    hex	filename
   5172	     20	   1644	   6836	   1ab4	DCMotorLqr.elf
Finished building: default.size.stdout
 
Finished building: DCMotorLqr.list
 
01:44:05 **** Incremental Build of configuration Debug for project DCMotorLqr ****
make -j4 all 
arm-none-eabi-g++ "../DCMotor/LSPB.cpp" -mcpu=cortex-m3 -std=gnu++14 -g3 -DDEBUG -DUSE_HAL_DRIVER -DSTM32F103xB -c -I../Core/Inc -I../Drivers/STM32F1xx_HAL_Driver/Inc -I../Drivers/STM32F1xx_HAL_Driver/Inc/Legacy -I../Drivers/CMSIS/Device/ST/STM32F1xx/Include -I../Drivers/CMSIS/Include -I../Use -I../DCMotor -O0 -ffunction-sections -fdata-sections -fno-exceptions -fno-rtti -fno-use-cxa-atexit -Wall -fstack-usage -MMD -MP -MF"DCMotor/LSPB.d" -MT"DCMotor/LSPB.o" --specs=nano.specs -mfloat-abi=soft -mthumb -o "DCMotor/LSPB.o"
../DCMotor/LSPB.cpp:2:10: fatal error: base/LSPB.h: No such file or directory
    2 | #include <base/LSPB.h>
      |          ^~~~~~~~~~~~~
compilation terminated.
make: *** [DCMotor/subdir.mk:37: DCMotor/LSPB.o] Error 1
"make -j4 all" terminated with exit code 2. Build might be incomplete.
01:44:22 **** Incremental Build of configuration Debug for project DCMotorLqr ****
make -j4 all 
arm-none-eabi-g++ "../DCMotor/LSPB.cpp" -mcpu=cortex-m3 -std=gnu++14 -g3 -DDEBUG -DUSE_HAL_DRIVER -DSTM32F103xB -c -I../Core/Inc -I../Drivers/STM32F1xx_HAL_Driver/Inc -I../Drivers/STM32F1xx_HAL_Driver/Inc/Legacy -I../Drivers/CMSIS/Device/ST/STM32F1xx/Include -I../Drivers/CMSIS/Include -I../Use -I../DCMotor -O0 -ffunction-sections -fdata-sections -fno-exceptions -fno-rtti -fno-use-cxa-atexit -Wall -fstack-usage -MMD -MP -MF"DCMotor/LSPB.d" -MT"DCMotor/LSPB.o" --specs=nano.specs -mfloat-abi=soft -mthumb -o "DCMotor/LSPB.o"
arm-none-eabi-g++ -o "DCMotorLqr.elf" @"objects.list"   -mcpu=cortex-m3 -T"D:\MCU\STM32F103_Project\DCMotorLqr\STM32F103C8TX_FLASH.ld" --specs=nosys.specs -Wl,-Map="DCMotorLqr.map" -Wl,--gc-sections -static --specs=nano.specs -mfloat-abi=soft -mthumb -Wl,--start-group -lc -lm -lstdc++ -lsupc++ -Wl,--end-group
Finished building target: DCMotorLqr.elf
 
arm-none-eabi-size   DCMotorLqr.elf 
arm-none-eabi-objdump -h -S  DCMotorLqr.elf  > "DCMotorLqr.list"
   text	   data	    bss	    dec	    hex	filename
   5172	     20	   1644	   6836	   1ab4	DCMotorLqr.elf
Finished building: default.size.stdout
 
Finished building: DCMotorLqr.list
 
01:47:43 **** Incremental Build of configuration Debug for project DCMotorLqr ****
make -j4 all 
arm-none-eabi-g++ "../DCMotor/DCMotor.cpp" -mcpu=cortex-m3 -std=gnu++14 -g3 -DDEBUG -DUSE_HAL_DRIVER -DSTM32F103xB -c -I../Core/Inc -I../Drivers/STM32F1xx_HAL_Driver/Inc -I../Drivers/STM32F1xx_HAL_Driver/Inc/Legacy -I../Drivers/CMSIS/Device/ST/STM32F1xx/Include -I../Drivers/CMSIS/Include -I../Use -I../DCMotor -O0 -ffunction-sections -fdata-sections -fno-exceptions -fno-rtti -fno-use-cxa-atexit -Wall -fstack-usage -MMD -MP -MF"DCMotor/DCMotor.d" -MT"DCMotor/DCMotor.o" --specs=nano.specs -mfloat-abi=soft -mthumb -o "DCMotor/DCMotor.o"
In file included from ../DCMotor/DCMotor.cpp:1:
../DCMotor/DCMotor.h:29:3: error: 'LSPB' does not name a type
   29 |   LSPB scuver{200, 0.01};
      |   ^~~~
../DCMotor/DCMotor.cpp:3:1: error: no declaration matches 'DCMotor::DCMotor(L298*, Encoder*)'
    3 | DCMotor::DCMotor(L298* _l298, Encoder* encoder){
      | ^~~~~~~
In file included from ../DCMotor/DCMotor.cpp:1:
../DCMotor/DCMotor.h:13:7: note: candidates are: 'constexpr DCMotor::DCMotor(DCMotor&&)'
   13 | class DCMotor
      |       ^~~~~~~
../DCMotor/DCMotor.h:13:7: note:                 'constexpr DCMotor::DCMotor(const DCMotor&)'
../DCMotor/DCMotor.h:16:3: note:                 'DCMotor::DCMotor()'
   16 |   DCMotor();
      |   ^~~~~~~
../DCMotor/DCMotor.h:13:7: note: 'class DCMotor' defined here
   13 | class DCMotor
      |       ^~~~~~~
make: *** [DCMotor/subdir.mk:37: DCMotor/DCMotor.o] Error 1
"make -j4 all" terminated with exit code 2. Build might be incomplete.
01:47:54 **** Incremental Build of configuration Debug for project DCMotorLqr ****
make -j4 all 
arm-none-eabi-g++ "../DCMotor/DCMotor.cpp" -mcpu=cortex-m3 -std=gnu++14 -g3 -DDEBUG -DUSE_HAL_DRIVER -DSTM32F103xB -c -I../Core/Inc -I../Drivers/STM32F1xx_HAL_Driver/Inc -I../Drivers/STM32F1xx_HAL_Driver/Inc/Legacy -I../Drivers/CMSIS/Device/ST/STM32F1xx/Include -I../Drivers/CMSIS/Include -I../Use -I../DCMotor -O0 -ffunction-sections -fdata-sections -fno-exceptions -fno-rtti -fno-use-cxa-atexit -Wall -fstack-usage -MMD -MP -MF"DCMotor/DCMotor.d" -MT"DCMotor/DCMotor.o" --specs=nano.specs -mfloat-abi=soft -mthumb -o "DCMotor/DCMotor.o"
In file included from ../DCMotor/DCMotor.cpp:1:
../DCMotor/DCMotor.h:28:3: error: 'LSPB' does not name a type
   28 |   LSPB scuver{200, 0.01};
      |   ^~~~
../DCMotor/DCMotor.cpp: In constructor 'DCMotor::DCMotor(L298*, Encoder*)':
../DCMotor/DCMotor.cpp:6:12: error: '_encoder' was not declared in this scope; did you mean 'encoder'?
    6 |  encoder = _encoder;
      |            ^~~~~~~~
      |            encoder
make: *** [DCMotor/subdir.mk:37: DCMotor/DCMotor.o] Error 1
"make -j4 all" terminated with exit code 2. Build might be incomplete.
01:48:07 **** Incremental Build of configuration Debug for project DCMotorLqr ****
make -j4 all 
arm-none-eabi-g++ "../DCMotor/DCMotor.cpp" -mcpu=cortex-m3 -std=gnu++14 -g3 -DDEBUG -DUSE_HAL_DRIVER -DSTM32F103xB -c -I../Core/Inc -I../Drivers/STM32F1xx_HAL_Driver/Inc -I../Drivers/STM32F1xx_HAL_Driver/Inc/Legacy -I../Drivers/CMSIS/Device/ST/STM32F1xx/Include -I../Drivers/CMSIS/Include -I../Use -I../DCMotor -O0 -ffunction-sections -fdata-sections -fno-exceptions -fno-rtti -fno-use-cxa-atexit -Wall -fstack-usage -MMD -MP -MF"DCMotor/DCMotor.d" -MT"DCMotor/DCMotor.o" --specs=nano.specs -mfloat-abi=soft -mthumb -o "DCMotor/DCMotor.o"
../DCMotor/DCMotor.cpp: In constructor 'DCMotor::DCMotor(L298*, Encoder*)':
../DCMotor/DCMotor.cpp:6:12: error: '_encoder' was not declared in this scope; did you mean 'encoder'?
    6 |  encoder = _encoder;
      |            ^~~~~~~~
      |            encoder
make: *** [DCMotor/subdir.mk:37: DCMotor/DCMotor.o] Error 1
"make -j4 all" terminated with exit code 2. Build might be incomplete.
01:48:15 **** Incremental Build of configuration Debug for project DCMotorLqr ****
make -j4 all 
arm-none-eabi-g++ "../DCMotor/DCMotor.cpp" -mcpu=cortex-m3 -std=gnu++14 -g3 -DDEBUG -DUSE_HAL_DRIVER -DSTM32F103xB -c -I../Core/Inc -I../Drivers/STM32F1xx_HAL_Driver/Inc -I../Drivers/STM32F1xx_HAL_Driver/Inc/Legacy -I../Drivers/CMSIS/Device/ST/STM32F1xx/Include -I../Drivers/CMSIS/Include -I../Use -I../DCMotor -O0 -ffunction-sections -fdata-sections -fno-exceptions -fno-rtti -fno-use-cxa-atexit -Wall -fstack-usage -MMD -MP -MF"DCMotor/DCMotor.d" -MT"DCMotor/DCMotor.o" --specs=nano.specs -mfloat-abi=soft -mthumb -o "DCMotor/DCMotor.o"
arm-none-eabi-g++ -o "DCMotorLqr.elf" @"objects.list"   -mcpu=cortex-m3 -T"D:\MCU\STM32F103_Project\DCMotorLqr\STM32F103C8TX_FLASH.ld" --specs=nosys.specs -Wl,-Map="DCMotorLqr.map" -Wl,--gc-sections -static --specs=nano.specs -mfloat-abi=soft -mthumb -Wl,--start-group -lc -lm -lstdc++ -lsupc++ -Wl,--end-group
Finished building target: DCMotorLqr.elf
 
arm-none-eabi-size   DCMotorLqr.elf 
arm-none-eabi-objdump -h -S  DCMotorLqr.elf  > "DCMotorLqr.list"
[...]
rm -rf ./Core/Startup/startup_stm32f103c8tx.d ./Core/Startup/startup_stm32f103c8tx.o
rm -rf ./Core/Src/main.d ./Core/Src/main.o ./Core/Src/main.su ./Core/Src/stm32f1xx_hal_msp.d ./Core/Src/stm32f1xx_hal_msp.o ./Core/Src/stm32f1xx_hal_msp.su ./Core/Src/stm32f1xx_hal_timebase_tim.d ./Core/Src/stm32f1xx_hal_timebase_tim.o ./Core/Src/stm32f1xx_hal_timebase_tim.su ./Core/Src/stm32f1xx_it.d ./Core/Src/stm32f1xx_it.o ./Core/Src/stm32f1xx_it.su ./Core/Src/syscalls.d ./Core/Src/syscalls.o ./Core/Src/syscalls.su ./Core/Src/sysmem.d ./Core/Src/sysmem.o ./Core/Src/sysmem.su ./Core/Src/system_stm32f1xx.d ./Core/Src/system_stm32f1xx.o ./Core/Src/system_stm32f1xx.su
rm -rf DCMotorLqr.elf DCMotorLqr.list DCMotorLqr.map default.size.stdout
 
22:47:06 **** Build of configuration Debug for project DCMotorLqr ****
make -j4 all 
arm-none-eabi-g++ "../Use/Use.cpp" -mcpu=cortex-m3 -std=gnu++14 -g3 -DDEBUG -DUSE_HAL_DRIVER -DSTM32F103xB -c -I../Core/Inc -I../Drivers/STM32F1xx_HAL_Driver/Inc -I../Drivers/STM32F1xx_HAL_Driver/Inc/Legacy -I../Drivers/CMSIS/Device/ST/STM32F1xx/Include -I../Drivers/CMSIS/Include -I../Use -I../DCMotor -O0 -ffunction-sections -fdata-sections -fno-exceptions -fno-rtti -fno-use-cxa-atexit -Wall -fstack-usage -MMD -MP -MF"Use/Use.d" -MT"Use/Use.o" --specs=nano.specs -mfloat-abi=soft -mthumb -o "Use/Use.o"
arm-none-eabi-gcc "../Drivers/STM32F1xx_HAL_Driver/Src/stm32f1xx_hal.c" -mcpu=cortex-m3 -std=gnu11 -g3 -DDEBUG -DUSE_HAL_DRIVER -DSTM32F103xB -c -I../Core/Inc -I../Drivers/STM32F1xx_HAL_Driver/Inc -I../Drivers/STM32F1xx_HAL_Driver/Inc/Legacy -I../Drivers/CMSIS/Device/ST/STM32F1xx/Include -I../Drivers/CMSIS/Include -I../Use -I../DCMotor -O0 -ffunction-sections -fdata-sections -Wall -fstack-usage -MMD -MP -MF"Drivers/STM32F1xx_HAL_Driver/Src/stm32f1xx_hal.d" -MT"Drivers/STM32F1xx_HAL_Driver/Src/stm32f1xx_hal.o" --specs=nano.specs -mfloat-abi=soft -mthumb -o "Drivers/STM32F1xx_HAL_Driver/Src/stm32f1xx_hal.o"
arm-none-eabi-gcc "../Drivers/STM32F1xx_HAL_Driver/Src/stm32f1xx_hal_cortex.c" -mcpu=cortex-m3 -std=gnu11 -g3 -DDEBUG -DUSE_HAL_DRIVER -DSTM32F103xB -c -I../Core/Inc -I../Drivers/STM32F1xx_HAL_Driver/Inc -I../Drivers/STM32F1xx_HAL_Driver/Inc/Legacy -I../Drivers/CMSIS/Device/ST/STM32F1xx/Include -I../Drivers/CMSIS/Include -I../Use -I../DCMotor -O0 -ffunction-sections -fdata-sections -Wall -fstack-usage -MMD -MP -MF"Drivers/STM32F1xx_HAL_Driver/Src/stm32f1xx_hal_cortex.d" -MT"Drivers/STM32F1xx_HAL_Driver/Src/stm32f1xx_hal_cortex.o" --specs=nano.specs -mfloat-abi=soft -mthumb -o "Drivers/STM32F1xx_HAL_Driver/Src/stm32f1xx_hal_cortex.o"
arm-none-eabi-gcc "../Drivers/STM32F1xx_HAL_Driver/Src/stm32f1xx_hal_dma.c" -mcpu=cortex-m3 -std=gnu11 -g3 -DDEBUG -DUSE_HAL_DRIVER -DSTM32F103xB -c -I../Core/Inc -I../Drivers/STM32F1xx_HAL_Driver/Inc -I../Drivers/STM32F1xx_HAL_Driver/Inc/Legacy -I../Drivers/CMSIS/Device/ST/STM32F1xx/Include -I../Drivers/CMSIS/Include -I../Use -I../DCMotor -O0 -ffunction-sections -fdata-sections -Wall -fstack-usage -MMD -MP -MF"Drivers/STM32F1xx_HAL_Driver/Src/stm32f1xx_hal_dma.d" -MT"Drivers/STM32F1xx_HAL_Driver/Src/stm32f1xx_hal_dma.o" --specs=nano.specs -mfloat-abi=soft -mthumb -o "Drivers/STM32F1xx_HAL_Driver/Src/stm32f1xx_hal_dma.o"
arm-none-eabi-gcc "../Drivers/STM32F1xx_HAL_Driver/Src/stm32f1xx_hal_exti.c" -mcpu=cortex-m3 -std=gnu11 -g3 -DDEBUG -DUSE_HAL_DRIVER -DSTM32F103xB -c -I../Core/Inc -I../Drivers/STM32F1xx_HAL_Driver/Inc -I../Drivers/STM32F1xx_HAL_Driver/Inc/Legacy -I../Drivers/CMSIS/Device/ST/STM32F1xx/Include -I../Drivers/CMSIS/Include -I../Use -I../DCMotor -O0 -ffunction-sections -fdata-sections -Wall -fstack-usage -MMD -MP -MF"Drivers/STM32F1xx_HAL_Driver/Src/stm32f1xx_hal_exti.d" -MT"Drivers/STM32F1xx_HAL_Driver/Src/stm32f1xx_hal_exti.o" --specs=nano.specs -mfloat-abi=soft -mthumb -o "Drivers/STM32F1xx_HAL_Driver/Src/stm32f1xx_hal_exti.o"
arm-none-eabi-gcc "../Drivers/STM32F1xx_HAL_Driver/Src/stm32f1xx_hal_flash.c" -mcpu=cortex-m3 -std=gnu11 -g3 -DDEBUG -DUSE_HAL_DRIVER -DSTM32F103xB -c -I../Core/Inc -I../Drivers/STM32F1xx_HAL_Driver/Inc -I../Drivers/STM32F1xx_HAL_Driver/Inc/Legacy -I../Drivers/CMSIS/Device/ST/STM32F1xx/Include -I../Drivers/CMSIS/Include -I../Use -I../DCMotor -O0 -ffunction-sections -fdata-sections -Wall -fstack-usage -MMD -MP -MF"Drivers/STM32F1xx_HAL_Driver/Src/stm32f1xx_hal_flash.d" -MT"Drivers/STM32F1xx_HAL_Driver/Src/stm32f1xx_hal_flash.o" --specs=nano.specs -mfloat-abi=soft -mthumb -o "Drivers/STM32F1xx_HAL_Driver/Src/stm32f1xx_hal_flash.o"
arm-none-eabi-gcc "../Drivers/STM32F1xx_HAL_Driver/Src/stm32f1xx_hal_flash_ex.c" -mcpu=cortex-m3 -std=gnu11 -g3 -DDEBUG -DUSE_HAL_DRIVER -DSTM32F103xB -c -I../Core/Inc -I../Drivers/STM32F1xx_HAL_Driver/Inc -I../Drivers/STM32F1xx_HAL_Driver/Inc/Legacy -I../Drivers/CMSIS/Device/ST/STM32F1xx/Include -I../Drivers/CMSIS/Include -I../Use -I../DCMotor -O0 -ffunction-sections -fdata-sections -Wall -fstack-usage -MMD -MP -MF"Drivers/STM32F1xx_HAL_Driver/Src/stm32f1xx_hal_flash_ex.d" -MT"Drivers/STM32F1xx_HAL_Driver/Src/stm32f1xx_hal_flash_ex.o" --specs=nano.specs -mfloat-abi=soft -mthumb -o "Drivers/STM32F1xx_HAL_Driver/Src/stm32f1xx_hal_flash_ex.o"
arm-none-eabi-gcc "../Drivers/STM32F1xx_HAL_Driver/Src/stm32f1xx_hal_gpio.c" -mcpu=cortex-m3 -std=gnu11 -g3 -DDEBUG -DUSE_HAL_DRIVER -DSTM32F103xB -c -I../Core/Inc -I../Drivers/STM32F1xx_HAL_Driver/Inc -I../Drivers/STM32F1xx_HAL_Driver/Inc/Legacy -I../Drivers/CMSIS/Device/ST/STM32F1xx/Include -I../Drivers/CMSIS/Include -I../Use -I../DCMotor -O0 -ffunction-sections -fdata-sections -Wall -fstack-usage -MMD -MP -MF"Drivers/STM32F1xx_HAL_Driver/Src/stm32f1xx_hal_gpio.d" -MT"Drivers/STM32F1xx_HAL_Driver/Src/stm32f1xx_hal_gpio.o" --specs=nano.specs -mfloat-abi=soft -mthumb -o "Drivers/STM32F1xx_HAL_Driver/Src/stm32f1xx_hal_gpio.o"
arm-none-eabi-gcc "../Drivers/STM32F1xx_HAL_Driver/Src/stm32f1xx_hal_gpio_ex.c" -mcpu=cortex-m3 -std=gnu11 -g3 -DDEBUG -DUSE_HAL_DRIVER -DSTM32F103xB -c -I../Core/Inc -I../Drivers/STM32F1xx_HAL_Driver/Inc -I../Drivers/STM32F1xx_HAL_Driver/Inc/Legacy -I../Drivers/CMSIS/Device/ST/STM32F1xx/Include -I../Drivers/CMSIS/Include -I../Use -I../DCMotor -O0 -ffunction-sections -fdata-sections -Wall -fstack-usage -MMD -MP -MF"Drivers/STM32F1xx_HAL_Driver/Src/stm32f1xx_hal_gpio_ex.d" -MT"Drivers/STM32F1xx_HAL_Driver/Src/stm32f1xx_hal_gpio_ex.o" --specs=nano.specs -mfloat-abi=soft -mthumb -o "Drivers/STM32F1xx_HAL_Driver/Src/stm32f1xx_hal_gpio_ex.o"
arm-none-eabi-gcc "../Drivers/STM32F1xx_HAL_Driver/Src/stm32f1xx_hal_pwr.c" -mcpu=cortex-m3 -std=gnu11 -g3 -DDEBUG -DUSE_HAL_DRIVER -DSTM32F103xB -c -I../Core/Inc -I../Drivers/STM32F1xx_HAL_Driver/Inc -I../Drivers/STM32F1xx_HAL_Driver/Inc/Legacy -I../Drivers/CMSIS/Device/ST/STM32F1xx/Include -I../Drivers/CMSIS/Include -I../Use -I../DCMotor -O0 -ffunction-sections -fdata-sections -Wall -fstack-usage -MMD -MP -MF"Drivers/STM32F1xx_HAL_Driver/Src/stm32f1xx_hal_pwr.d" -MT"Drivers/STM32F1xx_HAL_Driver/Src/stm32f1xx_hal_pwr.o" --specs=nano.specs -mfloat-abi=soft -mthumb -o "Drivers/STM32F1xx_HAL_Driver/Src/stm32f1xx_hal_pwr.o"
arm-none-eabi-gcc "../Drivers/STM32F1xx_HAL_Driver/Src/stm32f1xx_hal_rcc.c" -mcpu=cortex-m3 -std=gnu11 -g3 -DDEBUG -DUSE_HAL_DRIVER -DSTM32F103xB -c -I../Core/Inc -I../Drivers/STM32F1xx_HAL_Driver/Inc -I../Drivers/STM32F1xx_HAL_Driver/Inc/Legacy -I../Drivers/CMSIS/Device/ST/STM32F1xx/Include -I../Drivers/CMSIS/Include -I../Use -I../DCMotor -O0 -ffunction-sections -fdata-sections -Wall -fstack-usage -MMD -MP -MF"Drivers/STM32F1xx_HAL_Driver/Src/stm32f1xx_hal_rcc.d" -MT"Drivers/STM32F1xx_HAL_Driver/Src/stm32f1xx_hal_rcc.o" --specs=nano.specs -mfloat-abi=soft -mthumb -o "Drivers/STM32F1xx_HAL_Driver/Src/stm32f1xx_hal_rcc.o"
arm-none-eabi-gcc "../Drivers/STM32F1xx_HAL_Driver/Src/stm32f1xx_hal_rcc_ex.c" -mcpu=cortex-m3 -std=gnu11 -g3 -DDEBUG -DUSE_HAL_DRIVER -DSTM32F103xB -c -I../Core/Inc -I../Drivers/STM32F1xx_HAL_Driver/Inc -I../Drivers/STM32F1xx_HAL_Driver/Inc/Legacy -I../Drivers/CMSIS/Device/ST/STM32F1xx/Include -I../Drivers/CMSIS/Include -I../Use -I../DCMotor -O0 -ffunction-sections -fdata-sections -Wall -fstack-usage -MMD -MP -MF"Drivers/STM32F1xx_HAL_Driver/Src/stm32f1xx_hal_rcc_ex.d" -MT"Drivers/STM32F1xx_HAL_Driver/Src/stm32f1xx_hal_rcc_ex.o" --specs=nano.specs -mfloat-abi=soft -mthumb -o "Drivers/STM32F1xx_HAL_Driver/Src/stm32f1xx_hal_rcc_ex.o"
arm-none-eabi-gcc "../Drivers/STM32F1xx_HAL_Driver/Src/stm32f1xx_hal_tim.c" -mcpu=cortex-m3 -std=gnu11 -g3 -DDEBUG -DUSE_HAL_DRIVER -DSTM32F103xB -c -I../Core/Inc -I../Drivers/STM32F1xx_HAL_Driver/Inc -I../Drivers/STM32F1xx_HAL_Driver/Inc/Legacy -I../Drivers/CMSIS/Device/ST/STM32F1xx/Include -I../Drivers/CMSIS/Include -I../Use -I../DCMotor -O0 -ffunction-sections -fdata-sections -Wall -fstack-usage -MMD -MP -MF"Drivers/STM32F1xx_HAL_Driver/Src/stm32f1xx_hal_tim.d" -MT"Drivers/STM32F1xx_HAL_Driver/Src/stm32f1xx_hal_tim.o" --specs=nano.specs -mfloat-abi=soft -mthumb -o "Drivers/STM32F1xx_HAL_Driver/Src/stm32f1xx_hal_tim.o"
arm-none-eabi-gcc "../Drivers/STM32F1xx_HAL_Driver/Src/stm32f1xx_hal_tim_ex.c" -mcpu=cortex-m3 -std=gnu11 -g3 -DDEBUG -DUSE_HAL_DRIVER -DSTM32F103xB -c -I../Core/Inc -I../Drivers/STM32F1xx_HAL_Driver/Inc -I../Drivers/STM32F1xx_HAL_Driver/Inc/Legacy -I../Drivers/CMSIS/Device/ST/STM32F1xx/Include -I../Drivers/CMSIS/Include -I../Use -I../DCMotor -O0 -ffunction-sections -fdata-sections -Wall -fstack-usage -MMD -MP -MF"Drivers/STM32F1xx_HAL_Driver/Src/stm32f1xx_hal_tim_ex.d" -MT"Drivers/STM32F1xx_HAL_Driver/Src/stm32f1xx_hal_tim_ex.o" --specs=nano.specs -mfloat-abi=soft -mthumb -o "Drivers/STM32F1xx_HAL_Driver/Src/stm32f1xx_hal_tim_ex.o"
arm-none-eabi-g++ "../DCMotor/Config.cpp" -mcpu=cortex-m3 -std=gnu++14 -g3 -DDEBUG -DUSE_HAL_DRIVER -DSTM32F103xB -c -I../Core/Inc -I../Drivers/STM32F1xx_HAL_Driver/Inc -I../Drivers/STM32F1xx_HAL_Driver/Inc/Legacy -I../Drivers/CMSIS/Device/ST/STM32F1xx/Include -I../Drivers/CMSIS/Include -I../Use -I../DCMotor -O0 -ffunction-sections -fdata-sections -fno-exceptions -fno-rtti -fno-use-cxa-atexit -Wall -fstack-usage -MMD -MP -MF"DCMotor/Config.d" -MT"DCMotor/Config.o" --specs=nano.specs -mfloat-abi=soft -mthumb -o "DCMotor/Config.o"
arm-none-eabi-g++ "../DCMotor/DCMotor.cpp" -mcpu=cortex-m3 -std=gnu++14 -g3 -DDEBUG -DUSE_HAL_DRIVER -DSTM32F103xB -c -I../Core/Inc -I../Drivers/STM32F1xx_HAL_Driver/Inc -I../Drivers/STM32F1xx_HAL_Driver/Inc/Legacy -I../Drivers/CMSIS/Device/ST/STM32F1xx/Include -I../Drivers/CMSIS/Include -I../Use -I../DCMotor -O0 -ffunction-sections -fdata-sections -fno-exceptions -fno-rtti -fno-use-cxa-atexit -Wall -fstack-usage -MMD -MP -MF"DCMotor/DCMotor.d" -MT"DCMotor/DCMotor.o" --specs=nano.specs -mfloat-abi=soft -mthumb -o "DCMotor/DCMotor.o"
arm-none-eabi-g++ "../DCMotor/Drive.cpp" -mcpu=cortex-m3 -std=gnu++14 -g3 -DDEBUG -DUSE_HAL_DRIVER -DSTM32F103xB -c -I../Core/Inc -I../Drivers/STM32F1xx_HAL_Driver/Inc -I../Drivers/STM32F1xx_HAL_Driver/Inc/Legacy -I../Drivers/CMSIS/Device/ST/STM32F1xx/Include -I../Drivers/CMSIS/Include -I../Use -I../DCMotor -O0 -ffunction-sections -fdata-sections -fno-exceptions -fno-rtti -fno-use-cxa-atexit -Wall -fstack-usage -MMD -MP -MF"DCMotor/Drive.d" -MT"DCMotor/Drive.o" --specs=nano.specs -mfloat-abi=soft -mthumb -o "DCMotor/Drive.o"
arm-none-eabi-g++ "../DCMotor/Encoder.cpp" -mcpu=cortex-m3 -std=gnu++14 -g3 -DDEBUG -DUSE_HAL_DRIVER -DSTM32F103xB -c -I../Core/Inc -I../Drivers/STM32F1xx_HAL_Driver/Inc -I../Drivers/STM32F1xx_HAL_Driver/Inc/Legacy -I../Drivers/CMSIS/Device/ST/STM32F1xx/Include -I../Drivers/CMSIS/Include -I../Use -I../DCMotor -O0 -ffunction-sections -fdata-sections -fno-exceptions -fno-rtti -fno-use-cxa-atexit -Wall -fstack-usage -MMD -MP -MF"DCMotor/Encoder.d" -MT"DCMotor/Encoder.o" --specs=nano.specs -mfloat-abi=soft -mthumb -o "DCMotor/Encoder.o"
arm-none-eabi-g++ "../DCMotor/LSPB.cpp" -mcpu=cortex-m3 -std=gnu++14 -g3 -DDEBUG -DUSE_HAL_DRIVER -DSTM32F103xB -c -I../Core/Inc -I../Drivers/STM32F1xx_HAL_Driver/Inc -I../Drivers/STM32F1xx_HAL_Driver/Inc/Legacy -I../Drivers/CMSIS/Device/ST/STM32F1xx/Include -I../Drivers/CMSIS/Include -I../Use -I../DCMotor -O0 -ffunction-sections -fdata-sections -fno-exceptions -fno-rtti -fno-use-cxa-atexit -Wall -fstack-usage -MMD -MP -MF"DCMotor/LSPB.d" -MT"DCMotor/LSPB.o" --specs=nano.specs -mfloat-abi=soft -mthumb -o "DCMotor/LSPB.o"
arm-none-eabi-g++ "../DCMotor/PID.cpp" -mcpu=cortex-m3 -std=gnu++14 -g3 -DDEBUG -DUSE_HAL_DRIVER -DSTM32F103xB -c -I../Core/Inc -I../Drivers/STM32F1xx_HAL_Driver/Inc -I../Drivers/STM32F1xx_HAL_Driver/Inc/Legacy -I../Drivers/CMSIS/Device/ST/STM32F1xx/Include -I../Drivers/CMSIS/Include -I../Use -I../DCMotor -O0 -ffunction-sections -fdata-sections -fno-exceptions -fno-rtti -fno-use-cxa-atexit -Wall -fstack-usage -MMD -MP -MF"DCMotor/PID.d" -MT"DCMotor/PID.o" --specs=nano.specs -mfloat-abi=soft -mthumb -o "DCMotor/PID.o"
arm-none-eabi-gcc -mcpu=cortex-m3 -g3 -DDEBUG -c -x assembler-with-cpp -MMD -MP -MF"Core/Startup/startup_stm32f103c8tx.d" -MT"Core/Startup/startup_stm32f103c8tx.o" --specs=nano.specs -mfloat-abi=soft -mthumb -o "Core/Startup/startup_stm32f103c8tx.o" "../Core/Startup/startup_stm32f103c8tx.s"
arm-none-eabi-gcc "../Core/Src/main.c" -mcpu=cortex-m3 -std=gnu11 -g3 -DDEBUG -DUSE_HAL_DRIVER -DSTM32F103xB -c -I../Core/Inc -I../Drivers/STM32F1xx_HAL_Driver/Inc -I../Drivers/STM32F1xx_HAL_Driver/Inc/Legacy -I../Drivers/CMSIS/Device/ST/STM32F1xx/Include -I../Drivers/CMSIS/Include -I../Use -I../DCMotor -O0 -ffunction-sections -fdata-sections -Wall -fstack-usage -MMD -MP -MF"Core/Src/main.d" -MT"Core/Src/main.o" --specs=nano.specs -mfloat-abi=soft -mthumb -o "Core/Src/main.o"
arm-none-eabi-gcc "../Core/Src/stm32f1xx_hal_msp.c" -mcpu=cortex-m3 -std=gnu11 -g3 -DDEBUG -DUSE_HAL_DRIVER -DSTM32F103xB -c -I../Core/Inc -I../Drivers/STM32F1xx_HAL_Driver/Inc -I../Drivers/STM32F1xx_HAL_Driver/Inc/Legacy -I../Drivers/CMSIS/Device/ST/STM32F1xx/Include -I../Drivers/CMSIS/Include -I../Use -I../DCMotor -O0 -ffunction-sections -fdata-sections -Wall -fstack-usage -MMD -MP -MF"Core/Src/stm32f1xx_hal_msp.d" -MT"Core/Src/stm32f1xx_hal_msp.o" --specs=nano.specs -mfloat-abi=soft -mthumb -o "Core/Src/stm32f1xx_hal_msp.o"
arm-none-eabi-gcc "../Core/Src/stm32f1xx_hal_timebase_tim.c" -mcpu=cortex-m3 -std=gnu11 -g3 -DDEBUG -DUSE_HAL_DRIVER -DSTM32F103xB -c -I../Core/Inc -I../Drivers/STM32F1xx_HAL_Driver/Inc -I../Drivers/STM32F1xx_HAL_Driver/Inc/Legacy -I../Drivers/CMSIS/Device/ST/STM32F1xx/Include -I../Drivers/CMSIS/Include -I../Use -I../DCMotor -O0 -ffunction-sections -fdata-sections -Wall -fstack-usage -MMD -MP -MF"Core/Src/stm32f1xx_hal_timebase_tim.d" -MT"Core/Src/stm32f1xx_hal_timebase_tim.o" --specs=nano.specs -mfloat-abi=soft -mthumb -o "Core/Src/stm32f1xx_hal_timebase_tim.o"
arm-none-eabi-gcc "../Core/Src/stm32f1xx_it.c" -mcpu=cortex-m3 -std=gnu11 -g3 -DDEBUG -DUSE_HAL_DRIVER -DSTM32F103xB -c -I../Core/Inc -I../Drivers/STM32F1xx_HAL_Driver/Inc -I../Drivers/STM32F1xx_HAL_Driver/Inc/Legacy -I../Drivers/CMSIS/Device/ST/STM32F1xx/Include -I../Drivers/CMSIS/Include -I../Use -I../DCMotor -O0 -ffunction-sections -fdata-sections -Wall -fstack-usage -MMD -MP -MF"Core/Src/stm32f1xx_it.d" -MT"Core/Src/stm32f1xx_it.o" --specs=nano.specs -mfloat-abi=soft -mthumb -o "Core/Src/stm32f1xx_it.o"
arm-none-eabi-gcc "../Core/Src/syscalls.c" -mcpu=cortex-m3 -std=gnu11 -g3 -DDEBUG -DUSE_HAL_DRIVER -DSTM32F103xB -c -I../Core/Inc -I../Drivers/STM32F1xx_HAL_Driver/Inc -I../Drivers/STM32F1xx_HAL_Driver/Inc/Legacy -I../Drivers/CMSIS/Device/ST/STM32F1xx/Include -I../Drivers/CMSIS/Include -I../Use -I../DCMotor -O0 -ffunction-sections -fdata-sections -Wall -fstack-usage -MMD -MP -MF"Core/Src/syscalls.d" -MT"Core/Src/syscalls.o" --specs=nano.specs -mfloat-abi=soft -mthumb -o "Core/Src/syscalls.o"
arm-none-eabi-gcc "../Core/Src/sysmem.c" -mcpu=cortex-m3 -std=gnu11 -g3 -DDEBUG -DUSE_HAL_DRIVER -DSTM32F103xB -c -I../Core/Inc -I../Drivers/STM32F1xx_HAL_Driver/Inc -I../Drivers/STM32F1xx_HAL_Driver/Inc/Legacy -I../Drivers/CMSIS/Device/ST/STM32F1xx/Include -I../Drivers/CMSIS/Include -I../Use -I../DCMotor -O0 -ffunction-sections -fdata-sections -Wall -fstack-usage -MMD -MP -MF"Core/Src/sysmem.d" -MT"Core/Src/sysmem.o" --specs=nano.specs -mfloat-abi=soft -mthumb -o "Core/Src/sysmem.o"
arm-none-eabi-gcc "../Core/Src/system_stm32f1xx.c" -mcpu=cortex-m3 -std=gnu11 -g3 -DDEBUG -DUSE_HAL_DRIVER -DSTM32F103xB -c -I../Core/Inc -I../Drivers/STM32F1xx_HAL_Driver/Inc -I../Drivers/STM32F1xx_HAL_Driver/Inc/Legacy -I../Drivers/CMSIS/Device/ST/STM32F1xx/Include -I../Drivers/CMSIS/Include -I../Use -I../DCMotor -O0 -ffunction-sections -fdata-sections -Wall -fstack-usage -MMD -MP -MF"Core/Src/system_stm32f1xx.d" -MT"Core/Src/system_stm32f1xx.o" --specs=nano.specs -mfloat-abi=soft -mthumb -o "Core/Src/system_stm32f1xx.o"
arm-none-eabi-g++ -o "DCMotorLqr.elf" @"objects.list"   -mcpu=cortex-m3 -T"D:\MCU\STM32F103_Project\DCMotorLqr\STM32F103C8TX_FLASH.ld" --specs=nosys.specs -Wl,-Map="DCMotorLqr.map" -Wl,--gc-sections -static --specs=nano.specs -mfloat-abi=soft -mthumb -Wl,--start-group -lc -lm -lstdc++ -lsupc++ -Wl,--end-group
Finished building target: DCMotorLqr.elf
 
arm-none-eabi-size   DCMotorLqr.elf 
arm-none-eabi-objdump -h -S  DCMotorLqr.elf  > "DCMotorLqr.list"
   text	   data	    bss	    dec	    hex	filename
   5684	     24	   1876	   7584	   1da0	DCMotorLqr.elf
Finished building: default.size.stdout
 
Finished building: DCMotorLqr.list
 
22:47:12 **** Incremental Build of configuration Debug for project DCMotorLqr ****
make -j4 all 
arm-none-eabi-size   DCMotorLqr.elf 
   text	   data	    bss	    dec	    hex	filename
   5684	     24	   1876	   7584	   1da0	DCMotorLqr.elf
Finished building: default.size.stdout
 
22:47:33 **** Incremental Build of configuration Debug for project DCMotorLqr ****
make -j4 all 
arm-none-eabi-g++ "../DCMotor/DCMotor.cpp" -mcpu=cortex-m3 -std=gnu++14 -g3 -DDEBUG -DUSE_HAL_DRIVER -DSTM32F103xB -c -I../Core/Inc -I../Drivers/STM32F1xx_HAL_Driver/Inc -I../Drivers/STM32F1xx_HAL_Driver/Inc/Legacy -I../Drivers/CMSIS/Device/ST/STM32F1xx/Include -I../Drivers/CMSIS/Include -I../Use -I../DCMotor -O0 -ffunction-sections -fdata-sections -fno-exceptions -fno-rtti -fno-use-cxa-atexit -Wall -fstack-usage -MMD -MP -MF"DCMotor/DCMotor.d" -MT"DCMotor/DCMotor.o" --specs=nano.specs -mfloat-abi=soft -mthumb -o "DCMotor/DCMotor.o"
arm-none-eabi-g++ -o "DCMotorLqr.elf" @"objects.list"   -mcpu=cortex-m3 -T"D:\MCU\STM32F103_Project\DCMotorLqr\STM32F103C8TX_FLASH.ld" --specs=nosys.specs -Wl,-Map="DCMotorLqr.map" -Wl,--gc-sections -static --specs=nano.specs -mfloat-abi=soft -mthumb -Wl,--start-group -lc -lm -lstdc++ -lsupc++ -Wl,--end-group
Finished building target: DCMotorLqr.elf
 
arm-none-eabi-size   DCMotorLqr.elf 
arm-none-eabi-objdump -h -S  DCMotorLqr.elf  > "DCMotorLqr.list"
   text	   data	    bss	    dec	    hex	filename
   5684	     24	   1876	   7584	   1da0	DCMotorLqr.elf
Finished building: default.size.stdout
 
Finished building: DCMotorLqr.list
 
22:47:41 **** Incremental Build of configuration Debug for project DCMotorLqr ****
make -j4 all 
arm-none-eabi-size   DCMotorLqr.elf 
   text	   data	    bss	    dec	    hex	filename
   5684	     24	   1876	   7584	   1da0	DCMotorLqr.elf
Finished building: default.size.stdout
 
22:47:46 **** Incremental Build of configuration Debug for project DCMotorLqr ****
make -j4 all 
arm-none-eabi-size   DCMotorLqr.elf 
   text	   data	    bss	    dec	    hex	filename
   5684	     24	   1876	   7584	   1da0	DCMotorLqr.elf
Finished building: default.size.stdout
 
22:48:21 **** Incremental Build of configuration Debug for project DCMotorLqr ****
make -j4 all 
arm-none-eabi-size   DCMotorLqr.elf 
   text	   data	    bss	    dec	    hex	filename
   5684	     24	   1876	   7584	   1da0	DCMotorLqr.elf
Finished building: default.size.stdout
 
